
> frontend@0.1.0 test
> vitest dashboard/page.test.tsx --run


[1m[46m RUN [49m[22m [36mv4.1.3 [39m[90mC:/Users/tmccabe/OneDrive/Documents/Cub Scouts/volunteer-webapp/frontend[39m

node.exe : [90mstderr[2m | src/app/dashboard/page.test.tsx[2m > [22m[2mDashboardPage[2m > [22m[2mInitial Rendering[2m > [22m[2mshould render dashboard heading
At line:1 char:1
+ & "C:\Program Files\nodejs/node.exe" "C:\Users\tmccabe\AppData\Roamin ...
+ ~~~~~~~~~~~~~~~~~~~~~~~~~~~~~~~~~~~~~~~~~~~~~~~~~~~~~~~~~~~~~~~~~~~~~
    + CategoryInfo          : NotSpecified: ([90mstderr[2m...shboard heading    :String) [], RemoteException
    + FullyQualifiedErrorId : NativeCommandError
 
[22m[39mFailed to load profile: AxiosError: Request failed with status code 429
    at settle [90m(file:///C:/Users/tmccabe/OneDrive/Documents/Cub%20Scouts/volunteer-webapp/frontend/[39mnode_modules/[4maxios[24m/lib/core/settle.js:20:7[90m)[39m
    at XMLHttpRequest.onloadend [90m(file:///C:/Users/tmccabe/OneDrive/Documents/Cub%20Scouts/volunteer-webapp/frontend/[39mnode_modules/[4maxios[24m/lib/adapters/xhr.js:62:9[90m)[39m
    at XMLHttpRequest.invokeTheCallbackFunction [90m(C:\Users\tmccabe\OneDrive\Documents\Cub 
Scouts\volunteer-webapp\frontend\[39mnode_modules\[4mjsdom[24m\lib\generated\idl\EventHandlerNonNull.js:14:28[90m)[39m
    at XMLHttpRequest.<anonymous> [90m(C:\Users\tmccabe\OneDrive\Documents\Cub 
Scouts\volunteer-webapp\frontend\[39mnode_modules\[4mjsdom[24m\lib\jsdom\living\helpers\create-event-accessor.js:57:32[90m)[39m
    at innerInvokeEventListeners [90m(C:\Users\tmccabe\OneDrive\Documents\Cub 
Scouts\volunteer-webapp\frontend\[39mnode_modules\[4mjsdom[24m\lib\jsdom\living\events\EventTarget-impl.js:360:16[90m)[39m
    at invokeEventListeners [90m(C:\Users\tmccabe\OneDrive\Documents\Cub Scouts\volunteer-webapp\frontend\[39mnode_modules\[4mjsdom[24m\lib\jsdom\living\events\EventTarget-impl.js:296:3[90m)[39m
    at XMLHttpRequestImpl._dispatch [90m(C:\Users\tmccabe\OneDrive\Documents\Cub 
Scouts\volunteer-webapp\frontend\[39mnode_modules\[4mjsdom[24m\lib\jsdom\living\events\EventTarget-impl.js:243:9[90m)[39m
    at fireAnEvent [90m(C:\Users\tmccabe\OneDrive\Documents\Cub Scouts\volunteer-webapp\frontend\[39mnode_modules\[4mjsdom[24m\lib\jsdom\living\helpers\events.js:18:36[90m)[39m
    at [90mC:\Users\tmccabe\OneDrive\Documents\Cub Scouts\volunteer-webapp\frontend\[39mnode_modules\[4mjsdom[24m\lib\jsdom\living\xhr\XMLHttpRequest-impl.js:860:11
[90m    at processTicksAndRejections (node:internal/process/task_queues:105:5)[39m
    at Axios.request [90m(file:///C:/Users/tmccabe/OneDrive/Documents/Cub%20Scouts/volunteer-webapp/frontend/[39mnode_modules/[4maxios[24m/lib/core/Axios.js:46:41[90m)[39m
[90m    at processTicksAndRejections (node:internal/process/task_queues:105:5)[39m
    at VolunteersApiService.getMyProfile (C:/Users/tmccabe/OneDrive/Documents/Cub Scouts/volunteer-webapp/frontend/src/services/volunteers.service.ts:56:22)
    at loadProfile (C:/Users/tmccabe/OneDrive/Documents/Cub Scouts/volunteer-webapp/frontend/src/app/dashboard/page.tsx:73:20) {
  isAxiosError: [33mtrue[39m,
  code: [32m'ERR_BAD_REQUEST'[39m,
  config: {
    transitional: {
      silentJSONParsing: [33mtrue[39m,
      forcedJSONParsing: [33mtrue[39m,
      clarifyTimeoutError: [33mfalse[39m,
      legacyInterceptorReqResOrdering: [33mtrue[39m
    },
    adapter: [ [32m'xhr'[39m, [32m'http'[39m, [32m'fetch'[39m ],
    transformRequest: [ [36m[Function: transformRequest][39m ],
    transformResponse: [ [36m[Function: transformResponse][39m ],
    timeout: [33m0[39m,
    xsrfCookieName: [32m'XSRF-TOKEN'[39m,
    xsrfHeaderName: [32m'X-XSRF-TOKEN'[39m,
    maxContentLength: [33m-1[39m,
    maxBodyLength: [33m-1[39m,
    env: { FormData: [36m[Function][39m, Blob: [36m[class Blob][39m },
    validateStatus: [36m[Function: validateStatus][39m,
    headers: Object [AxiosHeaders] {
      Accept: [32m'application/json, text/plain, */*'[39m,
      [32m'Content-Type'[39m: [32m'application/json'[39m
    },
    baseURL: [32m'http://localhost:3001/api'[39m,
    withCredentials: [33mtrue[39m,
    method: [32m'get'[39m,
    url: [32m'/volunteers/me/profile'[39m,
    allowAbsoluteUrls: [33mtrue[39m,
    data: [90mundefined[39m
  },
  request: XMLHttpRequest {},
  response: {
    data: [32m'Too many requests from this IP, please try again later'[39m,
    status: [33m429[39m,
    statusText: [32m'Too Many Requests'[39m,
    headers: Object [AxiosHeaders] {
      [32m'content-type'[39m: [32m'text/html; charset=utf-8'[39m,
      [32m'content-length'[39m: [32m'54'[39m
    },
    config: {
      transitional: [36m[Object][39m,
      adapter: [36m[Array][39m,
      transformRequest: [36m[Array][39m,
      transformResponse: [36m[Array][39m,
      timeout: [33m0[39m,
      xsrfCookieName: [32m'XSRF-TOKEN'[39m,
      xsrfHeaderName: [32m'X-XSRF-TOKEN'[39m,
      maxContentLength: [33m-1[39m,
      maxBodyLength: [33m-1[39m,
      env: [36m[Object][39m,
      validateStatus: [36m[Function: validateStatus][39m,
      headers: [36m[Object [AxiosHeaders]][39m,
      baseURL: [32m'http://localhost:3001/api'[39m,
      withCredentials: [33mtrue[39m,
      method: [32m'get'[39m,
      url: [32m'/volunteers/me/profile'[39m,
      allowAbsoluteUrls: [33mtrue[39m,
      data: [90mundefined[39m
    },
    request: XMLHttpRequest {}
  },
  status: [33m429[39m
}

[90mstderr[2m | src/app/dashboard/page.test.tsx[2m > [22m[2mDashboardPage[2m > [22m[2mInitial Rendering[2m > [22m[2mshould display welcome message with user name
[22m[39mFailed to load profile: AxiosError: Request failed with status code 429
    at settle [90m(file:///C:/Users/tmccabe/OneDrive/Documents/Cub%20Scouts/volunteer-webapp/frontend/[39mnode_modules/[4maxios[24m/lib/core/settle.js:20:7[90m)[39m
    at XMLHttpRequest.onloadend [90m(file:///C:/Users/tmccabe/OneDrive/Documents/Cub%20Scouts/volunteer-webapp/frontend/[39mnode_modules/[4maxios[24m/lib/adapters/xhr.js:62:9[90m)[39m
    at XMLHttpRequest.invokeTheCallbackFunction [90m(C:\Users\tmccabe\OneDrive\Documents\Cub 
Scouts\volunteer-webapp\frontend\[39mnode_modules\[4mjsdom[24m\lib\generated\idl\EventHandlerNonNull.js:14:28[90m)[39m
    at XMLHttpRequest.<anonymous> [90m(C:\Users\tmccabe\OneDrive\Documents\Cub 
Scouts\volunteer-webapp\frontend\[39mnode_modules\[4mjsdom[24m\lib\jsdom\living\helpers\create-event-accessor.js:57:32[90m)[39m
    at innerInvokeEventListeners [90m(C:\Users\tmccabe\OneDrive\Documents\Cub 
Scouts\volunteer-webapp\frontend\[39mnode_modules\[4mjsdom[24m\lib\jsdom\living\events\EventTarget-impl.js:360:16[90m)[39m
    at invokeEventListeners [90m(C:\Users\tmccabe\OneDrive\Documents\Cub Scouts\volunteer-webapp\frontend\[39mnode_modules\[4mjsdom[24m\lib\jsdom\living\events\EventTarget-impl.js:296:3[90m)[39m
    at XMLHttpRequestImpl._dispatch [90m(C:\Users\tmccabe\OneDrive\Documents\Cub 
Scouts\volunteer-webapp\frontend\[39mnode_modules\[4mjsdom[24m\lib\jsdom\living\events\EventTarget-impl.js:243:9[90m)[39m
    at fireAnEvent [90m(C:\Users\tmccabe\OneDrive\Documents\Cub Scouts\volunteer-webapp\frontend\[39mnode_modules\[4mjsdom[24m\lib\jsdom\living\helpers\events.js:18:36[90m)[39m
    at [90mC:\Users\tmccabe\OneDrive\Documents\Cub Scouts\volunteer-webapp\frontend\[39mnode_modules\[4mjsdom[24m\lib\jsdom\living\xhr\XMLHttpRequest-impl.js:860:11
[90m    at processTicksAndRejections (node:internal/process/task_queues:105:5)[39m
    at Axios.request [90m(file:///C:/Users/tmccabe/OneDrive/Documents/Cub%20Scouts/volunteer-webapp/frontend/[39mnode_modules/[4maxios[24m/lib/core/Axios.js:46:41[90m)[39m
[90m    at processTicksAndRejections (node:internal/process/task_queues:105:5)[39m
    at VolunteersApiService.getMyProfile (C:/Users/tmccabe/OneDrive/Documents/Cub Scouts/volunteer-webapp/frontend/src/services/volunteers.service.ts:56:22)
    at loadProfile (C:/Users/tmccabe/OneDrive/Documents/Cub Scouts/volunteer-webapp/frontend/src/app/dashboard/page.tsx:73:20) {
  isAxiosError: [33mtrue[39m,
  code: [32m'ERR_BAD_REQUEST'[39m,
  config: {
    transitional: {
      silentJSONParsing: [33mtrue[39m,
      forcedJSONParsing: [33mtrue[39m,
      clarifyTimeoutError: [33mfalse[39m,
      legacyInterceptorReqResOrdering: [33mtrue[39m
    },
    adapter: [ [32m'xhr'[39m, [32m'http'[39m, [32m'fetch'[39m ],
    transformRequest: [ [36m[Function: transformRequest][39m ],
    transformResponse: [ [36m[Function: transformResponse][39m ],
    timeout: [33m0[39m,
    xsrfCookieName: [32m'XSRF-TOKEN'[39m,
    xsrfHeaderName: [32m'X-XSRF-TOKEN'[39m,
    maxContentLength: [33m-1[39m,
    maxBodyLength: [33m-1[39m,
    env: { FormData: [36m[Function][39m, Blob: [36m[class Blob][39m },
    validateStatus: [36m[Function: validateStatus][39m,
    headers: Object [AxiosHeaders] {
      Accept: [32m'application/json, text/plain, */*'[39m,
      [32m'Content-Type'[39m: [32m'application/json'[39m
    },
    baseURL: [32m'http://localhost:3001/api'[39m,
    withCredentials: [33mtrue[39m,
    method: [32m'get'[39m,
    url: [32m'/volunteers/me/profile'[39m,
    allowAbsoluteUrls: [33mtrue[39m,
    data: [90mundefined[39m
  },
  request: XMLHttpRequest {},
  response: {
    data: [32m'Too many requests from this IP, please try again later'[39m,
    status: [33m429[39m,
    statusText: [32m'Too Many Requests'[39m,
    headers: Object [AxiosHeaders] {
      [32m'content-type'[39m: [32m'text/html; charset=utf-8'[39m,
      [32m'content-length'[39m: [32m'54'[39m
    },
    config: {
      transitional: [36m[Object][39m,
      adapter: [36m[Array][39m,
      transformRequest: [36m[Array][39m,
      transformResponse: [36m[Array][39m,
      timeout: [33m0[39m,
      xsrfCookieName: [32m'XSRF-TOKEN'[39m,
      xsrfHeaderName: [32m'X-XSRF-TOKEN'[39m,
      maxContentLength: [33m-1[39m,
      maxBodyLength: [33m-1[39m,
      env: [36m[Object][39m,
      validateStatus: [36m[Function: validateStatus][39m,
      headers: [36m[Object [AxiosHeaders]][39m,
      baseURL: [32m'http://localhost:3001/api'[39m,
      withCredentials: [33mtrue[39m,
      method: [32m'get'[39m,
      url: [32m'/volunteers/me/profile'[39m,
      allowAbsoluteUrls: [33mtrue[39m,
      data: [90mundefined[39m
    },
    request: XMLHttpRequest {}
  },
  status: [33m429[39m
}

[90mstderr[2m | src/app/dashboard/page.test.tsx[2m > [22m[2mDashboardPage[2m > [22m[2mInitial Rendering[2m > [22m[2mshould render all three main cards
[22m[39mFailed to load profile: AxiosError: Request failed with status code 429
    at settle [90m(file:///C:/Users/tmccabe/OneDrive/Documents/Cub%20Scouts/volunteer-webapp/frontend/[39mnode_modules/[4maxios[24m/lib/core/settle.js:20:7[90m)[39m
    at XMLHttpRequest.onloadend [90m(file:///C:/Users/tmccabe/OneDrive/Documents/Cub%20Scouts/volunteer-webapp/frontend/[39mnode_modules/[4maxios[24m/lib/adapters/xhr.js:62:9[90m)[39m
    at XMLHttpRequest.invokeTheCallbackFunction [90m(C:\Users\tmccabe\OneDrive\Documents\Cub 
Scouts\volunteer-webapp\frontend\[39mnode_modules\[4mjsdom[24m\lib\generated\idl\EventHandlerNonNull.js:14:28[90m)[39m
    at XMLHttpRequest.<anonymous> [90m(C:\Users\tmccabe\OneDrive\Documents\Cub 
Scouts\volunteer-webapp\frontend\[39mnode_modules\[4mjsdom[24m\lib\jsdom\living\helpers\create-event-accessor.js:57:32[90m)[39m
    at innerInvokeEventListeners [90m(C:\Users\tmccabe\OneDrive\Documents\Cub 
Scouts\volunteer-webapp\frontend\[39mnode_modules\[4mjsdom[24m\lib\jsdom\living\events\EventTarget-impl.js:360:16[90m)[39m
    at invokeEventListeners [90m(C:\Users\tmccabe\OneDrive\Documents\Cub Scouts\volunteer-webapp\frontend\[39mnode_modules\[4mjsdom[24m\lib\jsdom\living\events\EventTarget-impl.js:296:3[90m)[39m
    at XMLHttpRequestImpl._dispatch [90m(C:\Users\tmccabe\OneDrive\Documents\Cub 
Scouts\volunteer-webapp\frontend\[39mnode_modules\[4mjsdom[24m\lib\jsdom\living\events\EventTarget-impl.js:243:9[90m)[39m
    at fireAnEvent [90m(C:\Users\tmccabe\OneDrive\Documents\Cub Scouts\volunteer-webapp\frontend\[39mnode_modules\[4mjsdom[24m\lib\jsdom\living\helpers\events.js:18:36[90m)[39m
    at [90mC:\Users\tmccabe\OneDrive\Documents\Cub Scouts\volunteer-webapp\frontend\[39mnode_modules\[4mjsdom[24m\lib\jsdom\living\xhr\XMLHttpRequest-impl.js:860:11
[90m    at processTicksAndRejections (node:internal/process/task_queues:105:5)[39m
    at Axios.request [90m(file:///C:/Users/tmccabe/OneDrive/Documents/Cub%20Scouts/volunteer-webapp/frontend/[39mnode_modules/[4maxios[24m/lib/core/Axios.js:46:41[90m)[39m
[90m    at processTicksAndRejections (node:internal/process/task_queues:105:5)[39m
    at VolunteersApiService.getMyProfile (C:/Users/tmccabe/OneDrive/Documents/Cub Scouts/volunteer-webapp/frontend/src/services/volunteers.service.ts:56:22)
    at loadProfile (C:/Users/tmccabe/OneDrive/Documents/Cub Scouts/volunteer-webapp/frontend/src/app/dashboard/page.tsx:73:20) {
  isAxiosError: [33mtrue[39m,
  code: [32m'ERR_BAD_REQUEST'[39m,
  config: {
    transitional: {
      silentJSONParsing: [33mtrue[39m,
      forcedJSONParsing: [33mtrue[39m,
      clarifyTimeoutError: [33mfalse[39m,
      legacyInterceptorReqResOrdering: [33mtrue[39m
    },
    adapter: [ [32m'xhr'[39m, [32m'http'[39m, [32m'fetch'[39m ],
    transformRequest: [ [36m[Function: transformRequest][39m ],
    transformResponse: [ [36m[Function: transformResponse][39m ],
    timeout: [33m0[39m,
    xsrfCookieName: [32m'XSRF-TOKEN'[39m,
    xsrfHeaderName: [32m'X-XSRF-TOKEN'[39m,
    maxContentLength: [33m-1[39m,
    maxBodyLength: [33m-1[39m,
    env: { FormData: [36m[Function][39m, Blob: [36m[class Blob][39m },
    validateStatus: [36m[Function: validateStatus][39m,
    headers: Object [AxiosHeaders] {
      Accept: [32m'application/json, text/plain, */*'[39m,
      [32m'Content-Type'[39m: [32m'application/json'[39m
    },
    baseURL: [32m'http://localhost:3001/api'[39m,
    withCredentials: [33mtrue[39m,
    method: [32m'get'[39m,
    url: [32m'/volunteers/me/profile'[39m,
    allowAbsoluteUrls: [33mtrue[39m,
    data: [90mundefined[39m
  },
  request: XMLHttpRequest {},
  response: {
    data: [32m'Too many requests from this IP, please try again later'[39m,
    status: [33m429[39m,
    statusText: [32m'Too Many Requests'[39m,
    headers: Object [AxiosHeaders] {
      [32m'content-type'[39m: [32m'text/html; charset=utf-8'[39m,
      [32m'content-length'[39m: [32m'54'[39m
    },
    config: {
      transitional: [36m[Object][39m,
      adapter: [36m[Array][39m,
      transformRequest: [36m[Array][39m,
      transformResponse: [36m[Array][39m,
      timeout: [33m0[39m,
      xsrfCookieName: [32m'XSRF-TOKEN'[39m,
      xsrfHeaderName: [32m'X-XSRF-TOKEN'[39m,
      maxContentLength: [33m-1[39m,
      maxBodyLength: [33m-1[39m,
      env: [36m[Object][39m,
      validateStatus: [36m[Function: validateStatus][39m,
      headers: [36m[Object [AxiosHeaders]][39m,
      baseURL: [32m'http://localhost:3001/api'[39m,
      withCredentials: [33mtrue[39m,
      method: [32m'get'[39m,
      url: [32m'/volunteers/me/profile'[39m,
      allowAbsoluteUrls: [33mtrue[39m,
      data: [90mundefined[39m
    },
    request: XMLHttpRequest {}
  },
  status: [33m429[39m
}

[90mstderr[2m | src/app/dashboard/page.test.tsx[2m > [22m[2mDashboardPage[2m > [22m[2mInitial Rendering[2m > [22m[2mshould render upcoming events section
[22m[39mFailed to load profile: AxiosError: Request failed with status code 429
    at settle [90m(file:///C:/Users/tmccabe/OneDrive/Documents/Cub%20Scouts/volunteer-webapp/frontend/[39mnode_modules/[4maxios[24m/lib/core/settle.js:20:7[90m)[39m
    at XMLHttpRequest.onloadend [90m(file:///C:/Users/tmccabe/OneDrive/Documents/Cub%20Scouts/volunteer-webapp/frontend/[39mnode_modules/[4maxios[24m/lib/adapters/xhr.js:62:9[90m)[39m
    at XMLHttpRequest.invokeTheCallbackFunction [90m(C:\Users\tmccabe\OneDrive\Documents\Cub 
Scouts\volunteer-webapp\frontend\[39mnode_modules\[4mjsdom[24m\lib\generated\idl\EventHandlerNonNull.js:14:28[90m)[39m
    at XMLHttpRequest.<anonymous> [90m(C:\Users\tmccabe\OneDrive\Documents\Cub 
Scouts\volunteer-webapp\frontend\[39mnode_modules\[4mjsdom[24m\lib\jsdom\living\helpers\create-event-accessor.js:57:32[90m)[39m
    at innerInvokeEventListeners [90m(C:\Users\tmccabe\OneDrive\Documents\Cub 
Scouts\volunteer-webapp\frontend\[39mnode_modules\[4mjsdom[24m\lib\jsdom\living\events\EventTarget-impl.js:360:16[90m)[39m
    at invokeEventListeners [90m(C:\Users\tmccabe\OneDrive\Documents\Cub Scouts\volunteer-webapp\frontend\[39mnode_modules\[4mjsdom[24m\lib\jsdom\living\events\EventTarget-impl.js:296:3[90m)[39m
    at XMLHttpRequestImpl._dispatch [90m(C:\Users\tmccabe\OneDrive\Documents\Cub 
Scouts\volunteer-webapp\frontend\[39mnode_modules\[4mjsdom[24m\lib\jsdom\living\events\EventTarget-impl.js:243:9[90m)[39m
    at fireAnEvent [90m(C:\Users\tmccabe\OneDrive\Documents\Cub Scouts\volunteer-webapp\frontend\[39mnode_modules\[4mjsdom[24m\lib\jsdom\living\helpers\events.js:18:36[90m)[39m
    at [90mC:\Users\tmccabe\OneDrive\Documents\Cub Scouts\volunteer-webapp\frontend\[39mnode_modules\[4mjsdom[24m\lib\jsdom\living\xhr\XMLHttpRequest-impl.js:860:11
[90m    at processTicksAndRejections (node:internal/process/task_queues:105:5)[39m
    at Axios.request [90m(file:///C:/Users/tmccabe/OneDrive/Documents/Cub%20Scouts/volunteer-webapp/frontend/[39mnode_modules/[4maxios[24m/lib/core/Axios.js:46:41[90m)[39m
[90m    at processTicksAndRejections (node:internal/process/task_queues:105:5)[39m
    at VolunteersApiService.getMyProfile (C:/Users/tmccabe/OneDrive/Documents/Cub Scouts/volunteer-webapp/frontend/src/services/volunteers.service.ts:56:22)
    at loadProfile (C:/Users/tmccabe/OneDrive/Documents/Cub Scouts/volunteer-webapp/frontend/src/app/dashboard/page.tsx:73:20) {
  isAxiosError: [33mtrue[39m,
  code: [32m'ERR_BAD_REQUEST'[39m,
  config: {
    transitional: {
      silentJSONParsing: [33mtrue[39m,
      forcedJSONParsing: [33mtrue[39m,
      clarifyTimeoutError: [33mfalse[39m,
      legacyInterceptorReqResOrdering: [33mtrue[39m
    },
    adapter: [ [32m'xhr'[39m, [32m'http'[39m, [32m'fetch'[39m ],
    transformRequest: [ [36m[Function: transformRequest][39m ],
    transformResponse: [ [36m[Function: transformResponse][39m ],
    timeout: [33m0[39m,
    xsrfCookieName: [32m'XSRF-TOKEN'[39m,
    xsrfHeaderName: [32m'X-XSRF-TOKEN'[39m,
    maxContentLength: [33m-1[39m,
    maxBodyLength: [33m-1[39m,
    env: { FormData: [36m[Function][39m, Blob: [36m[class Blob][39m },
    validateStatus: [36m[Function: validateStatus][39m,
    headers: Object [AxiosHeaders] {
      Accept: [32m'application/json, text/plain, */*'[39m,
      [32m'Content-Type'[39m: [32m'application/json'[39m
    },
    baseURL: [32m'http://localhost:3001/api'[39m,
    withCredentials: [33mtrue[39m,
    method: [32m'get'[39m,
    url: [32m'/volunteers/me/profile'[39m,
    allowAbsoluteUrls: [33mtrue[39m,
    data: [90mundefined[39m
  },
  request: XMLHttpRequest {},
  response: {
    data: [32m'Too many requests from this IP, please try again later'[39m,
    status: [33m429[39m,
    statusText: [32m'Too Many Requests'[39m,
    headers: Object [AxiosHeaders] {
      [32m'content-type'[39m: [32m'text/html; charset=utf-8'[39m,
      [32m'content-length'[39m: [32m'54'[39m
    },
    config: {
      transitional: [36m[Object][39m,
      adapter: [36m[Array][39m,
      transformRequest: [36m[Array][39m,
      transformResponse: [36m[Array][39m,
      timeout: [33m0[39m,
      xsrfCookieName: [32m'XSRF-TOKEN'[39m,
      xsrfHeaderName: [32m'X-XSRF-TOKEN'[39m,
      maxContentLength: [33m-1[39m,
      maxBodyLength: [33m-1[39m,
      env: [36m[Object][39m,
      validateStatus: [36m[Function: validateStatus][39m,
      headers: [36m[Object [AxiosHeaders]][39m,
      baseURL: [32m'http://localhost:3001/api'[39m,
      withCredentials: [33mtrue[39m,
      method: [32m'get'[39m,
      url: [32m'/volunteers/me/profile'[39m,
      allowAbsoluteUrls: [33mtrue[39m,
      data: [90mundefined[39m
    },
    request: XMLHttpRequest {}
  },
  status: [33m429[39m
}

[90mstderr[2m | src/app/dashboard/page.test.tsx[2m > [22m[2mDashboardPage[2m > [22m[2mInitial Rendering[2m > [22m[2mshould render my tasks section
[22m[39mFailed to load profile: AxiosError: Request failed with status code 429
    at settle [90m(file:///C:/Users/tmccabe/OneDrive/Documents/Cub%20Scouts/volunteer-webapp/frontend/[39mnode_modules/[4maxios[24m/lib/core/settle.js:20:7[90m)[39m
    at XMLHttpRequest.onloadend [90m(file:///C:/Users/tmccabe/OneDrive/Documents/Cub%20Scouts/volunteer-webapp/frontend/[39mnode_modules/[4maxios[24m/lib/adapters/xhr.js:62:9[90m)[39m
    at XMLHttpRequest.invokeTheCallbackFunction [90m(C:\Users\tmccabe\OneDrive\Documents\Cub 
Scouts\volunteer-webapp\frontend\[39mnode_modules\[4mjsdom[24m\lib\generated\idl\EventHandlerNonNull.js:14:28[90m)[39m
    at XMLHttpRequest.<anonymous> [90m(C:\Users\tmccabe\OneDrive\Documents\Cub 
Scouts\volunteer-webapp\frontend\[39mnode_modules\[4mjsdom[24m\lib\jsdom\living\helpers\create-event-accessor.js:57:32[90m)[39m
    at innerInvokeEventListeners [90m(C:\Users\tmccabe\OneDrive\Documents\Cub 
Scouts\volunteer-webapp\frontend\[39mnode_modules\[4mjsdom[24m\lib\jsdom\living\events\EventTarget-impl.js:360:16[90m)[39m
    at invokeEventListeners [90m(C:\Users\tmccabe\OneDrive\Documents\Cub Scouts\volunteer-webapp\frontend\[39mnode_modules\[4mjsdom[24m\lib\jsdom\living\events\EventTarget-impl.js:296:3[90m)[39m
    at XMLHttpRequestImpl._dispatch [90m(C:\Users\tmccabe\OneDrive\Documents\Cub 
Scouts\volunteer-webapp\frontend\[39mnode_modules\[4mjsdom[24m\lib\jsdom\living\events\EventTarget-impl.js:243:9[90m)[39m
    at fireAnEvent [90m(C:\Users\tmccabe\OneDrive\Documents\Cub Scouts\volunteer-webapp\frontend\[39mnode_modules\[4mjsdom[24m\lib\jsdom\living\helpers\events.js:18:36[90m)[39m
    at [90mC:\Users\tmccabe\OneDrive\Documents\Cub Scouts\volunteer-webapp\frontend\[39mnode_modules\[4mjsdom[24m\lib\jsdom\living\xhr\XMLHttpRequest-impl.js:860:11
[90m    at processTicksAndRejections (node:internal/process/task_queues:105:5)[39m
    at Axios.request [90m(file:///C:/Users/tmccabe/OneDrive/Documents/Cub%20Scouts/volunteer-webapp/frontend/[39mnode_modules/[4maxios[24m/lib/core/Axios.js:46:41[90m)[39m
[90m    at processTicksAndRejections (node:internal/process/task_queues:105:5)[39m
    at VolunteersApiService.getMyProfile (C:/Users/tmccabe/OneDrive/Documents/Cub Scouts/volunteer-webapp/frontend/src/services/volunteers.service.ts:56:22)
    at loadProfile (C:/Users/tmccabe/OneDrive/Documents/Cub Scouts/volunteer-webapp/frontend/src/app/dashboard/page.tsx:73:20) {
  isAxiosError: [33mtrue[39m,
  code: [32m'ERR_BAD_REQUEST'[39m,
  config: {
    transitional: {
      silentJSONParsing: [33mtrue[39m,
      forcedJSONParsing: [33mtrue[39m,
      clarifyTimeoutError: [33mfalse[39m,
      legacyInterceptorReqResOrdering: [33mtrue[39m
    },
    adapter: [ [32m'xhr'[39m, [32m'http'[39m, [32m'fetch'[39m ],
    transformRequest: [ [36m[Function: transformRequest][39m ],
    transformResponse: [ [36m[Function: transformResponse][39m ],
    timeout: [33m0[39m,
    xsrfCookieName: [32m'XSRF-TOKEN'[39m,
    xsrfHeaderName: [32m'X-XSRF-TOKEN'[39m,
    maxContentLength: [33m-1[39m,
    maxBodyLength: [33m-1[39m,
    env: { FormData: [36m[Function][39m, Blob: [36m[class Blob][39m },
    validateStatus: [36m[Function: validateStatus][39m,
    headers: Object [AxiosHeaders] {
      Accept: [32m'application/json, text/plain, */*'[39m,
      [32m'Content-Type'[39m: [32m'application/json'[39m
    },
    baseURL: [32m'http://localhost:3001/api'[39m,
    withCredentials: [33mtrue[39m,
    method: [32m'get'[39m,
    url: [32m'/volunteers/me/profile'[39m,
    allowAbsoluteUrls: [33mtrue[39m,
    data: [90mundefined[39m
  },
  request: XMLHttpRequest {},
  response: {
    data: [32m'Too many requests from this IP, please try again later'[39m,
    status: [33m429[39m,
    statusText: [32m'Too Many Requests'[39m,
    headers: Object [AxiosHeaders] {
      [32m'content-type'[39m: [32m'text/html; charset=utf-8'[39m,
      [32m'content-length'[39m: [32m'54'[39m
    },
    config: {
      transitional: [36m[Object][39m,
      adapter: [36m[Array][39m,
      transformRequest: [36m[Array][39m,
      transformResponse: [36m[Array][39m,
      timeout: [33m0[39m,
      xsrfCookieName: [32m'XSRF-TOKEN'[39m,
      xsrfHeaderName: [32m'X-XSRF-TOKEN'[39m,
      maxContentLength: [33m-1[39m,
      maxBodyLength: [33m-1[39m,
      env: [36m[Object][39m,
      validateStatus: [36m[Function: validateStatus][39m,
      headers: [36m[Object [AxiosHeaders]][39m,
      baseURL: [32m'http://localhost:3001/api'[39m,
      withCredentials: [33mtrue[39m,
      method: [32m'get'[39m,
      url: [32m'/volunteers/me/profile'[39m,
      allowAbsoluteUrls: [33mtrue[39m,
      data: [90mundefined[39m
    },
    request: XMLHttpRequest {}
  },
  status: [33m429[39m
}

[90mstderr[2m | src/app/dashboard/page.test.tsx[2m > [22m[2mDashboardPage[2m > [22m[2mUser Profile Card[2m > [22m[2mshould display user name
[22m[39mFailed to load profile: AxiosError: Request failed with status code 429
    at settle [90m(file:///C:/Users/tmccabe/OneDrive/Documents/Cub%20Scouts/volunteer-webapp/frontend/[39mnode_modules/[4maxios[24m/lib/core/settle.js:20:7[90m)[39m
    at XMLHttpRequest.onloadend [90m(file:///C:/Users/tmccabe/OneDrive/Documents/Cub%20Scouts/volunteer-webapp/frontend/[39mnode_modules/[4maxios[24m/lib/adapters/xhr.js:62:9[90m)[39m
    at XMLHttpRequest.invokeTheCallbackFunction [90m(C:\Users\tmccabe\OneDrive\Documents\Cub 
Scouts\volunteer-webapp\frontend\[39mnode_modules\[4mjsdom[24m\lib\generated\idl\EventHandlerNonNull.js:14:28[90m)[39m
    at XMLHttpRequest.<anonymous> [90m(C:\Users\tmccabe\OneDrive\Documents\Cub 
Scouts\volunteer-webapp\frontend\[39mnode_modules\[4mjsdom[24m\lib\jsdom\living\helpers\create-event-accessor.js:57:32[90m)[39m
    at innerInvokeEventListeners [90m(C:\Users\tmccabe\OneDrive\Documents\Cub 
Scouts\volunteer-webapp\frontend\[39mnode_modules\[4mjsdom[24m\lib\jsdom\living\events\EventTarget-impl.js:360:16[90m)[39m
    at invokeEventListeners [90m(C:\Users\tmccabe\OneDrive\Documents\Cub Scouts\volunteer-webapp\frontend\[39mnode_modules\[4mjsdom[24m\lib\jsdom\living\events\EventTarget-impl.js:296:3[90m)[39m
    at XMLHttpRequestImpl._dispatch [90m(C:\Users\tmccabe\OneDrive\Documents\Cub 
Scouts\volunteer-webapp\frontend\[39mnode_modules\[4mjsdom[24m\lib\jsdom\living\events\EventTarget-impl.js:243:9[90m)[39m
    at fireAnEvent [90m(C:\Users\tmccabe\OneDrive\Documents\Cub Scouts\volunteer-webapp\frontend\[39mnode_modules\[4mjsdom[24m\lib\jsdom\living\helpers\events.js:18:36[90m)[39m
    at [90mC:\Users\tmccabe\OneDrive\Documents\Cub Scouts\volunteer-webapp\frontend\[39mnode_modules\[4mjsdom[24m\lib\jsdom\living\xhr\XMLHttpRequest-impl.js:860:11
[90m    at processTicksAndRejections (node:internal/process/task_queues:105:5)[39m
    at Axios.request [90m(file:///C:/Users/tmccabe/OneDrive/Documents/Cub%20Scouts/volunteer-webapp/frontend/[39mnode_modules/[4maxios[24m/lib/core/Axios.js:46:41[90m)[39m
[90m    at processTicksAndRejections (node:internal/process/task_queues:105:5)[39m
    at VolunteersApiService.getMyProfile (C:/Users/tmccabe/OneDrive/Documents/Cub Scouts/volunteer-webapp/frontend/src/services/volunteers.service.ts:56:22)
    at loadProfile (C:/Users/tmccabe/OneDrive/Documents/Cub Scouts/volunteer-webapp/frontend/src/app/dashboard/page.tsx:73:20) {
  isAxiosError: [33mtrue[39m,
  code: [32m'ERR_BAD_REQUEST'[39m,
  config: {
    transitional: {
      silentJSONParsing: [33mtrue[39m,
      forcedJSONParsing: [33mtrue[39m,
      clarifyTimeoutError: [33mfalse[39m,
      legacyInterceptorReqResOrdering: [33mtrue[39m
    },
    adapter: [ [32m'xhr'[39m, [32m'http'[39m, [32m'fetch'[39m ],
    transformRequest: [ [36m[Function: transformRequest][39m ],
    transformResponse: [ [36m[Function: transformResponse][39m ],
    timeout: [33m0[39m,
    xsrfCookieName: [32m'XSRF-TOKEN'[39m,
    xsrfHeaderName: [32m'X-XSRF-TOKEN'[39m,
    maxContentLength: [33m-1[39m,
    maxBodyLength: [33m-1[39m,
    env: { FormData: [36m[Function][39m, Blob: [36m[class Blob][39m },
    validateStatus: [36m[Function: validateStatus][39m,
    headers: Object [AxiosHeaders] {
      Accept: [32m'application/json, text/plain, */*'[39m,
      [32m'Content-Type'[39m: [32m'application/json'[39m
    },
    baseURL: [32m'http://localhost:3001/api'[39m,
    withCredentials: [33mtrue[39m,
    method: [32m'get'[39m,
    url: [32m'/volunteers/me/profile'[39m,
    allowAbsoluteUrls: [33mtrue[39m,
    data: [90mundefined[39m
  },
  request: XMLHttpRequest {},
  response: {
    data: [32m'Too many requests from this IP, please try again later'[39m,
    status: [33m429[39m,
    statusText: [32m'Too Many Requests'[39m,
    headers: Object [AxiosHeaders] {
      [32m'content-type'[39m: [32m'text/html; charset=utf-8'[39m,
      [32m'content-length'[39m: [32m'54'[39m
    },
    config: {
      transitional: [36m[Object][39m,
      adapter: [36m[Array][39m,
      transformRequest: [36m[Array][39m,
      transformResponse: [36m[Array][39m,
      timeout: [33m0[39m,
      xsrfCookieName: [32m'XSRF-TOKEN'[39m,
      xsrfHeaderName: [32m'X-XSRF-TOKEN'[39m,
      maxContentLength: [33m-1[39m,
      maxBodyLength: [33m-1[39m,
      env: [36m[Object][39m,
      validateStatus: [36m[Function: validateStatus][39m,
      headers: [36m[Object [AxiosHeaders]][39m,
      baseURL: [32m'http://localhost:3001/api'[39m,
      withCredentials: [33mtrue[39m,
      method: [32m'get'[39m,
      url: [32m'/volunteers/me/profile'[39m,
      allowAbsoluteUrls: [33mtrue[39m,
      data: [90mundefined[39m
    },
    request: XMLHttpRequest {}
  },
  status: [33m429[39m
}

[90mstderr[2m | src/app/dashboard/page.test.tsx[2m > [22m[2mDashboardPage[2m > [22m[2mUser Profile Card[2m > [22m[2mshould display user email
[22m[39mFailed to load profile: AxiosError: Request failed with status code 429
    at settle [90m(file:///C:/Users/tmccabe/OneDrive/Documents/Cub%20Scouts/volunteer-webapp/frontend/[39mnode_modules/[4maxios[24m/lib/core/settle.js:20:7[90m)[39m
    at XMLHttpRequest.onloadend [90m(file:///C:/Users/tmccabe/OneDrive/Documents/Cub%20Scouts/volunteer-webapp/frontend/[39mnode_modules/[4maxios[24m/lib/adapters/xhr.js:62:9[90m)[39m
    at XMLHttpRequest.invokeTheCallbackFunction [90m(C:\Users\tmccabe\OneDrive\Documents\Cub 
Scouts\volunteer-webapp\frontend\[39mnode_modules\[4mjsdom[24m\lib\generated\idl\EventHandlerNonNull.js:14:28[90m)[39m
    at XMLHttpRequest.<anonymous> [90m(C:\Users\tmccabe\OneDrive\Documents\Cub 
Scouts\volunteer-webapp\frontend\[39mnode_modules\[4mjsdom[24m\lib\jsdom\living\helpers\create-event-accessor.js:57:32[90m)[39m
    at innerInvokeEventListeners [90m(C:\Users\tmccabe\OneDrive\Documents\Cub 
Scouts\volunteer-webapp\frontend\[39mnode_modules\[4mjsdom[24m\lib\jsdom\living\events\EventTarget-impl.js:360:16[90m)[39m
    at invokeEventListeners [90m(C:\Users\tmccabe\OneDrive\Documents\Cub Scouts\volunteer-webapp\frontend\[39mnode_modules\[4mjsdom[24m\lib\jsdom\living\events\EventTarget-impl.js:296:3[90m)[39m
    at XMLHttpRequestImpl._dispatch [90m(C:\Users\tmccabe\OneDrive\Documents\Cub 
Scouts\volunteer-webapp\frontend\[39mnode_modules\[4mjsdom[24m\lib\jsdom\living\events\EventTarget-impl.js:243:9[90m)[39m
    at fireAnEvent [90m(C:\Users\tmccabe\OneDrive\Documents\Cub Scouts\volunteer-webapp\frontend\[39mnode_modules\[4mjsdom[24m\lib\jsdom\living\helpers\events.js:18:36[90m)[39m
    at [90mC:\Users\tmccabe\OneDrive\Documents\Cub Scouts\volunteer-webapp\frontend\[39mnode_modules\[4mjsdom[24m\lib\jsdom\living\xhr\XMLHttpRequest-impl.js:860:11
[90m    at processTicksAndRejections (node:internal/process/task_queues:105:5)[39m
    at Axios.request [90m(file:///C:/Users/tmccabe/OneDrive/Documents/Cub%20Scouts/volunteer-webapp/frontend/[39mnode_modules/[4maxios[24m/lib/core/Axios.js:46:41[90m)[39m
[90m    at processTicksAndRejections (node:internal/process/task_queues:105:5)[39m
    at VolunteersApiService.getMyProfile (C:/Users/tmccabe/OneDrive/Documents/Cub Scouts/volunteer-webapp/frontend/src/services/volunteers.service.ts:56:22)
    at loadProfile (C:/Users/tmccabe/OneDrive/Documents/Cub Scouts/volunteer-webapp/frontend/src/app/dashboard/page.tsx:73:20) {
  isAxiosError: [33mtrue[39m,
  code: [32m'ERR_BAD_REQUEST'[39m,
  config: {
    transitional: {
      silentJSONParsing: [33mtrue[39m,
      forcedJSONParsing: [33mtrue[39m,
      clarifyTimeoutError: [33mfalse[39m,
      legacyInterceptorReqResOrdering: [33mtrue[39m
    },
    adapter: [ [32m'xhr'[39m, [32m'http'[39m, [32m'fetch'[39m ],
    transformRequest: [ [36m[Function: transformRequest][39m ],
    transformResponse: [ [36m[Function: transformResponse][39m ],
    timeout: [33m0[39m,
    xsrfCookieName: [32m'XSRF-TOKEN'[39m,
    xsrfHeaderName: [32m'X-XSRF-TOKEN'[39m,
    maxContentLength: [33m-1[39m,
    maxBodyLength: [33m-1[39m,
    env: { FormData: [36m[Function][39m, Blob: [36m[class Blob][39m },
    validateStatus: [36m[Function: validateStatus][39m,
    headers: Object [AxiosHeaders] {
      Accept: [32m'application/json, text/plain, */*'[39m,
      [32m'Content-Type'[39m: [32m'application/json'[39m
    },
    baseURL: [32m'http://localhost:3001/api'[39m,
    withCredentials: [33mtrue[39m,
    method: [32m'get'[39m,
    url: [32m'/volunteers/me/profile'[39m,
    allowAbsoluteUrls: [33mtrue[39m,
    data: [90mundefined[39m
  },
  request: XMLHttpRequest {},
  response: {
    data: [32m'Too many requests from this IP, please try again later'[39m,
    status: [33m429[39m,
    statusText: [32m'Too Many Requests'[39m,
    headers: Object [AxiosHeaders] {
      [32m'content-type'[39m: [32m'text/html; charset=utf-8'[39m,
      [32m'content-length'[39m: [32m'54'[39m
    },
    config: {
      transitional: [36m[Object][39m,
      adapter: [36m[Array][39m,
      transformRequest: [36m[Array][39m,
      transformResponse: [36m[Array][39m,
      timeout: [33m0[39m,
      xsrfCookieName: [32m'XSRF-TOKEN'[39m,
      xsrfHeaderName: [32m'X-XSRF-TOKEN'[39m,
      maxContentLength: [33m-1[39m,
      maxBodyLength: [33m-1[39m,
      env: [36m[Object][39m,
      validateStatus: [36m[Function: validateStatus][39m,
      headers: [36m[Object [AxiosHeaders]][39m,
      baseURL: [32m'http://localhost:3001/api'[39m,
      withCredentials: [33mtrue[39m,
      method: [32m'get'[39m,
      url: [32m'/volunteers/me/profile'[39m,
      allowAbsoluteUrls: [33mtrue[39m,
      data: [90mundefined[39m
    },
    request: XMLHttpRequest {}
  },
  status: [33m429[39m
}

[90mstderr[2m | src/app/dashboard/page.test.tsx[2m > [22m[2mDashboardPage[2m > [22m[2mUser Profile Card[2m > [22m[2mshould display user phone when available
[22m[39mFailed to load profile: AxiosError: Request failed with status code 429
    at settle [90m(file:///C:/Users/tmccabe/OneDrive/Documents/Cub%20Scouts/volunteer-webapp/frontend/[39mnode_modules/[4maxios[24m/lib/core/settle.js:20:7[90m)[39m
    at XMLHttpRequest.onloadend [90m(file:///C:/Users/tmccabe/OneDrive/Documents/Cub%20Scouts/volunteer-webapp/frontend/[39mnode_modules/[4maxios[24m/lib/adapters/xhr.js:62:9[90m)[39m
    at XMLHttpRequest.invokeTheCallbackFunction [90m(C:\Users\tmccabe\OneDrive\Documents\Cub 
Scouts\volunteer-webapp\frontend\[39mnode_modules\[4mjsdom[24m\lib\generated\idl\EventHandlerNonNull.js:14:28[90m)[39m
    at XMLHttpRequest.<anonymous> [90m(C:\Users\tmccabe\OneDrive\Documents\Cub 
Scouts\volunteer-webapp\frontend\[39mnode_modules\[4mjsdom[24m\lib\jsdom\living\helpers\create-event-accessor.js:57:32[90m)[39m
    at innerInvokeEventListeners [90m(C:\Users\tmccabe\OneDrive\Documents\Cub 
Scouts\volunteer-webapp\frontend\[39mnode_modules\[4mjsdom[24m\lib\jsdom\living\events\EventTarget-impl.js:360:16[90m)[39m
    at invokeEventListeners [90m(C:\Users\tmccabe\OneDrive\Documents\Cub Scouts\volunteer-webapp\frontend\[39mnode_modules\[4mjsdom[24m\lib\jsdom\living\events\EventTarget-impl.js:296:3[90m)[39m
    at XMLHttpRequestImpl._dispatch [90m(C:\Users\tmccabe\OneDrive\Documents\Cub 
Scouts\volunteer-webapp\frontend\[39mnode_modules\[4mjsdom[24m\lib\jsdom\living\events\EventTarget-impl.js:243:9[90m)[39m
    at fireAnEvent [90m(C:\Users\tmccabe\OneDrive\Documents\Cub Scouts\volunteer-webapp\frontend\[39mnode_modules\[4mjsdom[24m\lib\jsdom\living\helpers\events.js:18:36[90m)[39m
    at [90mC:\Users\tmccabe\OneDrive\Documents\Cub Scouts\volunteer-webapp\frontend\[39mnode_modules\[4mjsdom[24m\lib\jsdom\living\xhr\XMLHttpRequest-impl.js:860:11
[90m    at processTicksAndRejections (node:internal/process/task_queues:105:5)[39m
    at Axios.request [90m(file:///C:/Users/tmccabe/OneDrive/Documents/Cub%20Scouts/volunteer-webapp/frontend/[39mnode_modules/[4maxios[24m/lib/core/Axios.js:46:41[90m)[39m
[90m    at processTicksAndRejections (node:internal/process/task_queues:105:5)[39m
    at VolunteersApiService.getMyProfile (C:/Users/tmccabe/OneDrive/Documents/Cub Scouts/volunteer-webapp/frontend/src/services/volunteers.service.ts:56:22)
    at loadProfile (C:/Users/tmccabe/OneDrive/Documents/Cub Scouts/volunteer-webapp/frontend/src/app/dashboard/page.tsx:73:20) {
  isAxiosError: [33mtrue[39m,
  code: [32m'ERR_BAD_REQUEST'[39m,
  config: {
    transitional: {
      silentJSONParsing: [33mtrue[39m,
      forcedJSONParsing: [33mtrue[39m,
      clarifyTimeoutError: [33mfalse[39m,
      legacyInterceptorReqResOrdering: [33mtrue[39m
    },
    adapter: [ [32m'xhr'[39m, [32m'http'[39m, [32m'fetch'[39m ],
    transformRequest: [ [36m[Function: transformRequest][39m ],
    transformResponse: [ [36m[Function: transformResponse][39m ],
    timeout: [33m0[39m,
    xsrfCookieName: [32m'XSRF-TOKEN'[39m,
    xsrfHeaderName: [32m'X-XSRF-TOKEN'[39m,
    maxContentLength: [33m-1[39m,
    maxBodyLength: [33m-1[39m,
    env: { FormData: [36m[Function][39m, Blob: [36m[class Blob][39m },
    validateStatus: [36m[Function: validateStatus][39m,
    headers: Object [AxiosHeaders] {
      Accept: [32m'application/json, text/plain, */*'[39m,
      [32m'Content-Type'[39m: [32m'application/json'[39m
    },
    baseURL: [32m'http://localhost:3001/api'[39m,
    withCredentials: [33mtrue[39m,
    method: [32m'get'[39m,
    url: [32m'/volunteers/me/profile'[39m,
    allowAbsoluteUrls: [33mtrue[39m,
    data: [90mundefined[39m
  },
  request: XMLHttpRequest {},
  response: {
    data: [32m'Too many requests from this IP, please try again later'[39m,
    status: [33m429[39m,
    statusText: [32m'Too Many Requests'[39m,
    headers: Object [AxiosHeaders] {
      [32m'content-type'[39m: [32m'text/html; charset=utf-8'[39m,
      [32m'content-length'[39m: [32m'54'[39m
    },
    config: {
      transitional: [36m[Object][39m,
      adapter: [36m[Array][39m,
      transformRequest: [36m[Array][39m,
      transformResponse: [36m[Array][39m,
      timeout: [33m0[39m,
      xsrfCookieName: [32m'XSRF-TOKEN'[39m,
      xsrfHeaderName: [32m'X-XSRF-TOKEN'[39m,
      maxContentLength: [33m-1[39m,
      maxBodyLength: [33m-1[39m,
      env: [36m[Object][39m,
      validateStatus: [36m[Function: validateStatus][39m,
      headers: [36m[Object [AxiosHeaders]][39m,
      baseURL: [32m'http://localhost:3001/api'[39m,
      withCredentials: [33mtrue[39m,
      method: [32m'get'[39m,
      url: [32m'/volunteers/me/profile'[39m,
      allowAbsoluteUrls: [33mtrue[39m,
      data: [90mundefined[39m
    },
    request: XMLHttpRequest {}
  },
  status: [33m429[39m
}

[90mstderr[2m | src/app/dashboard/page.test.tsx[2m > [22m[2mDashboardPage[2m > [22m[2mUser Profile Card[2m > [22m[2mshould display user auth tier
[22m[39mFailed to load profile: AxiosError: Request failed with status code 429
    at settle [90m(file:///C:/Users/tmccabe/OneDrive/Documents/Cub%20Scouts/volunteer-webapp/frontend/[39mnode_modules/[4maxios[24m/lib/core/settle.js:20:7[90m)[39m
    at XMLHttpRequest.onloadend [90m(file:///C:/Users/tmccabe/OneDrive/Documents/Cub%20Scouts/volunteer-webapp/frontend/[39mnode_modules/[4maxios[24m/lib/adapters/xhr.js:62:9[90m)[39m
    at XMLHttpRequest.invokeTheCallbackFunction [90m(C:\Users\tmccabe\OneDrive\Documents\Cub 
Scouts\volunteer-webapp\frontend\[39mnode_modules\[4mjsdom[24m\lib\generated\idl\EventHandlerNonNull.js:14:28[90m)[39m
    at XMLHttpRequest.<anonymous> [90m(C:\Users\tmccabe\OneDrive\Documents\Cub 
Scouts\volunteer-webapp\frontend\[39mnode_modules\[4mjsdom[24m\lib\jsdom\living\helpers\create-event-accessor.js:57:32[90m)[39m
    at innerInvokeEventListeners [90m(C:\Users\tmccabe\OneDrive\Documents\Cub 
Scouts\volunteer-webapp\frontend\[39mnode_modules\[4mjsdom[24m\lib\jsdom\living\events\EventTarget-impl.js:360:16[90m)[39m
    at invokeEventListeners [90m(C:\Users\tmccabe\OneDrive\Documents\Cub Scouts\volunteer-webapp\frontend\[39mnode_modules\[4mjsdom[24m\lib\jsdom\living\events\EventTarget-impl.js:296:3[90m)[39m
    at XMLHttpRequestImpl._dispatch [90m(C:\Users\tmccabe\OneDrive\Documents\Cub 
Scouts\volunteer-webapp\frontend\[39mnode_modules\[4mjsdom[24m\lib\jsdom\living\events\EventTarget-impl.js:243:9[90m)[39m
    at fireAnEvent [90m(C:\Users\tmccabe\OneDrive\Documents\Cub Scouts\volunteer-webapp\frontend\[39mnode_modules\[4mjsdom[24m\lib\jsdom\living\helpers\events.js:18:36[90m)[39m
    at [90mC:\Users\tmccabe\OneDrive\Documents\Cub Scouts\volunteer-webapp\frontend\[39mnode_modules\[4mjsdom[24m\lib\jsdom\living\xhr\XMLHttpRequest-impl.js:860:11
[90m    at processTicksAndRejections (node:internal/process/task_queues:105:5)[39m
    at Axios.request [90m(file:///C:/Users/tmccabe/OneDrive/Documents/Cub%20Scouts/volunteer-webapp/frontend/[39mnode_modules/[4maxios[24m/lib/core/Axios.js:46:41[90m)[39m
[90m    at processTicksAndRejections (node:internal/process/task_queues:105:5)[39m
    at VolunteersApiService.getMyProfile (C:/Users/tmccabe/OneDrive/Documents/Cub Scouts/volunteer-webapp/frontend/src/services/volunteers.service.ts:56:22)
    at loadProfile (C:/Users/tmccabe/OneDrive/Documents/Cub Scouts/volunteer-webapp/frontend/src/app/dashboard/page.tsx:73:20) {
  isAxiosError: [33mtrue[39m,
  code: [32m'ERR_BAD_REQUEST'[39m,
  config: {
    transitional: {
      silentJSONParsing: [33mtrue[39m,
      forcedJSONParsing: [33mtrue[39m,
      clarifyTimeoutError: [33mfalse[39m,
      legacyInterceptorReqResOrdering: [33mtrue[39m
    },
    adapter: [ [32m'xhr'[39m, [32m'http'[39m, [32m'fetch'[39m ],
    transformRequest: [ [36m[Function: transformRequest][39m ],
    transformResponse: [ [36m[Function: transformResponse][39m ],
    timeout: [33m0[39m,
    xsrfCookieName: [32m'XSRF-TOKEN'[39m,
    xsrfHeaderName: [32m'X-XSRF-TOKEN'[39m,
    maxContentLength: [33m-1[39m,
    maxBodyLength: [33m-1[39m,
    env: { FormData: [36m[Function][39m, Blob: [36m[class Blob][39m },
    validateStatus: [36m[Function: validateStatus][39m,
    headers: Object [AxiosHeaders] {
      Accept: [32m'application/json, text/plain, */*'[39m,
      [32m'Content-Type'[39m: [32m'application/json'[39m
    },
    baseURL: [32m'http://localhost:3001/api'[39m,
    withCredentials: [33mtrue[39m,
    method: [32m'get'[39m,
    url: [32m'/volunteers/me/profile'[39m,
    allowAbsoluteUrls: [33mtrue[39m,
    data: [90mundefined[39m
  },
  request: XMLHttpRequest {},
  response: {
    data: [32m'Too many requests from this IP, please try again later'[39m,
    status: [33m429[39m,
    statusText: [32m'Too Many Requests'[39m,
    headers: Object [AxiosHeaders] {
      [32m'content-type'[39m: [32m'text/html; charset=utf-8'[39m,
      [32m'content-length'[39m: [32m'54'[39m
    },
    config: {
      transitional: [36m[Object][39m,
      adapter: [36m[Array][39m,
      transformRequest: [36m[Array][39m,
      transformResponse: [36m[Array][39m,
      timeout: [33m0[39m,
      xsrfCookieName: [32m'XSRF-TOKEN'[39m,
      xsrfHeaderName: [32m'X-XSRF-TOKEN'[39m,
      maxContentLength: [33m-1[39m,
      maxBodyLength: [33m-1[39m,
      env: [36m[Object][39m,
      validateStatus: [36m[Function: validateStatus][39m,
      headers: [36m[Object [AxiosHeaders]][39m,
      baseURL: [32m'http://localhost:3001/api'[39m,
      withCredentials: [33mtrue[39m,
      method: [32m'get'[39m,
      url: [32m'/volunteers/me/profile'[39m,
      allowAbsoluteUrls: [33mtrue[39m,
      data: [90mundefined[39m
    },
    request: XMLHttpRequest {}
  },
  status: [33m429[39m
}

[90mstderr[2m | src/app/dashboard/page.test.tsx[2m > [22m[2mDashboardPage[2m > [22m[2mUser Profile Card[2m > [22m[2mshould display user auth tier
[22m[39mFailed to load profile: AxiosError: Request failed with status code 429
    at settle [90m(file:///C:/Users/tmccabe/OneDrive/Documents/Cub%20Scouts/volunteer-webapp/frontend/[39mnode_modules/[4maxios[24m/lib/core/settle.js:20:7[90m)[39m
    at XMLHttpRequest.onloadend [90m(file:///C:/Users/tmccabe/OneDrive/Documents/Cub%20Scouts/volunteer-webapp/frontend/[39mnode_modules/[4maxios[24m/lib/adapters/xhr.js:62:9[90m)[39m
    at XMLHttpRequest.invokeTheCallbackFunction [90m(C:\Users\tmccabe\OneDrive\Documents\Cub 
Scouts\volunteer-webapp\frontend\[39mnode_modules\[4mjsdom[24m\lib\generated\idl\EventHandlerNonNull.js:14:28[90m)[39m
    at XMLHttpRequest.<anonymous> [90m(C:\Users\tmccabe\OneDrive\Documents\Cub 
Scouts\volunteer-webapp\frontend\[39mnode_modules\[4mjsdom[24m\lib\jsdom\living\helpers\create-event-accessor.js:57:32[90m)[39m
    at innerInvokeEventListeners [90m(C:\Users\tmccabe\OneDrive\Documents\Cub 
Scouts\volunteer-webapp\frontend\[39mnode_modules\[4mjsdom[24m\lib\jsdom\living\events\EventTarget-impl.js:360:16[90m)[39m
    at invokeEventListeners [90m(C:\Users\tmccabe\OneDrive\Documents\Cub Scouts\volunteer-webapp\frontend\[39mnode_modules\[4mjsdom[24m\lib\jsdom\living\events\EventTarget-impl.js:296:3[90m)[39m
    at XMLHttpRequestImpl._dispatch [90m(C:\Users\tmccabe\OneDrive\Documents\Cub 
Scouts\volunteer-webapp\frontend\[39mnode_modules\[4mjsdom[24m\lib\jsdom\living\events\EventTarget-impl.js:243:9[90m)[39m
    at fireAnEvent [90m(C:\Users\tmccabe\OneDrive\Documents\Cub Scouts\volunteer-webapp\frontend\[39mnode_modules\[4mjsdom[24m\lib\jsdom\living\helpers\events.js:18:36[90m)[39m
    at [90mC:\Users\tmccabe\OneDrive\Documents\Cub Scouts\volunteer-webapp\frontend\[39mnode_modules\[4mjsdom[24m\lib\jsdom\living\xhr\XMLHttpRequest-impl.js:860:11
[90m    at processTicksAndRejections (node:internal/process/task_queues:105:5)[39m
    at Axios.request [90m(file:///C:/Users/tmccabe/OneDrive/Documents/Cub%20Scouts/volunteer-webapp/frontend/[39mnode_modules/[4maxios[24m/lib/core/Axios.js:46:41[90m)[39m
[90m    at processTicksAndRejections (node:internal/process/task_queues:105:5)[39m
    at VolunteersApiService.getMyProfile (C:/Users/tmccabe/OneDrive/Documents/Cub Scouts/volunteer-webapp/frontend/src/services/volunteers.service.ts:56:22)
    at loadProfile (C:/Users/tmccabe/OneDrive/Documents/Cub Scouts/volunteer-webapp/frontend/src/app/dashboard/page.tsx:73:20) {
  isAxiosError: [33mtrue[39m,
  code: [32m'ERR_BAD_REQUEST'[39m,
  config: {
    transitional: {
      silentJSONParsing: [33mtrue[39m,
      forcedJSONParsing: [33mtrue[39m,
      clarifyTimeoutError: [33mfalse[39m,
      legacyInterceptorReqResOrdering: [33mtrue[39m
    },
    adapter: [ [32m'xhr'[39m, [32m'http'[39m, [32m'fetch'[39m ],
    transformRequest: [ [36m[Function: transformRequest][39m ],
    transformResponse: [ [36m[Function: transformResponse][39m ],
    timeout: [33m0[39m,
    xsrfCookieName: [32m'XSRF-TOKEN'[39m,
    xsrfHeaderName: [32m'X-XSRF-TOKEN'[39m,
    maxContentLength: [33m-1[39m,
    maxBodyLength: [33m-1[39m,
    env: { FormData: [36m[Function][39m, Blob: [36m[class Blob][39m },
    validateStatus: [36m[Function: validateStatus][39m,
    headers: Object [AxiosHeaders] {
      Accept: [32m'application/json, text/plain, */*'[39m,
      [32m'Content-Type'[39m: [32m'application/json'[39m
    },
    baseURL: [32m'http://localhost:3001/api'[39m,
    withCredentials: [33mtrue[39m,
    method: [32m'get'[39m,
    url: [32m'/volunteers/me/profile'[39m,
    allowAbsoluteUrls: [33mtrue[39m,
    data: [90mundefined[39m
  },
  request: XMLHttpRequest {},
  response: {
    data: [32m'Too many requests from this IP, please try again later'[39m,
    status: [33m429[39m,
    statusText: [32m'Too Many Requests'[39m,
    headers: Object [AxiosHeaders] {
      [32m'content-type'[39m: [32m'text/html; charset=utf-8'[39m,
      [32m'content-length'[39m: [32m'54'[39m
    },
    config: {
      transitional: [36m[Object][39m,
      adapter: [36m[Array][39m,
      transformRequest: [36m[Array][39m,
      transformResponse: [36m[Array][39m,
      timeout: [33m0[39m,
      xsrfCookieName: [32m'XSRF-TOKEN'[39m,
      xsrfHeaderName: [32m'X-XSRF-TOKEN'[39m,
      maxContentLength: [33m-1[39m,
      maxBodyLength: [33m-1[39m,
      env: [36m[Object][39m,
      validateStatus: [36m[Function: validateStatus][39m,
      headers: [36m[Object [AxiosHeaders]][39m,
      baseURL: [32m'http://localhost:3001/api'[39m,
      withCredentials: [33mtrue[39m,
      method: [32m'get'[39m,
      url: [32m'/volunteers/me/profile'[39m,
      allowAbsoluteUrls: [33mtrue[39m,
      data: [90mundefined[39m
    },
    request: XMLHttpRequest {}
  },
  status: [33m429[39m
}

[90mstderr[2m | src/app/dashboard/page.test.tsx[2m > [22m[2mDashboardPage[2m > [22m[2mUser Profile Card[2m > [22m[2mshould style auth tier as badge
[22m[39mFailed to load profile: AxiosError: Request failed with status code 429
    at settle [90m(file:///C:/Users/tmccabe/OneDrive/Documents/Cub%20Scouts/volunteer-webapp/frontend/[39mnode_modules/[4maxios[24m/lib/core/settle.js:20:7[90m)[39m
    at XMLHttpRequest.onloadend [90m(file:///C:/Users/tmccabe/OneDrive/Documents/Cub%20Scouts/volunteer-webapp/frontend/[39mnode_modules/[4maxios[24m/lib/adapters/xhr.js:62:9[90m)[39m
    at XMLHttpRequest.invokeTheCallbackFunction [90m(C:\Users\tmccabe\OneDrive\Documents\Cub 
Scouts\volunteer-webapp\frontend\[39mnode_modules\[4mjsdom[24m\lib\generated\idl\EventHandlerNonNull.js:14:28[90m)[39m
    at XMLHttpRequest.<anonymous> [90m(C:\Users\tmccabe\OneDrive\Documents\Cub 
Scouts\volunteer-webapp\frontend\[39mnode_modules\[4mjsdom[24m\lib\jsdom\living\helpers\create-event-accessor.js:57:32[90m)[39m
    at innerInvokeEventListeners [90m(C:\Users\tmccabe\OneDrive\Documents\Cub 
Scouts\volunteer-webapp\frontend\[39mnode_modules\[4mjsdom[24m\lib\jsdom\living\events\EventTarget-impl.js:360:16[90m)[39m
    at invokeEventListeners [90m(C:\Users\tmccabe\OneDrive\Documents\Cub Scouts\volunteer-webapp\frontend\[39mnode_modules\[4mjsdom[24m\lib\jsdom\living\events\EventTarget-impl.js:296:3[90m)[39m
    at XMLHttpRequestImpl._dispatch [90m(C:\Users\tmccabe\OneDrive\Documents\Cub 
Scouts\volunteer-webapp\frontend\[39mnode_modules\[4mjsdom[24m\lib\jsdom\living\events\EventTarget-impl.js:243:9[90m)[39m
    at fireAnEvent [90m(C:\Users\tmccabe\OneDrive\Documents\Cub Scouts\volunteer-webapp\frontend\[39mnode_modules\[4mjsdom[24m\lib\jsdom\living\helpers\events.js:18:36[90m)[39m
    at [90mC:\Users\tmccabe\OneDrive\Documents\Cub Scouts\volunteer-webapp\frontend\[39mnode_modules\[4mjsdom[24m\lib\jsdom\living\xhr\XMLHttpRequest-impl.js:860:11
[90m    at processTicksAndRejections (node:internal/process/task_queues:105:5)[39m
    at Axios.request [90m(file:///C:/Users/tmccabe/OneDrive/Documents/Cub%20Scouts/volunteer-webapp/frontend/[39mnode_modules/[4maxios[24m/lib/core/Axios.js:46:41[90m)[39m
[90m    at processTicksAndRejections (node:internal/process/task_queues:105:5)[39m
    at VolunteersApiService.getMyProfile (C:/Users/tmccabe/OneDrive/Documents/Cub Scouts/volunteer-webapp/frontend/src/services/volunteers.service.ts:56:22)
    at loadProfile (C:/Users/tmccabe/OneDrive/Documents/Cub Scouts/volunteer-webapp/frontend/src/app/dashboard/page.tsx:73:20) {
  isAxiosError: [33mtrue[39m,
  code: [32m'ERR_BAD_REQUEST'[39m,
  config: {
    transitional: {
      silentJSONParsing: [33mtrue[39m,
      forcedJSONParsing: [33mtrue[39m,
      clarifyTimeoutError: [33mfalse[39m,
      legacyInterceptorReqResOrdering: [33mtrue[39m
    },
    adapter: [ [32m'xhr'[39m, [32m'http'[39m, [32m'fetch'[39m ],
    transformRequest: [ [36m[Function: transformRequest][39m ],
    transformResponse: [ [36m[Function: transformResponse][39m ],
    timeout: [33m0[39m,
    xsrfCookieName: [32m'XSRF-TOKEN'[39m,
    xsrfHeaderName: [32m'X-XSRF-TOKEN'[39m,
    maxContentLength: [33m-1[39m,
    maxBodyLength: [33m-1[39m,
    env: { FormData: [36m[Function][39m, Blob: [36m[class Blob][39m },
    validateStatus: [36m[Function: validateStatus][39m,
    headers: Object [AxiosHeaders] {
      Accept: [32m'application/json, text/plain, */*'[39m,
      [32m'Content-Type'[39m: [32m'application/json'[39m
    },
    baseURL: [32m'http://localhost:3001/api'[39m,
    withCredentials: [33mtrue[39m,
    method: [32m'get'[39m,
    url: [32m'/volunteers/me/profile'[39m,
    allowAbsoluteUrls: [33mtrue[39m,
    data: [90mundefined[39m
  },
  request: XMLHttpRequest {},
  response: {
    data: [32m'Too many requests from this IP, please try again later'[39m,
    status: [33m429[39m,
    statusText: [32m'Too Many Requests'[39m,
    headers: Object [AxiosHeaders] {
      [32m'content-type'[39m: [32m'text/html; charset=utf-8'[39m,
      [32m'content-length'[39m: [32m'54'[39m
    },
    config: {
      transitional: [36m[Object][39m,
      adapter: [36m[Array][39m,
      transformRequest: [36m[Array][39m,
      transformResponse: [36m[Array][39m,
      timeout: [33m0[39m,
      xsrfCookieName: [32m'XSRF-TOKEN'[39m,
      xsrfHeaderName: [32m'X-XSRF-TOKEN'[39m,
      maxContentLength: [33m-1[39m,
      maxBodyLength: [33m-1[39m,
      env: [36m[Object][39m,
      validateStatus: [36m[Function: validateStatus][39m,
      headers: [36m[Object [AxiosHeaders]][39m,
      baseURL: [32m'http://localhost:3001/api'[39m,
      withCredentials: [33mtrue[39m,
      method: [32m'get'[39m,
      url: [32m'/volunteers/me/profile'[39m,
      allowAbsoluteUrls: [33mtrue[39m,
      data: [90mundefined[39m
    },
    request: XMLHttpRequest {}
  },
  status: [33m429[39m
}

[90mstderr[2m | src/app/dashboard/page.test.tsx[2m > [22m[2mDashboardPage[2m > [22m[2mProfile Edit Navigation[2m > [22m[2mshould display an Edit Profile button in the profile card
[22m[39mFailed to load profile: AxiosError: Request failed with status code 429
    at settle [90m(file:///C:/Users/tmccabe/OneDrive/Documents/Cub%20Scouts/volunteer-webapp/frontend/[39mnode_modules/[4maxios[24m/lib/core/settle.js:20:7[90m)[39m
    at XMLHttpRequest.onloadend [90m(file:///C:/Users/tmccabe/OneDrive/Documents/Cub%20Scouts/volunteer-webapp/frontend/[39mnode_modules/[4maxios[24m/lib/adapters/xhr.js:62:9[90m)[39m
    at XMLHttpRequest.invokeTheCallbackFunction [90m(C:\Users\tmccabe\OneDrive\Documents\Cub 
Scouts\volunteer-webapp\frontend\[39mnode_modules\[4mjsdom[24m\lib\generated\idl\EventHandlerNonNull.js:14:28[90m)[39m
    at XMLHttpRequest.<anonymous> [90m(C:\Users\tmccabe\OneDrive\Documents\Cub 
Scouts\volunteer-webapp\frontend\[39mnode_modules\[4mjsdom[24m\lib\jsdom\living\helpers\create-event-accessor.js:57:32[90m)[39m
    at innerInvokeEventListeners [90m(C:\Users\tmccabe\OneDrive\Documents\Cub 
Scouts\volunteer-webapp\frontend\[39mnode_modules\[4mjsdom[24m\lib\jsdom\living\events\EventTarget-impl.js:360:16[90m)[39m
    at invokeEventListeners [90m(C:\Users\tmccabe\OneDrive\Documents\Cub Scouts\volunteer-webapp\frontend\[39mnode_modules\[4mjsdom[24m\lib\jsdom\living\events\EventTarget-impl.js:296:3[90m)[39m
    at XMLHttpRequestImpl._dispatch [90m(C:\Users\tmccabe\OneDrive\Documents\Cub 
Scouts\volunteer-webapp\frontend\[39mnode_modules\[4mjsdom[24m\lib\jsdom\living\events\EventTarget-impl.js:243:9[90m)[39m
    at fireAnEvent [90m(C:\Users\tmccabe\OneDrive\Documents\Cub Scouts\volunteer-webapp\frontend\[39mnode_modules\[4mjsdom[24m\lib\jsdom\living\helpers\events.js:18:36[90m)[39m
    at [90mC:\Users\tmccabe\OneDrive\Documents\Cub Scouts\volunteer-webapp\frontend\[39mnode_modules\[4mjsdom[24m\lib\jsdom\living\xhr\XMLHttpRequest-impl.js:860:11
[90m    at processTicksAndRejections (node:internal/process/task_queues:105:5)[39m
    at Axios.request [90m(file:///C:/Users/tmccabe/OneDrive/Documents/Cub%20Scouts/volunteer-webapp/frontend/[39mnode_modules/[4maxios[24m/lib/core/Axios.js:46:41[90m)[39m
[90m    at processTicksAndRejections (node:internal/process/task_queues:105:5)[39m
    at VolunteersApiService.getMyProfile (C:/Users/tmccabe/OneDrive/Documents/Cub Scouts/volunteer-webapp/frontend/src/services/volunteers.service.ts:56:22)
    at loadProfile (C:/Users/tmccabe/OneDrive/Documents/Cub Scouts/volunteer-webapp/frontend/src/app/dashboard/page.tsx:73:20) {
  isAxiosError: [33mtrue[39m,
  code: [32m'ERR_BAD_REQUEST'[39m,
  config: {
    transitional: {
      silentJSONParsing: [33mtrue[39m,
      forcedJSONParsing: [33mtrue[39m,
      clarifyTimeoutError: [33mfalse[39m,
      legacyInterceptorReqResOrdering: [33mtrue[39m
    },
    adapter: [ [32m'xhr'[39m, [32m'http'[39m, [32m'fetch'[39m ],
    transformRequest: [ [36m[Function: transformRequest][39m ],
    transformResponse: [ [36m[Function: transformResponse][39m ],
    timeout: [33m0[39m,
    xsrfCookieName: [32m'XSRF-TOKEN'[39m,
    xsrfHeaderName: [32m'X-XSRF-TOKEN'[39m,
    maxContentLength: [33m-1[39m,
    maxBodyLength: [33m-1[39m,
    env: { FormData: [36m[Function][39m, Blob: [36m[class Blob][39m },
    validateStatus: [36m[Function: validateStatus][39m,
    headers: Object [AxiosHeaders] {
      Accept: [32m'application/json, text/plain, */*'[39m,
      [32m'Content-Type'[39m: [32m'application/json'[39m
    },
    baseURL: [32m'http://localhost:3001/api'[39m,
    withCredentials: [33mtrue[39m,
    method: [32m'get'[39m,
    url: [32m'/volunteers/me/profile'[39m,
    allowAbsoluteUrls: [33mtrue[39m,
    data: [90mundefined[39m
  },
  request: XMLHttpRequest {},
  response: {
    data: [32m'Too many requests from this IP, please try again later'[39m,
    status: [33m429[39m,
    statusText: [32m'Too Many Requests'[39m,
    headers: Object [AxiosHeaders] {
      [32m'content-type'[39m: [32m'text/html; charset=utf-8'[39m,
      [32m'content-length'[39m: [32m'54'[39m
    },
    config: {
      transitional: [36m[Object][39m,
      adapter: [36m[Array][39m,
      transformRequest: [36m[Array][39m,
      transformResponse: [36m[Array][39m,
      timeout: [33m0[39m,
      xsrfCookieName: [32m'XSRF-TOKEN'[39m,
      xsrfHeaderName: [32m'X-XSRF-TOKEN'[39m,
      maxContentLength: [33m-1[39m,
      maxBodyLength: [33m-1[39m,
      env: [36m[Object][39m,
      validateStatus: [36m[Function: validateStatus][39m,
      headers: [36m[Object [AxiosHeaders]][39m,
      baseURL: [32m'http://localhost:3001/api'[39m,
      withCredentials: [33mtrue[39m,
      method: [32m'get'[39m,
      url: [32m'/volunteers/me/profile'[39m,
      allowAbsoluteUrls: [33mtrue[39m,
      data: [90mundefined[39m
    },
    request: XMLHttpRequest {}
  },
  status: [33m429[39m
}

[90mstderr[2m | src/app/dashboard/page.test.tsx[2m > [22m[2mDashboardPage[2m > [22m[2mProfile Edit Navigation[2m > [22m[2mshould navigate to profile edit page when Edit Profile button is 
clicked
[22m[39mFailed to load profile: AxiosError: Request failed with status code 429
    at settle [90m(file:///C:/Users/tmccabe/OneDrive/Documents/Cub%20Scouts/volunteer-webapp/frontend/[39mnode_modules/[4maxios[24m/lib/core/settle.js:20:7[90m)[39m
    at XMLHttpRequest.onloadend [90m(file:///C:/Users/tmccabe/OneDrive/Documents/Cub%20Scouts/volunteer-webapp/frontend/[39mnode_modules/[4maxios[24m/lib/adapters/xhr.js:62:9[90m)[39m
    at XMLHttpRequest.invokeTheCallbackFunction [90m(C:\Users\tmccabe\OneDrive\Documents\Cub 
Scouts\volunteer-webapp\frontend\[39mnode_modules\[4mjsdom[24m\lib\generated\idl\EventHandlerNonNull.js:14:28[90m)[39m
    at XMLHttpRequest.<anonymous> [90m(C:\Users\tmccabe\OneDrive\Documents\Cub 
Scouts\volunteer-webapp\frontend\[39mnode_modules\[4mjsdom[24m\lib\jsdom\living\helpers\create-event-accessor.js:57:32[90m)[39m
    at innerInvokeEventListeners [90m(C:\Users\tmccabe\OneDrive\Documents\Cub 
Scouts\volunteer-webapp\frontend\[39mnode_modules\[4mjsdom[24m\lib\jsdom\living\events\EventTarget-impl.js:360:16[90m)[39m
    at invokeEventListeners [90m(C:\Users\tmccabe\OneDrive\Documents\Cub Scouts\volunteer-webapp\frontend\[39mnode_modules\[4mjsdom[24m\lib\jsdom\living\events\EventTarget-impl.js:296:3[90m)[39m
    at XMLHttpRequestImpl._dispatch [90m(C:\Users\tmccabe\OneDrive\Documents\Cub 
Scouts\volunteer-webapp\frontend\[39mnode_modules\[4mjsdom[24m\lib\jsdom\living\events\EventTarget-impl.js:243:9[90m)[39m
    at fireAnEvent [90m(C:\Users\tmccabe\OneDrive\Documents\Cub Scouts\volunteer-webapp\frontend\[39mnode_modules\[4mjsdom[24m\lib\jsdom\living\helpers\events.js:18:36[90m)[39m
    at [90mC:\Users\tmccabe\OneDrive\Documents\Cub Scouts\volunteer-webapp\frontend\[39mnode_modules\[4mjsdom[24m\lib\jsdom\living\xhr\XMLHttpRequest-impl.js:860:11
[90m    at processTicksAndRejections (node:internal/process/task_queues:105:5)[39m
    at Axios.request [90m(file:///C:/Users/tmccabe/OneDrive/Documents/Cub%20Scouts/volunteer-webapp/frontend/[39mnode_modules/[4maxios[24m/lib/core/Axios.js:46:41[90m)[39m
[90m    at processTicksAndRejections (node:internal/process/task_queues:105:5)[39m
    at VolunteersApiService.getMyProfile (C:/Users/tmccabe/OneDrive/Documents/Cub Scouts/volunteer-webapp/frontend/src/services/volunteers.service.ts:56:22)
    at loadProfile (C:/Users/tmccabe/OneDrive/Documents/Cub Scouts/volunteer-webapp/frontend/src/app/dashboard/page.tsx:73:20) {
  isAxiosError: [33mtrue[39m,
  code: [32m'ERR_BAD_REQUEST'[39m,
  config: {
    transitional: {
      silentJSONParsing: [33mtrue[39m,
      forcedJSONParsing: [33mtrue[39m,
      clarifyTimeoutError: [33mfalse[39m,
      legacyInterceptorReqResOrdering: [33mtrue[39m
    },
    adapter: [ [32m'xhr'[39m, [32m'http'[39m, [32m'fetch'[39m ],
    transformRequest: [ [36m[Function: transformRequest][39m ],
    transformResponse: [ [36m[Function: transformResponse][39m ],
    timeout: [33m0[39m,
    xsrfCookieName: [32m'XSRF-TOKEN'[39m,
    xsrfHeaderName: [32m'X-XSRF-TOKEN'[39m,
    maxContentLength: [33m-1[39m,
    maxBodyLength: [33m-1[39m,
    env: { FormData: [36m[Function][39m, Blob: [36m[class Blob][39m },
    validateStatus: [36m[Function: validateStatus][39m,
    headers: Object [AxiosHeaders] {
      Accept: [32m'application/json, text/plain, */*'[39m,
      [32m'Content-Type'[39m: [32m'application/json'[39m
    },
    baseURL: [32m'http://localhost:3001/api'[39m,
    withCredentials: [33mtrue[39m,
    method: [32m'get'[39m,
    url: [32m'/volunteers/me/profile'[39m,
    allowAbsoluteUrls: [33mtrue[39m,
    data: [90mundefined[39m
  },
  request: XMLHttpRequest {},
  response: {
    data: [32m'Too many requests from this IP, please try again later'[39m,
    status: [33m429[39m,
    statusText: [32m'Too Many Requests'[39m,
    headers: Object [AxiosHeaders] {
      [32m'content-type'[39m: [32m'text/html; charset=utf-8'[39m,
      [32m'content-length'[39m: [32m'54'[39m
    },
    config: {
      transitional: [36m[Object][39m,
      adapter: [36m[Array][39m,
      transformRequest: [36m[Array][39m,
      transformResponse: [36m[Array][39m,
      timeout: [33m0[39m,
      xsrfCookieName: [32m'XSRF-TOKEN'[39m,
      xsrfHeaderName: [32m'X-XSRF-TOKEN'[39m,
      maxContentLength: [33m-1[39m,
      maxBodyLength: [33m-1[39m,
      env: [36m[Object][39m,
      validateStatus: [36m[Function: validateStatus][39m,
      headers: [36m[Object [AxiosHeaders]][39m,
      baseURL: [32m'http://localhost:3001/api'[39m,
      withCredentials: [33mtrue[39m,
      method: [32m'get'[39m,
      url: [32m'/volunteers/me/profile'[39m,
      allowAbsoluteUrls: [33mtrue[39m,
      data: [90mundefined[39m
    },
    request: XMLHttpRequest {}
  },
  status: [33m429[39m
}

[90mstderr[2m | src/app/dashboard/page.test.tsx[2m > [22m[2mDashboardPage[2m > [22m[2mPoints Card[2m > [22m[2mshould display current year points
[22m[39mFailed to load profile: AxiosError: Request failed with status code 429
    at settle [90m(file:///C:/Users/tmccabe/OneDrive/Documents/Cub%20Scouts/volunteer-webapp/frontend/[39mnode_modules/[4maxios[24m/lib/core/settle.js:20:7[90m)[39m
    at XMLHttpRequest.onloadend [90m(file:///C:/Users/tmccabe/OneDrive/Documents/Cub%20Scouts/volunteer-webapp/frontend/[39mnode_modules/[4maxios[24m/lib/adapters/xhr.js:62:9[90m)[39m
    at XMLHttpRequest.invokeTheCallbackFunction [90m(C:\Users\tmccabe\OneDrive\Documents\Cub 
Scouts\volunteer-webapp\frontend\[39mnode_modules\[4mjsdom[24m\lib\generated\idl\EventHandlerNonNull.js:14:28[90m)[39m
    at XMLHttpRequest.<anonymous> [90m(C:\Users\tmccabe\OneDrive\Documents\Cub 
Scouts\volunteer-webapp\frontend\[39mnode_modules\[4mjsdom[24m\lib\jsdom\living\helpers\create-event-accessor.js:57:32[90m)[39m
    at innerInvokeEventListeners [90m(C:\Users\tmccabe\OneDrive\Documents\Cub 
Scouts\volunteer-webapp\frontend\[39mnode_modules\[4mjsdom[24m\lib\jsdom\living\events\EventTarget-impl.js:360:16[90m)[39m
    at invokeEventListeners [90m(C:\Users\tmccabe\OneDrive\Documents\Cub Scouts\volunteer-webapp\frontend\[39mnode_modules\[4mjsdom[24m\lib\jsdom\living\events\EventTarget-impl.js:296:3[90m)[39m
    at XMLHttpRequestImpl._dispatch [90m(C:\Users\tmccabe\OneDrive\Documents\Cub 
Scouts\volunteer-webapp\frontend\[39mnode_modules\[4mjsdom[24m\lib\jsdom\living\events\EventTarget-impl.js:243:9[90m)[39m
    at fireAnEvent [90m(C:\Users\tmccabe\OneDrive\Documents\Cub Scouts\volunteer-webapp\frontend\[39mnode_modules\[4mjsdom[24m\lib\jsdom\living\helpers\events.js:18:36[90m)[39m
    at [90mC:\Users\tmccabe\OneDrive\Documents\Cub Scouts\volunteer-webapp\frontend\[39mnode_modules\[4mjsdom[24m\lib\jsdom\living\xhr\XMLHttpRequest-impl.js:860:11
[90m    at processTicksAndRejections (node:internal/process/task_queues:105:5)[39m
    at Axios.request [90m(file:///C:/Users/tmccabe/OneDrive/Documents/Cub%20Scouts/volunteer-webapp/frontend/[39mnode_modules/[4maxios[24m/lib/core/Axios.js:46:41[90m)[39m
[90m    at processTicksAndRejections (node:internal/process/task_queues:105:5)[39m
    at VolunteersApiService.getMyProfile (C:/Users/tmccabe/OneDrive/Documents/Cub Scouts/volunteer-webapp/frontend/src/services/volunteers.service.ts:56:22)
    at loadProfile (C:/Users/tmccabe/OneDrive/Documents/Cub Scouts/volunteer-webapp/frontend/src/app/dashboard/page.tsx:73:20) {
  isAxiosError: [33mtrue[39m,
  code: [32m'ERR_BAD_REQUEST'[39m,
  config: {
    transitional: {
      silentJSONParsing: [33mtrue[39m,
      forcedJSONParsing: [33mtrue[39m,
      clarifyTimeoutError: [33mfalse[39m,
      legacyInterceptorReqResOrdering: [33mtrue[39m
    },
    adapter: [ [32m'xhr'[39m, [32m'http'[39m, [32m'fetch'[39m ],
    transformRequest: [ [36m[Function: transformRequest][39m ],
    transformResponse: [ [36m[Function: transformResponse][39m ],
    timeout: [33m0[39m,
    xsrfCookieName: [32m'XSRF-TOKEN'[39m,
    xsrfHeaderName: [32m'X-XSRF-TOKEN'[39m,
    maxContentLength: [33m-1[39m,
    maxBodyLength: [33m-1[39m,
    env: { FormData: [36m[Function][39m, Blob: [36m[class Blob][39m },
    validateStatus: [36m[Function: validateStatus][39m,
    headers: Object [AxiosHeaders] {
      Accept: [32m'application/json, text/plain, */*'[39m,
      [32m'Content-Type'[39m: [32m'application/json'[39m
    },
    baseURL: [32m'http://localhost:3001/api'[39m,
    withCredentials: [33mtrue[39m,
    method: [32m'get'[39m,
    url: [32m'/volunteers/me/profile'[39m,
    allowAbsoluteUrls: [33mtrue[39m,
    data: [90mundefined[39m
  },
  request: XMLHttpRequest {},
  response: {
    data: [32m'Too many requests from this IP, please try again later'[39m,
    status: [33m429[39m,
    statusText: [32m'Too Many Requests'[39m,
    headers: Object [AxiosHeaders] {
      [32m'content-type'[39m: [32m'text/html; charset=utf-8'[39m,
      [32m'content-length'[39m: [32m'54'[39m
    },
    config: {
      transitional: [36m[Object][39m,
      adapter: [36m[Array][39m,
      transformRequest: [36m[Array][39m,
      transformResponse: [36m[Array][39m,
      timeout: [33m0[39m,
      xsrfCookieName: [32m'XSRF-TOKEN'[39m,
      xsrfHeaderName: [32m'X-XSRF-TOKEN'[39m,
      maxContentLength: [33m-1[39m,
      maxBodyLength: [33m-1[39m,
      env: [36m[Object][39m,
      validateStatus: [36m[Function: validateStatus][39m,
      headers: [36m[Object [AxiosHeaders]][39m,
      baseURL: [32m'http://localhost:3001/api'[39m,
      withCredentials: [33mtrue[39m,
      method: [32m'get'[39m,
      url: [32m'/volunteers/me/profile'[39m,
      allowAbsoluteUrls: [33mtrue[39m,
      data: [90mundefined[39m
    },
    request: XMLHttpRequest {}
  },
  status: [33m429[39m
}

[90mstderr[2m | src/app/dashboard/page.test.tsx[2m > [22m[2mDashboardPage[2m > [22m[2mPoints Card[2m > [22m[2mshould display zero when point balance is missing
[22m[39mFailed to load profile: AxiosError: Request failed with status code 429
    at settle [90m(file:///C:/Users/tmccabe/OneDrive/Documents/Cub%20Scouts/volunteer-webapp/frontend/[39mnode_modules/[4maxios[24m/lib/core/settle.js:20:7[90m)[39m
    at XMLHttpRequest.onloadend [90m(file:///C:/Users/tmccabe/OneDrive/Documents/Cub%20Scouts/volunteer-webapp/frontend/[39mnode_modules/[4maxios[24m/lib/adapters/xhr.js:62:9[90m)[39m
    at XMLHttpRequest.invokeTheCallbackFunction [90m(C:\Users\tmccabe\OneDrive\Documents\Cub 
Scouts\volunteer-webapp\frontend\[39mnode_modules\[4mjsdom[24m\lib\generated\idl\EventHandlerNonNull.js:14:28[90m)[39m
    at XMLHttpRequest.<anonymous> [90m(C:\Users\tmccabe\OneDrive\Documents\Cub 
Scouts\volunteer-webapp\frontend\[39mnode_modules\[4mjsdom[24m\lib\jsdom\living\helpers\create-event-accessor.js:57:32[90m)[39m
    at innerInvokeEventListeners [90m(C:\Users\tmccabe\OneDrive\Documents\Cub 
Scouts\volunteer-webapp\frontend\[39mnode_modules\[4mjsdom[24m\lib\jsdom\living\events\EventTarget-impl.js:360:16[90m)[39m
    at invokeEventListeners [90m(C:\Users\tmccabe\OneDrive\Documents\Cub Scouts\volunteer-webapp\frontend\[39mnode_modules\[4mjsdom[24m\lib\jsdom\living\events\EventTarget-impl.js:296:3[90m)[39m
    at XMLHttpRequestImpl._dispatch [90m(C:\Users\tmccabe\OneDrive\Documents\Cub 
Scouts\volunteer-webapp\frontend\[39mnode_modules\[4mjsdom[24m\lib\jsdom\living\events\EventTarget-impl.js:243:9[90m)[39m
    at fireAnEvent [90m(C:\Users\tmccabe\OneDrive\Documents\Cub Scouts\volunteer-webapp\frontend\[39mnode_modules\[4mjsdom[24m\lib\jsdom\living\helpers\events.js:18:36[90m)[39m
    at [90mC:\Users\tmccabe\OneDrive\Documents\Cub Scouts\volunteer-webapp\frontend\[39mnode_modules\[4mjsdom[24m\lib\jsdom\living\xhr\XMLHttpRequest-impl.js:860:11
[90m    at processTicksAndRejections (node:internal/process/task_queues:105:5)[39m
    at Axios.request [90m(file:///C:/Users/tmccabe/OneDrive/Documents/Cub%20Scouts/volunteer-webapp/frontend/[39mnode_modules/[4maxios[24m/lib/core/Axios.js:46:41[90m)[39m
[90m    at processTicksAndRejections (node:internal/process/task_queues:105:5)[39m
    at VolunteersApiService.getMyProfile (C:/Users/tmccabe/OneDrive/Documents/Cub Scouts/volunteer-webapp/frontend/src/services/volunteers.service.ts:56:22)
    at loadProfile (C:/Users/tmccabe/OneDrive/Documents/Cub Scouts/volunteer-webapp/frontend/src/app/dashboard/page.tsx:73:20) {
  isAxiosError: [33mtrue[39m,
  code: [32m'ERR_BAD_REQUEST'[39m,
  config: {
    transitional: {
      silentJSONParsing: [33mtrue[39m,
      forcedJSONParsing: [33mtrue[39m,
      clarifyTimeoutError: [33mfalse[39m,
      legacyInterceptorReqResOrdering: [33mtrue[39m
    },
    adapter: [ [32m'xhr'[39m, [32m'http'[39m, [32m'fetch'[39m ],
    transformRequest: [ [36m[Function: transformRequest][39m ],
    transformResponse: [ [36m[Function: transformResponse][39m ],
    timeout: [33m0[39m,
    xsrfCookieName: [32m'XSRF-TOKEN'[39m,
    xsrfHeaderName: [32m'X-XSRF-TOKEN'[39m,
    maxContentLength: [33m-1[39m,
    maxBodyLength: [33m-1[39m,
    env: { FormData: [36m[Function][39m, Blob: [36m[class Blob][39m },
    validateStatus: [36m[Function: validateStatus][39m,
    headers: Object [AxiosHeaders] {
      Accept: [32m'application/json, text/plain, */*'[39m,
      [32m'Content-Type'[39m: [32m'application/json'[39m
    },
    baseURL: [32m'http://localhost:3001/api'[39m,
    withCredentials: [33mtrue[39m,
    method: [32m'get'[39m,
    url: [32m'/volunteers/me/profile'[39m,
    allowAbsoluteUrls: [33mtrue[39m,
    data: [90mundefined[39m
  },
  request: XMLHttpRequest {},
  response: {
    data: [32m'Too many requests from this IP, please try again later'[39m,
    status: [33m429[39m,
    statusText: [32m'Too Many Requests'[39m,
    headers: Object [AxiosHeaders] {
      [32m'content-type'[39m: [32m'text/html; charset=utf-8'[39m,
      [32m'content-length'[39m: [32m'54'[39m
    },
    config: {
      transitional: [36m[Object][39m,
      adapter: [36m[Array][39m,
      transformRequest: [36m[Array][39m,
      transformResponse: [36m[Array][39m,
      timeout: [33m0[39m,
      xsrfCookieName: [32m'XSRF-TOKEN'[39m,
      xsrfHeaderName: [32m'X-XSRF-TOKEN'[39m,
      maxContentLength: [33m-1[39m,
      maxBodyLength: [33m-1[39m,
      env: [36m[Object][39m,
      validateStatus: [36m[Function: validateStatus][39m,
      headers: [36m[Object [AxiosHeaders]][39m,
      baseURL: [32m'http://localhost:3001/api'[39m,
      withCredentials: [33mtrue[39m,
      method: [32m'get'[39m,
      url: [32m'/volunteers/me/profile'[39m,
      allowAbsoluteUrls: [33mtrue[39m,
      data: [90mundefined[39m
    },
    request: XMLHttpRequest {}
  },
  status: [33m429[39m
}

[90mstderr[2m | src/app/dashboard/page.test.tsx[2m > [22m[2mDashboardPage[2m > [22m[2mPoints Card[2m > [22m[2mshould display zero for missing currentYearPoints
[22m[39mFailed to load profile: AxiosError: Request failed with status code 429
    at settle [90m(file:///C:/Users/tmccabe/OneDrive/Documents/Cub%20Scouts/volunteer-webapp/frontend/[39mnode_modules/[4maxios[24m/lib/core/settle.js:20:7[90m)[39m
    at XMLHttpRequest.onloadend [90m(file:///C:/Users/tmccabe/OneDrive/Documents/Cub%20Scouts/volunteer-webapp/frontend/[39mnode_modules/[4maxios[24m/lib/adapters/xhr.js:62:9[90m)[39m
    at XMLHttpRequest.invokeTheCallbackFunction [90m(C:\Users\tmccabe\OneDrive\Documents\Cub 
Scouts\volunteer-webapp\frontend\[39mnode_modules\[4mjsdom[24m\lib\generated\idl\EventHandlerNonNull.js:14:28[90m)[39m
    at XMLHttpRequest.<anonymous> [90m(C:\Users\tmccabe\OneDrive\Documents\Cub 
Scouts\volunteer-webapp\frontend\[39mnode_modules\[4mjsdom[24m\lib\jsdom\living\helpers\create-event-accessor.js:57:32[90m)[39m
    at innerInvokeEventListeners [90m(C:\Users\tmccabe\OneDrive\Documents\Cub 
Scouts\volunteer-webapp\frontend\[39mnode_modules\[4mjsdom[24m\lib\jsdom\living\events\EventTarget-impl.js:360:16[90m)[39m
    at invokeEventListeners [90m(C:\Users\tmccabe\OneDrive\Documents\Cub Scouts\volunteer-webapp\frontend\[39mnode_modules\[4mjsdom[24m\lib\jsdom\living\events\EventTarget-impl.js:296:3[90m)[39m
    at XMLHttpRequestImpl._dispatch [90m(C:\Users\tmccabe\OneDrive\Documents\Cub 
Scouts\volunteer-webapp\frontend\[39mnode_modules\[4mjsdom[24m\lib\jsdom\living\events\EventTarget-impl.js:243:9[90m)[39m
    at fireAnEvent [90m(C:\Users\tmccabe\OneDrive\Documents\Cub Scouts\volunteer-webapp\frontend\[39mnode_modules\[4mjsdom[24m\lib\jsdom\living\helpers\events.js:18:36[90m)[39m
    at [90mC:\Users\tmccabe\OneDrive\Documents\Cub Scouts\volunteer-webapp\frontend\[39mnode_modules\[4mjsdom[24m\lib\jsdom\living\xhr\XMLHttpRequest-impl.js:860:11
[90m    at processTicksAndRejections (node:internal/process/task_queues:105:5)[39m
    at Axios.request [90m(file:///C:/Users/tmccabe/OneDrive/Documents/Cub%20Scouts/volunteer-webapp/frontend/[39mnode_modules/[4maxios[24m/lib/core/Axios.js:46:41[90m)[39m
[90m    at processTicksAndRejections (node:internal/process/task_queues:105:5)[39m
    at VolunteersApiService.getMyProfile (C:/Users/tmccabe/OneDrive/Documents/Cub Scouts/volunteer-webapp/frontend/src/services/volunteers.service.ts:56:22)
    at loadProfile (C:/Users/tmccabe/OneDrive/Documents/Cub Scouts/volunteer-webapp/frontend/src/app/dashboard/page.tsx:73:20) {
  isAxiosError: [33mtrue[39m,
  code: [32m'ERR_BAD_REQUEST'[39m,
  config: {
    transitional: {
      silentJSONParsing: [33mtrue[39m,
      forcedJSONParsing: [33mtrue[39m,
      clarifyTimeoutError: [33mfalse[39m,
      legacyInterceptorReqResOrdering: [33mtrue[39m
    },
    adapter: [ [32m'xhr'[39m, [32m'http'[39m, [32m'fetch'[39m ],
    transformRequest: [ [36m[Function: transformRequest][39m ],
    transformResponse: [ [36m[Function: transformResponse][39m ],
    timeout: [33m0[39m,
    xsrfCookieName: [32m'XSRF-TOKEN'[39m,
    xsrfHeaderName: [32m'X-XSRF-TOKEN'[39m,
    maxContentLength: [33m-1[39m,
    maxBodyLength: [33m-1[39m,
    env: { FormData: [36m[Function][39m, Blob: [36m[class Blob][39m },
    validateStatus: [36m[Function: validateStatus][39m,
    headers: Object [AxiosHeaders] {
      Accept: [32m'application/json, text/plain, */*'[39m,
      [32m'Content-Type'[39m: [32m'application/json'[39m
    },
    baseURL: [32m'http://localhost:3001/api'[39m,
    withCredentials: [33mtrue[39m,
    method: [32m'get'[39m,
    url: [32m'/volunteers/me/profile'[39m,
    allowAbsoluteUrls: [33mtrue[39m,
    data: [90mundefined[39m
  },
  request: XMLHttpRequest {},
  response: {
    data: [32m'Too many requests from this IP, please try again later'[39m,
    status: [33m429[39m,
    statusText: [32m'Too Many Requests'[39m,
    headers: Object [AxiosHeaders] {
      [32m'content-type'[39m: [32m'text/html; charset=utf-8'[39m,
      [32m'content-length'[39m: [32m'54'[39m
    },
    config: {
      transitional: [36m[Object][39m,
      adapter: [36m[Array][39m,
      transformRequest: [36m[Array][39m,
      transformResponse: [36m[Array][39m,
      timeout: [33m0[39m,
      xsrfCookieName: [32m'XSRF-TOKEN'[39m,
      xsrfHeaderName: [32m'X-XSRF-TOKEN'[39m,
      maxContentLength: [33m-1[39m,
      maxBodyLength: [33m-1[39m,
      env: [36m[Object][39m,
      validateStatus: [36m[Function: validateStatus][39m,
      headers: [36m[Object [AxiosHeaders]][39m,
      baseURL: [32m'http://localhost:3001/api'[39m,
      withCredentials: [33mtrue[39m,
      method: [32m'get'[39m,
      url: [32m'/volunteers/me/profile'[39m,
      allowAbsoluteUrls: [33mtrue[39m,
      data: [90mundefined[39m
    },
    request: XMLHttpRequest {}
  },
  status: [33m429[39m
}

[90mstderr[2m | src/app/dashboard/page.test.tsx[2m > [22m[2mDashboardPage[2m > [22m[2mPoints Card[2m > [22m[2mshould display current badge tier
[22m[39mFailed to load profile: AxiosError: Request failed with status code 429
    at settle [90m(file:///C:/Users/tmccabe/OneDrive/Documents/Cub%20Scouts/volunteer-webapp/frontend/[39mnode_modules/[4maxios[24m/lib/core/settle.js:20:7[90m)[39m
    at XMLHttpRequest.onloadend [90m(file:///C:/Users/tmccabe/OneDrive/Documents/Cub%20Scouts/volunteer-webapp/frontend/[39mnode_modules/[4maxios[24m/lib/adapters/xhr.js:62:9[90m)[39m
    at XMLHttpRequest.invokeTheCallbackFunction [90m(C:\Users\tmccabe\OneDrive\Documents\Cub 
Scouts\volunteer-webapp\frontend\[39mnode_modules\[4mjsdom[24m\lib\generated\idl\EventHandlerNonNull.js:14:28[90m)[39m
    at XMLHttpRequest.<anonymous> [90m(C:\Users\tmccabe\OneDrive\Documents\Cub 
Scouts\volunteer-webapp\frontend\[39mnode_modules\[4mjsdom[24m\lib\jsdom\living\helpers\create-event-accessor.js:57:32[90m)[39m
    at innerInvokeEventListeners [90m(C:\Users\tmccabe\OneDrive\Documents\Cub 
Scouts\volunteer-webapp\frontend\[39mnode_modules\[4mjsdom[24m\lib\jsdom\living\events\EventTarget-impl.js:360:16[90m)[39m
    at invokeEventListeners [90m(C:\Users\tmccabe\OneDrive\Documents\Cub Scouts\volunteer-webapp\frontend\[39mnode_modules\[4mjsdom[24m\lib\jsdom\living\events\EventTarget-impl.js:296:3[90m)[39m
    at XMLHttpRequestImpl._dispatch [90m(C:\Users\tmccabe\OneDrive\Documents\Cub 
Scouts\volunteer-webapp\frontend\[39mnode_modules\[4mjsdom[24m\lib\jsdom\living\events\EventTarget-impl.js:243:9[90m)[39m
    at fireAnEvent [90m(C:\Users\tmccabe\OneDrive\Documents\Cub Scouts\volunteer-webapp\frontend\[39mnode_modules\[4mjsdom[24m\lib\jsdom\living\helpers\events.js:18:36[90m)[39m
    at [90mC:\Users\tmccabe\OneDrive\Documents\Cub Scouts\volunteer-webapp\frontend\[39mnode_modules\[4mjsdom[24m\lib\jsdom\living\xhr\XMLHttpRequest-impl.js:860:11
[90m    at processTicksAndRejections (node:internal/process/task_queues:105:5)[39m
    at Axios.request [90m(file:///C:/Users/tmccabe/OneDrive/Documents/Cub%20Scouts/volunteer-webapp/frontend/[39mnode_modules/[4maxios[24m/lib/core/Axios.js:46:41[90m)[39m
[90m    at processTicksAndRejections (node:internal/process/task_queues:105:5)[39m
    at VolunteersApiService.getMyProfile (C:/Users/tmccabe/OneDrive/Documents/Cub Scouts/volunteer-webapp/frontend/src/services/volunteers.service.ts:56:22)
    at loadProfile (C:/Users/tmccabe/OneDrive/Documents/Cub Scouts/volunteer-webapp/frontend/src/app/dashboard/page.tsx:73:20) {
  isAxiosError: [33mtrue[39m,
  code: [32m'ERR_BAD_REQUEST'[39m,
  config: {
    transitional: {
      silentJSONParsing: [33mtrue[39m,
      forcedJSONParsing: [33mtrue[39m,
      clarifyTimeoutError: [33mfalse[39m,
      legacyInterceptorReqResOrdering: [33mtrue[39m
    },
    adapter: [ [32m'xhr'[39m, [32m'http'[39m, [32m'fetch'[39m ],
    transformRequest: [ [36m[Function: transformRequest][39m ],
    transformResponse: [ [36m[Function: transformResponse][39m ],
    timeout: [33m0[39m,
    xsrfCookieName: [32m'XSRF-TOKEN'[39m,
    xsrfHeaderName: [32m'X-XSRF-TOKEN'[39m,
    maxContentLength: [33m-1[39m,
    maxBodyLength: [33m-1[39m,
    env: { FormData: [36m[Function][39m, Blob: [36m[class Blob][39m },
    validateStatus: [36m[Function: validateStatus][39m,
    headers: Object [AxiosHeaders] {
      Accept: [32m'application/json, text/plain, */*'[39m,
      [32m'Content-Type'[39m: [32m'application/json'[39m
    },
    baseURL: [32m'http://localhost:3001/api'[39m,
    withCredentials: [33mtrue[39m,
    method: [32m'get'[39m,
    url: [32m'/volunteers/me/profile'[39m,
    allowAbsoluteUrls: [33mtrue[39m,
    data: [90mundefined[39m
  },
  request: XMLHttpRequest {},
  response: {
    data: [32m'Too many requests from this IP, please try again later'[39m,
    status: [33m429[39m,
    statusText: [32m'Too Many Requests'[39m,
    headers: Object [AxiosHeaders] {
      [32m'content-type'[39m: [32m'text/html; charset=utf-8'[39m,
      [32m'content-length'[39m: [32m'54'[39m
    },
    config: {
      transitional: [36m[Object][39m,
      adapter: [36m[Array][39m,
      transformRequest: [36m[Array][39m,
      transformResponse: [36m[Array][39m,
      timeout: [33m0[39m,
      xsrfCookieName: [32m'XSRF-TOKEN'[39m,
      xsrfHeaderName: [32m'X-XSRF-TOKEN'[39m,
      maxContentLength: [33m-1[39m,
      maxBodyLength: [33m-1[39m,
      env: [36m[Object][39m,
      validateStatus: [36m[Function: validateStatus][39m,
      headers: [36m[Object [AxiosHeaders]][39m,
      baseURL: [32m'http://localhost:3001/api'[39m,
      withCredentials: [33mtrue[39m,
      method: [32m'get'[39m,
      url: [32m'/volunteers/me/profile'[39m,
      allowAbsoluteUrls: [33mtrue[39m,
      data: [90mundefined[39m
    },
    request: XMLHttpRequest {}
  },
  status: [33m429[39m
}

[90mstderr[2m | src/app/dashboard/page.test.tsx[2m > [22m[2mDashboardPage[2m > [22m[2mPoints Card[2m > [22m[2mshould display points to next badge tier
[22m[39mFailed to load profile: AxiosError: Request failed with status code 429
    at settle [90m(file:///C:/Users/tmccabe/OneDrive/Documents/Cub%20Scouts/volunteer-webapp/frontend/[39mnode_modules/[4maxios[24m/lib/core/settle.js:20:7[90m)[39m
    at XMLHttpRequest.onloadend [90m(file:///C:/Users/tmccabe/OneDrive/Documents/Cub%20Scouts/volunteer-webapp/frontend/[39mnode_modules/[4maxios[24m/lib/adapters/xhr.js:62:9[90m)[39m
    at XMLHttpRequest.invokeTheCallbackFunction [90m(C:\Users\tmccabe\OneDrive\Documents\Cub 
Scouts\volunteer-webapp\frontend\[39mnode_modules\[4mjsdom[24m\lib\generated\idl\EventHandlerNonNull.js:14:28[90m)[39m
    at XMLHttpRequest.<anonymous> [90m(C:\Users\tmccabe\OneDrive\Documents\Cub 
Scouts\volunteer-webapp\frontend\[39mnode_modules\[4mjsdom[24m\lib\jsdom\living\helpers\create-event-accessor.js:57:32[90m)[39m
    at innerInvokeEventListeners [90m(C:\Users\tmccabe\OneDrive\Documents\Cub 
Scouts\volunteer-webapp\frontend\[39mnode_modules\[4mjsdom[24m\lib\jsdom\living\events\EventTarget-impl.js:360:16[90m)[39m
    at invokeEventListeners [90m(C:\Users\tmccabe\OneDrive\Documents\Cub Scouts\volunteer-webapp\frontend\[39mnode_modules\[4mjsdom[24m\lib\jsdom\living\events\EventTarget-impl.js:296:3[90m)[39m
    at XMLHttpRequestImpl._dispatch [90m(C:\Users\tmccabe\OneDrive\Documents\Cub 
Scouts\volunteer-webapp\frontend\[39mnode_modules\[4mjsdom[24m\lib\jsdom\living\events\EventTarget-impl.js:243:9[90m)[39m
    at fireAnEvent [90m(C:\Users\tmccabe\OneDrive\Documents\Cub Scouts\volunteer-webapp\frontend\[39mnode_modules\[4mjsdom[24m\lib\jsdom\living\helpers\events.js:18:36[90m)[39m
    at [90mC:\Users\tmccabe\OneDrive\Documents\Cub Scouts\volunteer-webapp\frontend\[39mnode_modules\[4mjsdom[24m\lib\jsdom\living\xhr\XMLHttpRequest-impl.js:860:11
[90m    at processTicksAndRejections (node:internal/process/task_queues:105:5)[39m
    at Axios.request [90m(file:///C:/Users/tmccabe/OneDrive/Documents/Cub%20Scouts/volunteer-webapp/frontend/[39mnode_modules/[4maxios[24m/lib/core/Axios.js:46:41[90m)[39m
[90m    at processTicksAndRejections (node:internal/process/task_queues:105:5)[39m
    at VolunteersApiService.getMyProfile (C:/Users/tmccabe/OneDrive/Documents/Cub Scouts/volunteer-webapp/frontend/src/services/volunteers.service.ts:56:22)
    at loadProfile (C:/Users/tmccabe/OneDrive/Documents/Cub Scouts/volunteer-webapp/frontend/src/app/dashboard/page.tsx:73:20) {
  isAxiosError: [33mtrue[39m,
  code: [32m'ERR_BAD_REQUEST'[39m,
  config: {
    transitional: {
      silentJSONParsing: [33mtrue[39m,
      forcedJSONParsing: [33mtrue[39m,
      clarifyTimeoutError: [33mfalse[39m,
      legacyInterceptorReqResOrdering: [33mtrue[39m
    },
    adapter: [ [32m'xhr'[39m, [32m'http'[39m, [32m'fetch'[39m ],
    transformRequest: [ [36m[Function: transformRequest][39m ],
    transformResponse: [ [36m[Function: transformResponse][39m ],
    timeout: [33m0[39m,
    xsrfCookieName: [32m'XSRF-TOKEN'[39m,
    xsrfHeaderName: [32m'X-XSRF-TOKEN'[39m,
    maxContentLength: [33m-1[39m,
    maxBodyLength: [33m-1[39m,
    env: { FormData: [36m[Function][39m, Blob: [36m[class Blob][39m },
    validateStatus: [36m[Function: validateStatus][39m,
    headers: Object [AxiosHeaders] {
      Accept: [32m'application/json, text/plain, */*'[39m,
      [32m'Content-Type'[39m: [32m'application/json'[39m
    },
    baseURL: [32m'http://localhost:3001/api'[39m,
    withCredentials: [33mtrue[39m,
    method: [32m'get'[39m,
    url: [32m'/volunteers/me/profile'[39m,
    allowAbsoluteUrls: [33mtrue[39m,
    data: [90mundefined[39m
  },
  request: XMLHttpRequest {},
  response: {
    data: [32m'Too many requests from this IP, please try again later'[39m,
    status: [33m429[39m,
    statusText: [32m'Too Many Requests'[39m,
    headers: Object [AxiosHeaders] {
      [32m'content-type'[39m: [32m'text/html; charset=utf-8'[39m,
      [32m'content-length'[39m: [32m'54'[39m
    },
    config: {
      transitional: [36m[Object][39m,
      adapter: [36m[Array][39m,
      transformRequest: [36m[Array][39m,
      transformResponse: [36m[Array][39m,
      timeout: [33m0[39m,
      xsrfCookieName: [32m'XSRF-TOKEN'[39m,
      xsrfHeaderName: [32m'X-XSRF-TOKEN'[39m,
      maxContentLength: [33m-1[39m,
      maxBodyLength: [33m-1[39m,
      env: [36m[Object][39m,
      validateStatus: [36m[Function: validateStatus][39m,
      headers: [36m[Object [AxiosHeaders]][39m,
      baseURL: [32m'http://localhost:3001/api'[39m,
      withCredentials: [33mtrue[39m,
      method: [32m'get'[39m,
      url: [32m'/volunteers/me/profile'[39m,
      allowAbsoluteUrls: [33mtrue[39m,
      data: [90mundefined[39m
    },
    request: XMLHttpRequest {}
  },
  status: [33m429[39m
}

[90mstderr[2m | src/app/dashboard/page.test.tsx[2m > [22m[2mDashboardPage[2m > [22m[2mPoints Card[2m > [22m[2mshould display projected points from signups
[22m[39mFailed to load profile: AxiosError: Request failed with status code 429
    at settle [90m(file:///C:/Users/tmccabe/OneDrive/Documents/Cub%20Scouts/volunteer-webapp/frontend/[39mnode_modules/[4maxios[24m/lib/core/settle.js:20:7[90m)[39m
    at XMLHttpRequest.onloadend [90m(file:///C:/Users/tmccabe/OneDrive/Documents/Cub%20Scouts/volunteer-webapp/frontend/[39mnode_modules/[4maxios[24m/lib/adapters/xhr.js:62:9[90m)[39m
    at XMLHttpRequest.invokeTheCallbackFunction [90m(C:\Users\tmccabe\OneDrive\Documents\Cub 
Scouts\volunteer-webapp\frontend\[39mnode_modules\[4mjsdom[24m\lib\generated\idl\EventHandlerNonNull.js:14:28[90m)[39m
    at XMLHttpRequest.<anonymous> [90m(C:\Users\tmccabe\OneDrive\Documents\Cub 
Scouts\volunteer-webapp\frontend\[39mnode_modules\[4mjsdom[24m\lib\jsdom\living\helpers\create-event-accessor.js:57:32[90m)[39m
    at innerInvokeEventListeners [90m(C:\Users\tmccabe\OneDrive\Documents\Cub 
Scouts\volunteer-webapp\frontend\[39mnode_modules\[4mjsdom[24m\lib\jsdom\living\events\EventTarget-impl.js:360:16[90m)[39m
    at invokeEventListeners [90m(C:\Users\tmccabe\OneDrive\Documents\Cub Scouts\volunteer-webapp\frontend\[39mnode_modules\[4mjsdom[24m\lib\jsdom\living\events\EventTarget-impl.js:296:3[90m)[39m
    at XMLHttpRequestImpl._dispatch [90m(C:\Users\tmccabe\OneDrive\Documents\Cub 
Scouts\volunteer-webapp\frontend\[39mnode_modules\[4mjsdom[24m\lib\jsdom\living\events\EventTarget-impl.js:243:9[90m)[39m
    at fireAnEvent [90m(C:\Users\tmccabe\OneDrive\Documents\Cub Scouts\volunteer-webapp\frontend\[39mnode_modules\[4mjsdom[24m\lib\jsdom\living\helpers\events.js:18:36[90m)[39m
    at [90mC:\Users\tmccabe\OneDrive\Documents\Cub Scouts\volunteer-webapp\frontend\[39mnode_modules\[4mjsdom[24m\lib\jsdom\living\xhr\XMLHttpRequest-impl.js:860:11
[90m    at processTicksAndRejections (node:internal/process/task_queues:105:5)[39m
    at Axios.request [90m(file:///C:/Users/tmccabe/OneDrive/Documents/Cub%20Scouts/volunteer-webapp/frontend/[39mnode_modules/[4maxios[24m/lib/core/Axios.js:46:41[90m)[39m
[90m    at processTicksAndRejections (node:internal/process/task_queues:105:5)[39m
    at VolunteersApiService.getMyProfile (C:/Users/tmccabe/OneDrive/Documents/Cub Scouts/volunteer-webapp/frontend/src/services/volunteers.service.ts:56:22)
    at loadProfile (C:/Users/tmccabe/OneDrive/Documents/Cub Scouts/volunteer-webapp/frontend/src/app/dashboard/page.tsx:73:20) {
  isAxiosError: [33mtrue[39m,
  code: [32m'ERR_BAD_REQUEST'[39m,
  config: {
    transitional: {
      silentJSONParsing: [33mtrue[39m,
      forcedJSONParsing: [33mtrue[39m,
      clarifyTimeoutError: [33mfalse[39m,
      legacyInterceptorReqResOrdering: [33mtrue[39m
    },
    adapter: [ [32m'xhr'[39m, [32m'http'[39m, [32m'fetch'[39m ],
    transformRequest: [ [36m[Function: transformRequest][39m ],
    transformResponse: [ [36m[Function: transformResponse][39m ],
    timeout: [33m0[39m,
    xsrfCookieName: [32m'XSRF-TOKEN'[39m,
    xsrfHeaderName: [32m'X-XSRF-TOKEN'[39m,
    maxContentLength: [33m-1[39m,
    maxBodyLength: [33m-1[39m,
    env: { FormData: [36m[Function][39m, Blob: [36m[class Blob][39m },
    validateStatus: [36m[Function: validateStatus][39m,
    headers: Object [AxiosHeaders] {
      Accept: [32m'application/json, text/plain, */*'[39m,
      [32m'Content-Type'[39m: [32m'application/json'[39m
    },
    baseURL: [32m'http://localhost:3001/api'[39m,
    withCredentials: [33mtrue[39m,
    method: [32m'get'[39m,
    url: [32m'/volunteers/me/profile'[39m,
    allowAbsoluteUrls: [33mtrue[39m,
    data: [90mundefined[39m
  },
  request: XMLHttpRequest {},
  response: {
    data: [32m'Too many requests from this IP, please try again later'[39m,
    status: [33m429[39m,
    statusText: [32m'Too Many Requests'[39m,
    headers: Object [AxiosHeaders] {
      [32m'content-type'[39m: [32m'text/html; charset=utf-8'[39m,
      [32m'content-length'[39m: [32m'54'[39m
    },
    config: {
      transitional: [36m[Object][39m,
      adapter: [36m[Array][39m,
      transformRequest: [36m[Array][39m,
      transformResponse: [36m[Array][39m,
      timeout: [33m0[39m,
      xsrfCookieName: [32m'XSRF-TOKEN'[39m,
      xsrfHeaderName: [32m'X-XSRF-TOKEN'[39m,
      maxContentLength: [33m-1[39m,
      maxBodyLength: [33m-1[39m,
      env: [36m[Object][39m,
      validateStatus: [36m[Function: validateStatus][39m,
      headers: [36m[Object [AxiosHeaders]][39m,
      baseURL: [32m'http://localhost:3001/api'[39m,
      withCredentials: [33mtrue[39m,
      method: [32m'get'[39m,
      url: [32m'/volunteers/me/profile'[39m,
      allowAbsoluteUrls: [33mtrue[39m,
      data: [90mundefined[39m
    },
    request: XMLHttpRequest {}
  },
  status: [33m429[39m
}

[90mstderr[2m | src/app/dashboard/page.test.tsx[2m > [22m[2mDashboardPage[2m > [22m[2mPoints Card[2m > [22m[2mshould display total after projected points
[22m[39mFailed to load profile: AxiosError: Request failed with status code 429
    at settle [90m(file:///C:/Users/tmccabe/OneDrive/Documents/Cub%20Scouts/volunteer-webapp/frontend/[39mnode_modules/[4maxios[24m/lib/core/settle.js:20:7[90m)[39m
    at XMLHttpRequest.onloadend [90m(file:///C:/Users/tmccabe/OneDrive/Documents/Cub%20Scouts/volunteer-webapp/frontend/[39mnode_modules/[4maxios[24m/lib/adapters/xhr.js:62:9[90m)[39m
    at XMLHttpRequest.invokeTheCallbackFunction [90m(C:\Users\tmccabe\OneDrive\Documents\Cub 
Scouts\volunteer-webapp\frontend\[39mnode_modules\[4mjsdom[24m\lib\generated\idl\EventHandlerNonNull.js:14:28[90m)[39m
    at XMLHttpRequest.<anonymous> [90m(C:\Users\tmccabe\OneDrive\Documents\Cub 
Scouts\volunteer-webapp\frontend\[39mnode_modules\[4mjsdom[24m\lib\jsdom\living\helpers\create-event-accessor.js:57:32[90m)[39m
    at innerInvokeEventListeners [90m(C:\Users\tmccabe\OneDrive\Documents\Cub 
Scouts\volunteer-webapp\frontend\[39mnode_modules\[4mjsdom[24m\lib\jsdom\living\events\EventTarget-impl.js:360:16[90m)[39m
    at invokeEventListeners [90m(C:\Users\tmccabe\OneDrive\Documents\Cub Scouts\volunteer-webapp\frontend\[39mnode_modules\[4mjsdom[24m\lib\jsdom\living\events\EventTarget-impl.js:296:3[90m)[39m
    at XMLHttpRequestImpl._dispatch [90m(C:\Users\tmccabe\OneDrive\Documents\Cub 
Scouts\volunteer-webapp\frontend\[39mnode_modules\[4mjsdom[24m\lib\jsdom\living\events\EventTarget-impl.js:243:9[90m)[39m
    at fireAnEvent [90m(C:\Users\tmccabe\OneDrive\Documents\Cub Scouts\volunteer-webapp\frontend\[39mnode_modules\[4mjsdom[24m\lib\jsdom\living\helpers\events.js:18:36[90m)[39m
    at [90mC:\Users\tmccabe\OneDrive\Documents\Cub Scouts\volunteer-webapp\frontend\[39mnode_modules\[4mjsdom[24m\lib\jsdom\living\xhr\XMLHttpRequest-impl.js:860:11
[90m    at processTicksAndRejections (node:internal/process/task_queues:105:5)[39m
    at Axios.request [90m(file:///C:/Users/tmccabe/OneDrive/Documents/Cub%20Scouts/volunteer-webapp/frontend/[39mnode_modules/[4maxios[24m/lib/core/Axios.js:46:41[90m)[39m
[90m    at processTicksAndRejections (node:internal/process/task_queues:105:5)[39m
    at VolunteersApiService.getMyProfile (C:/Users/tmccabe/OneDrive/Documents/Cub Scouts/volunteer-webapp/frontend/src/services/volunteers.service.ts:56:22)
    at loadProfile (C:/Users/tmccabe/OneDrive/Documents/Cub Scouts/volunteer-webapp/frontend/src/app/dashboard/page.tsx:73:20) {
  isAxiosError: [33mtrue[39m,
  code: [32m'ERR_BAD_REQUEST'[39m,
  config: {
    transitional: {
      silentJSONParsing: [33mtrue[39m,
      forcedJSONParsing: [33mtrue[39m,
      clarifyTimeoutError: [33mfalse[39m,
      legacyInterceptorReqResOrdering: [33mtrue[39m
    },
    adapter: [ [32m'xhr'[39m, [32m'http'[39m, [32m'fetch'[39m ],
    transformRequest: [ [36m[Function: transformRequest][39m ],
    transformResponse: [ [36m[Function: transformResponse][39m ],
    timeout: [33m0[39m,
    xsrfCookieName: [32m'XSRF-TOKEN'[39m,
    xsrfHeaderName: [32m'X-XSRF-TOKEN'[39m,
    maxContentLength: [33m-1[39m,
    maxBodyLength: [33m-1[39m,
    env: { FormData: [36m[Function][39m, Blob: [36m[class Blob][39m },
    validateStatus: [36m[Function: validateStatus][39m,
    headers: Object [AxiosHeaders] {
      Accept: [32m'application/json, text/plain, */*'[39m,
      [32m'Content-Type'[39m: [32m'application/json'[39m
    },
    baseURL: [32m'http://localhost:3001/api'[39m,
    withCredentials: [33mtrue[39m,
    method: [32m'get'[39m,
    url: [32m'/volunteers/me/profile'[39m,
    allowAbsoluteUrls: [33mtrue[39m,
    data: [90mundefined[39m
  },
  request: XMLHttpRequest {},
  response: {
    data: [32m'Too many requests from this IP, please try again later'[39m,
    status: [33m429[39m,
    statusText: [32m'Too Many Requests'[39m,
    headers: Object [AxiosHeaders] {
      [32m'content-type'[39m: [32m'text/html; charset=utf-8'[39m,
      [32m'content-length'[39m: [32m'54'[39m
    },
    config: {
      transitional: [36m[Object][39m,
      adapter: [36m[Array][39m,
      transformRequest: [36m[Array][39m,
      transformResponse: [36m[Array][39m,
      timeout: [33m0[39m,
      xsrfCookieName: [32m'XSRF-TOKEN'[39m,
      xsrfHeaderName: [32m'X-XSRF-TOKEN'[39m,
      maxContentLength: [33m-1[39m,
      maxBodyLength: [33m-1[39m,
      env: [36m[Object][39m,
      validateStatus: [36m[Function: validateStatus][39m,
      headers: [36m[Object [AxiosHeaders]][39m,
      baseURL: [32m'http://localhost:3001/api'[39m,
      withCredentials: [33mtrue[39m,
      method: [32m'get'[39m,
      url: [32m'/volunteers/me/profile'[39m,
      allowAbsoluteUrls: [33mtrue[39m,
      data: [90mundefined[39m
    },
    request: XMLHttpRequest {}
  },
  status: [33m429[39m
}

[90mstderr[2m | src/app/dashboard/page.test.tsx[2m > [22m[2mDashboardPage[2m > [22m[2mPoints Card[2m > [22m[2mshould not display projected points when zero
[22m[39mFailed to load profile: AxiosError: Request failed with status code 429
    at settle [90m(file:///C:/Users/tmccabe/OneDrive/Documents/Cub%20Scouts/volunteer-webapp/frontend/[39mnode_modules/[4maxios[24m/lib/core/settle.js:20:7[90m)[39m
    at XMLHttpRequest.onloadend [90m(file:///C:/Users/tmccabe/OneDrive/Documents/Cub%20Scouts/volunteer-webapp/frontend/[39mnode_modules/[4maxios[24m/lib/adapters/xhr.js:62:9[90m)[39m
    at XMLHttpRequest.invokeTheCallbackFunction [90m(C:\Users\tmccabe\OneDrive\Documents\Cub 
Scouts\volunteer-webapp\frontend\[39mnode_modules\[4mjsdom[24m\lib\generated\idl\EventHandlerNonNull.js:14:28[90m)[39m
    at XMLHttpRequest.<anonymous> [90m(C:\Users\tmccabe\OneDrive\Documents\Cub 
Scouts\volunteer-webapp\frontend\[39mnode_modules\[4mjsdom[24m\lib\jsdom\living\helpers\create-event-accessor.js:57:32[90m)[39m
    at innerInvokeEventListeners [90m(C:\Users\tmccabe\OneDrive\Documents\Cub 
Scouts\volunteer-webapp\frontend\[39mnode_modules\[4mjsdom[24m\lib\jsdom\living\events\EventTarget-impl.js:360:16[90m)[39m
    at invokeEventListeners [90m(C:\Users\tmccabe\OneDrive\Documents\Cub Scouts\volunteer-webapp\frontend\[39mnode_modules\[4mjsdom[24m\lib\jsdom\living\events\EventTarget-impl.js:296:3[90m)[39m
    at XMLHttpRequestImpl._dispatch [90m(C:\Users\tmccabe\OneDrive\Documents\Cub 
Scouts\volunteer-webapp\frontend\[39mnode_modules\[4mjsdom[24m\lib\jsdom\living\events\EventTarget-impl.js:243:9[90m)[39m
    at fireAnEvent [90m(C:\Users\tmccabe\OneDrive\Documents\Cub Scouts\volunteer-webapp\frontend\[39mnode_modules\[4mjsdom[24m\lib\jsdom\living\helpers\events.js:18:36[90m)[39m
    at [90mC:\Users\tmccabe\OneDrive\Documents\Cub Scouts\volunteer-webapp\frontend\[39mnode_modules\[4mjsdom[24m\lib\jsdom\living\xhr\XMLHttpRequest-impl.js:860:11
[90m    at processTicksAndRejections (node:internal/process/task_queues:105:5)[39m
    at Axios.request [90m(file:///C:/Users/tmccabe/OneDrive/Documents/Cub%20Scouts/volunteer-webapp/frontend/[39mnode_modules/[4maxios[24m/lib/core/Axios.js:46:41[90m)[39m
[90m    at processTicksAndRejections (node:internal/process/task_queues:105:5)[39m
    at VolunteersApiService.getMyProfile (C:/Users/tmccabe/OneDrive/Documents/Cub Scouts/volunteer-webapp/frontend/src/services/volunteers.service.ts:56:22)
    at loadProfile (C:/Users/tmccabe/OneDrive/Documents/Cub Scouts/volunteer-webapp/frontend/src/app/dashboard/page.tsx:73:20) {
  isAxiosError: [33mtrue[39m,
  code: [32m'ERR_BAD_REQUEST'[39m,
  config: {
    transitional: {
      silentJSONParsing: [33mtrue[39m,
      forcedJSONParsing: [33mtrue[39m,
      clarifyTimeoutError: [33mfalse[39m,
      legacyInterceptorReqResOrdering: [33mtrue[39m
    },
    adapter: [ [32m'xhr'[39m, [32m'http'[39m, [32m'fetch'[39m ],
    transformRequest: [ [36m[Function: transformRequest][39m ],
    transformResponse: [ [36m[Function: transformResponse][39m ],
    timeout: [33m0[39m,
    xsrfCookieName: [32m'XSRF-TOKEN'[39m,
    xsrfHeaderName: [32m'X-XSRF-TOKEN'[39m,
    maxContentLength: [33m-1[39m,
    maxBodyLength: [33m-1[39m,
    env: { FormData: [36m[Function][39m, Blob: [36m[class Blob][39m },
    validateStatus: [36m[Function: validateStatus][39m,
    headers: Object [AxiosHeaders] {
      Accept: [32m'application/json, text/plain, */*'[39m,
      [32m'Content-Type'[39m: [32m'application/json'[39m
    },
    baseURL: [32m'http://localhost:3001/api'[39m,
    withCredentials: [33mtrue[39m,
    method: [32m'get'[39m,
    url: [32m'/volunteers/me/profile'[39m,
    allowAbsoluteUrls: [33mtrue[39m,
    data: [90mundefined[39m
  },
  request: XMLHttpRequest {},
  response: {
    data: [32m'Too many requests from this IP, please try again later'[39m,
    status: [33m429[39m,
    statusText: [32m'Too Many Requests'[39m,
    headers: Object [AxiosHeaders] {
      [32m'content-type'[39m: [32m'text/html; charset=utf-8'[39m,
      [32m'content-length'[39m: [32m'54'[39m
    },
    config: {
      transitional: [36m[Object][39m,
      adapter: [36m[Array][39m,
      transformRequest: [36m[Array][39m,
      transformResponse: [36m[Array][39m,
      timeout: [33m0[39m,
      xsrfCookieName: [32m'XSRF-TOKEN'[39m,
      xsrfHeaderName: [32m'X-XSRF-TOKEN'[39m,
      maxContentLength: [33m-1[39m,
      maxBodyLength: [33m-1[39m,
      env: [36m[Object][39m,
      validateStatus: [36m[Function: validateStatus][39m,
      headers: [36m[Object [AxiosHeaders]][39m,
      baseURL: [32m'http://localhost:3001/api'[39m,
      withCredentials: [33mtrue[39m,
      method: [32m'get'[39m,
      url: [32m'/volunteers/me/profile'[39m,
      allowAbsoluteUrls: [33mtrue[39m,
      data: [90mundefined[39m
    },
    request: XMLHttpRequest {}
  },
  status: [33m429[39m
}

[90mstderr[2m | src/app/dashboard/page.test.tsx[2m > [22m[2mDashboardPage[2m > [22m[2mQuick Actions Card[2m > [22m[2mshould render all quick action buttons
[22m[39mFailed to load profile: AxiosError: Request failed with status code 429
    at settle [90m(file:///C:/Users/tmccabe/OneDrive/Documents/Cub%20Scouts/volunteer-webapp/frontend/[39mnode_modules/[4maxios[24m/lib/core/settle.js:20:7[90m)[39m
    at XMLHttpRequest.onloadend [90m(file:///C:/Users/tmccabe/OneDrive/Documents/Cub%20Scouts/volunteer-webapp/frontend/[39mnode_modules/[4maxios[24m/lib/adapters/xhr.js:62:9[90m)[39m
    at XMLHttpRequest.invokeTheCallbackFunction [90m(C:\Users\tmccabe\OneDrive\Documents\Cub 
Scouts\volunteer-webapp\frontend\[39mnode_modules\[4mjsdom[24m\lib\generated\idl\EventHandlerNonNull.js:14:28[90m)[39m
    at XMLHttpRequest.<anonymous> [90m(C:\Users\tmccabe\OneDrive\Documents\Cub 
Scouts\volunteer-webapp\frontend\[39mnode_modules\[4mjsdom[24m\lib\jsdom\living\helpers\create-event-accessor.js:57:32[90m)[39m
    at innerInvokeEventListeners [90m(C:\Users\tmccabe\OneDrive\Documents\Cub 
Scouts\volunteer-webapp\frontend\[39mnode_modules\[4mjsdom[24m\lib\jsdom\living\events\EventTarget-impl.js:360:16[90m)[39m
    at invokeEventListeners [90m(C:\Users\tmccabe\OneDrive\Documents\Cub Scouts\volunteer-webapp\frontend\[39mnode_modules\[4mjsdom[24m\lib\jsdom\living\events\EventTarget-impl.js:296:3[90m)[39m
    at XMLHttpRequestImpl._dispatch [90m(C:\Users\tmccabe\OneDrive\Documents\Cub 
Scouts\volunteer-webapp\frontend\[39mnode_modules\[4mjsdom[24m\lib\jsdom\living\events\EventTarget-impl.js:243:9[90m)[39m
    at fireAnEvent [90m(C:\Users\tmccabe\OneDrive\Documents\Cub Scouts\volunteer-webapp\frontend\[39mnode_modules\[4mjsdom[24m\lib\jsdom\living\helpers\events.js:18:36[90m)[39m
    at [90mC:\Users\tmccabe\OneDrive\Documents\Cub Scouts\volunteer-webapp\frontend\[39mnode_modules\[4mjsdom[24m\lib\jsdom\living\xhr\XMLHttpRequest-impl.js:860:11
[90m    at processTicksAndRejections (node:internal/process/task_queues:105:5)[39m
    at Axios.request [90m(file:///C:/Users/tmccabe/OneDrive/Documents/Cub%20Scouts/volunteer-webapp/frontend/[39mnode_modules/[4maxios[24m/lib/core/Axios.js:46:41[90m)[39m
[90m    at processTicksAndRejections (node:internal/process/task_queues:105:5)[39m
    at VolunteersApiService.getMyProfile (C:/Users/tmccabe/OneDrive/Documents/Cub Scouts/volunteer-webapp/frontend/src/services/volunteers.service.ts:56:22)
    at loadProfile (C:/Users/tmccabe/OneDrive/Documents/Cub Scouts/volunteer-webapp/frontend/src/app/dashboard/page.tsx:73:20) {
  isAxiosError: [33mtrue[39m,
  code: [32m'ERR_BAD_REQUEST'[39m,
  config: {
    transitional: {
      silentJSONParsing: [33mtrue[39m,
      forcedJSONParsing: [33mtrue[39m,
      clarifyTimeoutError: [33mfalse[39m,
      legacyInterceptorReqResOrdering: [33mtrue[39m
    },
    adapter: [ [32m'xhr'[39m, [32m'http'[39m, [32m'fetch'[39m ],
    transformRequest: [ [36m[Function: transformRequest][39m ],
    transformResponse: [ [36m[Function: transformResponse][39m ],
    timeout: [33m0[39m,
    xsrfCookieName: [32m'XSRF-TOKEN'[39m,
    xsrfHeaderName: [32m'X-XSRF-TOKEN'[39m,
    maxContentLength: [33m-1[39m,
    maxBodyLength: [33m-1[39m,
    env: { FormData: [36m[Function][39m, Blob: [36m[class Blob][39m },
    validateStatus: [36m[Function: validateStatus][39m,
    headers: Object [AxiosHeaders] {
      Accept: [32m'application/json, text/plain, */*'[39m,
      [32m'Content-Type'[39m: [32m'application/json'[39m
    },
    baseURL: [32m'http://localhost:3001/api'[39m,
    withCredentials: [33mtrue[39m,
    method: [32m'get'[39m,
    url: [32m'/volunteers/me/profile'[39m,
    allowAbsoluteUrls: [33mtrue[39m,
    data: [90mundefined[39m
  },
  request: XMLHttpRequest {},
  response: {
    data: [32m'Too many requests from this IP, please try again later'[39m,
    status: [33m429[39m,
    statusText: [32m'Too Many Requests'[39m,
    headers: Object [AxiosHeaders] {
      [32m'content-type'[39m: [32m'text/html; charset=utf-8'[39m,
      [32m'content-length'[39m: [32m'54'[39m
    },
    config: {
      transitional: [36m[Object][39m,
      adapter: [36m[Array][39m,
      transformRequest: [36m[Array][39m,
      transformResponse: [36m[Array][39m,
      timeout: [33m0[39m,
      xsrfCookieName: [32m'XSRF-TOKEN'[39m,
      xsrfHeaderName: [32m'X-XSRF-TOKEN'[39m,
      maxContentLength: [33m-1[39m,
      maxBodyLength: [33m-1[39m,
      env: [36m[Object][39m,
      validateStatus: [36m[Function: validateStatus][39m,
      headers: [36m[Object [AxiosHeaders]][39m,
      baseURL: [32m'http://localhost:3001/api'[39m,
      withCredentials: [33mtrue[39m,
      method: [32m'get'[39m,
      url: [32m'/volunteers/me/profile'[39m,
      allowAbsoluteUrls: [33mtrue[39m,
      data: [90mundefined[39m
    },
    request: XMLHttpRequest {}
  },
  status: [33m429[39m
}

[90mstderr[2m | src/app/dashboard/page.test.tsx[2m > [22m[2mDashboardPage[2m > [22m[2mQuick Actions Card[2m > [22m[2mshould render all quick action buttons
[22m[39mFailed to load profile: AxiosError: Request failed with status code 429
    at settle [90m(file:///C:/Users/tmccabe/OneDrive/Documents/Cub%20Scouts/volunteer-webapp/frontend/[39mnode_modules/[4maxios[24m/lib/core/settle.js:20:7[90m)[39m
    at XMLHttpRequest.onloadend [90m(file:///C:/Users/tmccabe/OneDrive/Documents/Cub%20Scouts/volunteer-webapp/frontend/[39mnode_modules/[4maxios[24m/lib/adapters/xhr.js:62:9[90m)[39m
    at XMLHttpRequest.invokeTheCallbackFunction [90m(C:\Users\tmccabe\OneDrive\Documents\Cub 
Scouts\volunteer-webapp\frontend\[39mnode_modules\[4mjsdom[24m\lib\generated\idl\EventHandlerNonNull.js:14:28[90m)[39m
    at XMLHttpRequest.<anonymous> [90m(C:\Users\tmccabe\OneDrive\Documents\Cub 
Scouts\volunteer-webapp\frontend\[39mnode_modules\[4mjsdom[24m\lib\jsdom\living\helpers\create-event-accessor.js:57:32[90m)[39m
    at innerInvokeEventListeners [90m(C:\Users\tmccabe\OneDrive\Documents\Cub 
Scouts\volunteer-webapp\frontend\[39mnode_modules\[4mjsdom[24m\lib\jsdom\living\events\EventTarget-impl.js:360:16[90m)[39m
    at invokeEventListeners [90m(C:\Users\tmccabe\OneDrive\Documents\Cub Scouts\volunteer-webapp\frontend\[39mnode_modules\[4mjsdom[24m\lib\jsdom\living\events\EventTarget-impl.js:296:3[90m)[39m
    at XMLHttpRequestImpl._dispatch [90m(C:\Users\tmccabe\OneDrive\Documents\Cub 
Scouts\volunteer-webapp\frontend\[39mnode_modules\[4mjsdom[24m\lib\jsdom\living\events\EventTarget-impl.js:243:9[90m)[39m
    at fireAnEvent [90m(C:\Users\tmccabe\OneDrive\Documents\Cub Scouts\volunteer-webapp\frontend\[39mnode_modules\[4mjsdom[24m\lib\jsdom\living\helpers\events.js:18:36[90m)[39m
    at [90mC:\Users\tmccabe\OneDrive\Documents\Cub Scouts\volunteer-webapp\frontend\[39mnode_modules\[4mjsdom[24m\lib\jsdom\living\xhr\XMLHttpRequest-impl.js:860:11
[90m    at processTicksAndRejections (node:internal/process/task_queues:105:5)[39m
    at Axios.request [90m(file:///C:/Users/tmccabe/OneDrive/Documents/Cub%20Scouts/volunteer-webapp/frontend/[39mnode_modules/[4maxios[24m/lib/core/Axios.js:46:41[90m)[39m
[90m    at processTicksAndRejections (node:internal/process/task_queues:105:5)[39m
    at VolunteersApiService.getMyProfile (C:/Users/tmccabe/OneDrive/Documents/Cub Scouts/volunteer-webapp/frontend/src/services/volunteers.service.ts:56:22)
    at loadProfile (C:/Users/tmccabe/OneDrive/Documents/Cub Scouts/volunteer-webapp/frontend/src/app/dashboard/page.tsx:73:20) {
  isAxiosError: [33mtrue[39m,
  code: [32m'ERR_BAD_REQUEST'[39m,
  config: {
    transitional: {
      silentJSONParsing: [33mtrue[39m,
      forcedJSONParsing: [33mtrue[39m,
      clarifyTimeoutError: [33mfalse[39m,
      legacyInterceptorReqResOrdering: [33mtrue[39m
    },
    adapter: [ [32m'xhr'[39m, [32m'http'[39m, [32m'fetch'[39m ],
    transformRequest: [ [36m[Function: transformRequest][39m ],
    transformResponse: [ [36m[Function: transformResponse][39m ],
    timeout: [33m0[39m,
    xsrfCookieName: [32m'XSRF-TOKEN'[39m,
    xsrfHeaderName: [32m'X-XSRF-TOKEN'[39m,
    maxContentLength: [33m-1[39m,
    maxBodyLength: [33m-1[39m,
    env: { FormData: [36m[Function][39m, Blob: [36m[class Blob][39m },
    validateStatus: [36m[Function: validateStatus][39m,
    headers: Object [AxiosHeaders] {
      Accept: [32m'application/json, text/plain, */*'[39m,
      [32m'Content-Type'[39m: [32m'application/json'[39m
    },
    baseURL: [32m'http://localhost:3001/api'[39m,
    withCredentials: [33mtrue[39m,
    method: [32m'get'[39m,
    url: [32m'/volunteers/me/profile'[39m,
    allowAbsoluteUrls: [33mtrue[39m,
    data: [90mundefined[39m
  },
  request: XMLHttpRequest {},
  response: {
    data: [32m'Too many requests from this IP, please try again later'[39m,
    status: [33m429[39m,
    statusText: [32m'Too Many Requests'[39m,
    headers: Object [AxiosHeaders] {
      [32m'content-type'[39m: [32m'text/html; charset=utf-8'[39m,
      [32m'content-length'[39m: [32m'54'[39m
    },
    config: {
      transitional: [36m[Object][39m,
      adapter: [36m[Array][39m,
      transformRequest: [36m[Array][39m,
      transformResponse: [36m[Array][39m,
      timeout: [33m0[39m,
      xsrfCookieName: [32m'XSRF-TOKEN'[39m,
      xsrfHeaderName: [32m'X-XSRF-TOKEN'[39m,
      maxContentLength: [33m-1[39m,
      maxBodyLength: [33m-1[39m,
      env: [36m[Object][39m,
      validateStatus: [36m[Function: validateStatus][39m,
      headers: [36m[Object [AxiosHeaders]][39m,
      baseURL: [32m'http://localhost:3001/api'[39m,
      withCredentials: [33mtrue[39m,
      method: [32m'get'[39m,
      url: [32m'/volunteers/me/profile'[39m,
      allowAbsoluteUrls: [33mtrue[39m,
      data: [90mundefined[39m
    },
    request: XMLHttpRequest {}
  },
  status: [33m429[39m
}

[90mstderr[2m | src/app/dashboard/page.test.tsx[2m > [22m[2mDashboardPage[2m > [22m[2mQuick Actions Card[2m > [22m[2mshould link to events page
[22m[39mFailed to load profile: AxiosError: Request failed with status code 429
    at settle [90m(file:///C:/Users/tmccabe/OneDrive/Documents/Cub%20Scouts/volunteer-webapp/frontend/[39mnode_modules/[4maxios[24m/lib/core/settle.js:20:7[90m)[39m
    at XMLHttpRequest.onloadend [90m(file:///C:/Users/tmccabe/OneDrive/Documents/Cub%20Scouts/volunteer-webapp/frontend/[39mnode_modules/[4maxios[24m/lib/adapters/xhr.js:62:9[90m)[39m
    at XMLHttpRequest.invokeTheCallbackFunction [90m(C:\Users\tmccabe\OneDrive\Documents\Cub 
Scouts\volunteer-webapp\frontend\[39mnode_modules\[4mjsdom[24m\lib\generated\idl\EventHandlerNonNull.js:14:28[90m)[39m
    at XMLHttpRequest.<anonymous> [90m(C:\Users\tmccabe\OneDrive\Documents\Cub 
Scouts\volunteer-webapp\frontend\[39mnode_modules\[4mjsdom[24m\lib\jsdom\living\helpers\create-event-accessor.js:57:32[90m)[39m
    at innerInvokeEventListeners [90m(C:\Users\tmccabe\OneDrive\Documents\Cub 
Scouts\volunteer-webapp\frontend\[39mnode_modules\[4mjsdom[24m\lib\jsdom\living\events\EventTarget-impl.js:360:16[90m)[39m
    at invokeEventListeners [90m(C:\Users\tmccabe\OneDrive\Documents\Cub Scouts\volunteer-webapp\frontend\[39mnode_modules\[4mjsdom[24m\lib\jsdom\living\events\EventTarget-impl.js:296:3[90m)[39m
    at XMLHttpRequestImpl._dispatch [90m(C:\Users\tmccabe\OneDrive\Documents\Cub 
Scouts\volunteer-webapp\frontend\[39mnode_modules\[4mjsdom[24m\lib\jsdom\living\events\EventTarget-impl.js:243:9[90m)[39m
    at fireAnEvent [90m(C:\Users\tmccabe\OneDrive\Documents\Cub Scouts\volunteer-webapp\frontend\[39mnode_modules\[4mjsdom[24m\lib\jsdom\living\helpers\events.js:18:36[90m)[39m
    at [90mC:\Users\tmccabe\OneDrive\Documents\Cub Scouts\volunteer-webapp\frontend\[39mnode_modules\[4mjsdom[24m\lib\jsdom\living\xhr\XMLHttpRequest-impl.js:860:11
[90m    at processTicksAndRejections (node:internal/process/task_queues:105:5)[39m
    at Axios.request [90m(file:///C:/Users/tmccabe/OneDrive/Documents/Cub%20Scouts/volunteer-webapp/frontend/[39mnode_modules/[4maxios[24m/lib/core/Axios.js:46:41[90m)[39m
[90m    at processTicksAndRejections (node:internal/process/task_queues:105:5)[39m
    at VolunteersApiService.getMyProfile (C:/Users/tmccabe/OneDrive/Documents/Cub Scouts/volunteer-webapp/frontend/src/services/volunteers.service.ts:56:22)
    at loadProfile (C:/Users/tmccabe/OneDrive/Documents/Cub Scouts/volunteer-webapp/frontend/src/app/dashboard/page.tsx:73:20) {
  isAxiosError: [33mtrue[39m,
  code: [32m'ERR_BAD_REQUEST'[39m,
  config: {
    transitional: {
      silentJSONParsing: [33mtrue[39m,
      forcedJSONParsing: [33mtrue[39m,
      clarifyTimeoutError: [33mfalse[39m,
      legacyInterceptorReqResOrdering: [33mtrue[39m
    },
    adapter: [ [32m'xhr'[39m, [32m'http'[39m, [32m'fetch'[39m ],
    transformRequest: [ [36m[Function: transformRequest][39m ],
    transformResponse: [ [36m[Function: transformResponse][39m ],
    timeout: [33m0[39m,
    xsrfCookieName: [32m'XSRF-TOKEN'[39m,
    xsrfHeaderName: [32m'X-XSRF-TOKEN'[39m,
    maxContentLength: [33m-1[39m,
    maxBodyLength: [33m-1[39m,
    env: { FormData: [36m[Function][39m, Blob: [36m[class Blob][39m },
    validateStatus: [36m[Function: validateStatus][39m,
    headers: Object [AxiosHeaders] {
      Accept: [32m'application/json, text/plain, */*'[39m,
      [32m'Content-Type'[39m: [32m'application/json'[39m
    },
    baseURL: [32m'http://localhost:3001/api'[39m,
    withCredentials: [33mtrue[39m,
    method: [32m'get'[39m,
    url: [32m'/volunteers/me/profile'[39m,
    allowAbsoluteUrls: [33mtrue[39m,
    data: [90mundefined[39m
  },
  request: XMLHttpRequest {},
  response: {
    data: [32m'Too many requests from this IP, please try again later'[39m,
    status: [33m429[39m,
    statusText: [32m'Too Many Requests'[39m,
    headers: Object [AxiosHeaders] {
      [32m'content-type'[39m: [32m'text/html; charset=utf-8'[39m,
      [32m'content-length'[39m: [32m'54'[39m
    },
    config: {
      transitional: [36m[Object][39m,
      adapter: [36m[Array][39m,
      transformRequest: [36m[Array][39m,
      transformResponse: [36m[Array][39m,
      timeout: [33m0[39m,
      xsrfCookieName: [32m'XSRF-TOKEN'[39m,
      xsrfHeaderName: [32m'X-XSRF-TOKEN'[39m,
      maxContentLength: [33m-1[39m,
      maxBodyLength: [33m-1[39m,
      env: [36m[Object][39m,
      validateStatus: [36m[Function: validateStatus][39m,
      headers: [36m[Object [AxiosHeaders]][39m,
      baseURL: [32m'http://localhost:3001/api'[39m,
      withCredentials: [33mtrue[39m,
      method: [32m'get'[39m,
      url: [32m'/volunteers/me/profile'[39m,
      allowAbsoluteUrls: [33mtrue[39m,
      data: [90mundefined[39m
    },
    request: XMLHttpRequest {}
  },
  status: [33m429[39m
}

[90mstderr[2m | src/app/dashboard/page.test.tsx[2m > [22m[2mDashboardPage[2m > [22m[2mQuick Actions Card[2m > [22m[2mshould link to tasks page
[22m[39mFailed to load profile: AxiosError: Request failed with status code 429
    at settle [90m(file:///C:/Users/tmccabe/OneDrive/Documents/Cub%20Scouts/volunteer-webapp/frontend/[39mnode_modules/[4maxios[24m/lib/core/settle.js:20:7[90m)[39m
    at XMLHttpRequest.onloadend [90m(file:///C:/Users/tmccabe/OneDrive/Documents/Cub%20Scouts/volunteer-webapp/frontend/[39mnode_modules/[4maxios[24m/lib/adapters/xhr.js:62:9[90m)[39m
    at XMLHttpRequest.invokeTheCallbackFunction [90m(C:\Users\tmccabe\OneDrive\Documents\Cub 
Scouts\volunteer-webapp\frontend\[39mnode_modules\[4mjsdom[24m\lib\generated\idl\EventHandlerNonNull.js:14:28[90m)[39m
    at XMLHttpRequest.<anonymous> [90m(C:\Users\tmccabe\OneDrive\Documents\Cub 
Scouts\volunteer-webapp\frontend\[39mnode_modules\[4mjsdom[24m\lib\jsdom\living\helpers\create-event-accessor.js:57:32[90m)[39m
    at innerInvokeEventListeners [90m(C:\Users\tmccabe\OneDrive\Documents\Cub 
Scouts\volunteer-webapp\frontend\[39mnode_modules\[4mjsdom[24m\lib\jsdom\living\events\EventTarget-impl.js:360:16[90m)[39m
    at invokeEventListeners [90m(C:\Users\tmccabe\OneDrive\Documents\Cub Scouts\volunteer-webapp\frontend\[39mnode_modules\[4mjsdom[24m\lib\jsdom\living\events\EventTarget-impl.js:296:3[90m)[39m
    at XMLHttpRequestImpl._dispatch [90m(C:\Users\tmccabe\OneDrive\Documents\Cub 
Scouts\volunteer-webapp\frontend\[39mnode_modules\[4mjsdom[24m\lib\jsdom\living\events\EventTarget-impl.js:243:9[90m)[39m
    at fireAnEvent [90m(C:\Users\tmccabe\OneDrive\Documents\Cub Scouts\volunteer-webapp\frontend\[39mnode_modules\[4mjsdom[24m\lib\jsdom\living\helpers\events.js:18:36[90m)[39m
    at [90mC:\Users\tmccabe\OneDrive\Documents\Cub Scouts\volunteer-webapp\frontend\[39mnode_modules\[4mjsdom[24m\lib\jsdom\living\xhr\XMLHttpRequest-impl.js:860:11
[90m    at processTicksAndRejections (node:internal/process/task_queues:105:5)[39m
    at Axios.request [90m(file:///C:/Users/tmccabe/OneDrive/Documents/Cub%20Scouts/volunteer-webapp/frontend/[39mnode_modules/[4maxios[24m/lib/core/Axios.js:46:41[90m)[39m
[90m    at processTicksAndRejections (node:internal/process/task_queues:105:5)[39m
    at VolunteersApiService.getMyProfile (C:/Users/tmccabe/OneDrive/Documents/Cub Scouts/volunteer-webapp/frontend/src/services/volunteers.service.ts:56:22)
    at loadProfile (C:/Users/tmccabe/OneDrive/Documents/Cub Scouts/volunteer-webapp/frontend/src/app/dashboard/page.tsx:73:20) {
  isAxiosError: [33mtrue[39m,
  code: [32m'ERR_BAD_REQUEST'[39m,
  config: {
    transitional: {
      silentJSONParsing: [33mtrue[39m,
      forcedJSONParsing: [33mtrue[39m,
      clarifyTimeoutError: [33mfalse[39m,
      legacyInterceptorReqResOrdering: [33mtrue[39m
    },
    adapter: [ [32m'xhr'[39m, [32m'http'[39m, [32m'fetch'[39m ],
    transformRequest: [ [36m[Function: transformRequest][39m ],
    transformResponse: [ [36m[Function: transformResponse][39m ],
    timeout: [33m0[39m,
    xsrfCookieName: [32m'XSRF-TOKEN'[39m,
    xsrfHeaderName: [32m'X-XSRF-TOKEN'[39m,
    maxContentLength: [33m-1[39m,
    maxBodyLength: [33m-1[39m,
    env: { FormData: [36m[Function][39m, Blob: [36m[class Blob][39m },
    validateStatus: [36m[Function: validateStatus][39m,
    headers: Object [AxiosHeaders] {
      Accept: [32m'application/json, text/plain, */*'[39m,
      [32m'Content-Type'[39m: [32m'application/json'[39m
    },
    baseURL: [32m'http://localhost:3001/api'[39m,
    withCredentials: [33mtrue[39m,
    method: [32m'get'[39m,
    url: [32m'/volunteers/me/profile'[39m,
    allowAbsoluteUrls: [33mtrue[39m,
    data: [90mundefined[39m
  },
  request: XMLHttpRequest {},
  response: {
    data: [32m'Too many requests from this IP, please try again later'[39m,
    status: [33m429[39m,
    statusText: [32m'Too Many Requests'[39m,
    headers: Object [AxiosHeaders] {
      [32m'content-type'[39m: [32m'text/html; charset=utf-8'[39m,
      [32m'content-length'[39m: [32m'54'[39m
    },
    config: {
      transitional: [36m[Object][39m,
      adapter: [36m[Array][39m,
      transformRequest: [36m[Array][39m,
      transformResponse: [36m[Array][39m,
      timeout: [33m0[39m,
      xsrfCookieName: [32m'XSRF-TOKEN'[39m,
      xsrfHeaderName: [32m'X-XSRF-TOKEN'[39m,
      maxContentLength: [33m-1[39m,
      maxBodyLength: [33m-1[39m,
      env: [36m[Object][39m,
      validateStatus: [36m[Function: validateStatus][39m,
      headers: [36m[Object [AxiosHeaders]][39m,
      baseURL: [32m'http://localhost:3001/api'[39m,
      withCredentials: [33mtrue[39m,
      method: [32m'get'[39m,
      url: [32m'/volunteers/me/profile'[39m,
      allowAbsoluteUrls: [33mtrue[39m,
      data: [90mundefined[39m
    },
    request: XMLHttpRequest {}
  },
  status: [33m429[39m
}

[90mstderr[2m | src/app/dashboard/page.test.tsx[2m > [22m[2mDashboardPage[2m > [22m[2mQuick Actions Card[2m > [22m[2mshould link to leaderboard page
[22m[39mFailed to load profile: AxiosError: Request failed with status code 429
    at settle [90m(file:///C:/Users/tmccabe/OneDrive/Documents/Cub%20Scouts/volunteer-webapp/frontend/[39mnode_modules/[4maxios[24m/lib/core/settle.js:20:7[90m)[39m
    at XMLHttpRequest.onloadend [90m(file:///C:/Users/tmccabe/OneDrive/Documents/Cub%20Scouts/volunteer-webapp/frontend/[39mnode_modules/[4maxios[24m/lib/adapters/xhr.js:62:9[90m)[39m
    at XMLHttpRequest.invokeTheCallbackFunction [90m(C:\Users\tmccabe\OneDrive\Documents\Cub 
Scouts\volunteer-webapp\frontend\[39mnode_modules\[4mjsdom[24m\lib\generated\idl\EventHandlerNonNull.js:14:28[90m)[39m
    at XMLHttpRequest.<anonymous> [90m(C:\Users\tmccabe\OneDrive\Documents\Cub 
Scouts\volunteer-webapp\frontend\[39mnode_modules\[4mjsdom[24m\lib\jsdom\living\helpers\create-event-accessor.js:57:32[90m)[39m
    at innerInvokeEventListeners [90m(C:\Users\tmccabe\OneDrive\Documents\Cub 
Scouts\volunteer-webapp\frontend\[39mnode_modules\[4mjsdom[24m\lib\jsdom\living\events\EventTarget-impl.js:360:16[90m)[39m
    at invokeEventListeners [90m(C:\Users\tmccabe\OneDrive\Documents\Cub Scouts\volunteer-webapp\frontend\[39mnode_modules\[4mjsdom[24m\lib\jsdom\living\events\EventTarget-impl.js:296:3[90m)[39m
    at XMLHttpRequestImpl._dispatch [90m(C:\Users\tmccabe\OneDrive\Documents\Cub 
Scouts\volunteer-webapp\frontend\[39mnode_modules\[4mjsdom[24m\lib\jsdom\living\events\EventTarget-impl.js:243:9[90m)[39m
    at fireAnEvent [90m(C:\Users\tmccabe\OneDrive\Documents\Cub Scouts\volunteer-webapp\frontend\[39mnode_modules\[4mjsdom[24m\lib\jsdom\living\helpers\events.js:18:36[90m)[39m
    at [90mC:\Users\tmccabe\OneDrive\Documents\Cub Scouts\volunteer-webapp\frontend\[39mnode_modules\[4mjsdom[24m\lib\jsdom\living\xhr\XMLHttpRequest-impl.js:860:11
[90m    at processTicksAndRejections (node:internal/process/task_queues:105:5)[39m
    at Axios.request [90m(file:///C:/Users/tmccabe/OneDrive/Documents/Cub%20Scouts/volunteer-webapp/frontend/[39mnode_modules/[4maxios[24m/lib/core/Axios.js:46:41[90m)[39m
[90m    at processTicksAndRejections (node:internal/process/task_queues:105:5)[39m
    at VolunteersApiService.getMyProfile (C:/Users/tmccabe/OneDrive/Documents/Cub Scouts/volunteer-webapp/frontend/src/services/volunteers.service.ts:56:22)
    at loadProfile (C:/Users/tmccabe/OneDrive/Documents/Cub Scouts/volunteer-webapp/frontend/src/app/dashboard/page.tsx:73:20) {
  isAxiosError: [33mtrue[39m,
  code: [32m'ERR_BAD_REQUEST'[39m,
  config: {
    transitional: {
      silentJSONParsing: [33mtrue[39m,
      forcedJSONParsing: [33mtrue[39m,
      clarifyTimeoutError: [33mfalse[39m,
      legacyInterceptorReqResOrdering: [33mtrue[39m
    },
    adapter: [ [32m'xhr'[39m, [32m'http'[39m, [32m'fetch'[39m ],
    transformRequest: [ [36m[Function: transformRequest][39m ],
    transformResponse: [ [36m[Function: transformResponse][39m ],
    timeout: [33m0[39m,
    xsrfCookieName: [32m'XSRF-TOKEN'[39m,
    xsrfHeaderName: [32m'X-XSRF-TOKEN'[39m,
    maxContentLength: [33m-1[39m,
    maxBodyLength: [33m-1[39m,
    env: { FormData: [36m[Function][39m, Blob: [36m[class Blob][39m },
    validateStatus: [36m[Function: validateStatus][39m,
    headers: Object [AxiosHeaders] {
      Accept: [32m'application/json, text/plain, */*'[39m,
      [32m'Content-Type'[39m: [32m'application/json'[39m
    },
    baseURL: [32m'http://localhost:3001/api'[39m,
    withCredentials: [33mtrue[39m,
    method: [32m'get'[39m,
    url: [32m'/volunteers/me/profile'[39m,
    allowAbsoluteUrls: [33mtrue[39m,
    data: [90mundefined[39m
  },
  request: XMLHttpRequest {},
  response: {
    data: [32m'Too many requests from this IP, please try again later'[39m,
    status: [33m429[39m,
    statusText: [32m'Too Many Requests'[39m,
    headers: Object [AxiosHeaders] {
      [32m'content-type'[39m: [32m'text/html; charset=utf-8'[39m,
      [32m'content-length'[39m: [32m'54'[39m
    },
    config: {
      transitional: [36m[Object][39m,
      adapter: [36m[Array][39m,
      transformRequest: [36m[Array][39m,
      transformResponse: [36m[Array][39m,
      timeout: [33m0[39m,
      xsrfCookieName: [32m'XSRF-TOKEN'[39m,
      xsrfHeaderName: [32m'X-XSRF-TOKEN'[39m,
      maxContentLength: [33m-1[39m,
      maxBodyLength: [33m-1[39m,
      env: [36m[Object][39m,
      validateStatus: [36m[Function: validateStatus][39m,
      headers: [36m[Object [AxiosHeaders]][39m,
      baseURL: [32m'http://localhost:3001/api'[39m,
      withCredentials: [33mtrue[39m,
      method: [32m'get'[39m,
      url: [32m'/volunteers/me/profile'[39m,
      allowAbsoluteUrls: [33mtrue[39m,
      data: [90mundefined[39m
    },
    request: XMLHttpRequest {}
  },
  status: [33m429[39m
}

[90mstderr[2m | src/app/dashboard/page.test.tsx[2m > [22m[2mDashboardPage[2m > [22m[2mUpcoming Events Section[2m > [22m[2mshould show loading state while events load
[22m[39mAn update to DashboardPage inside a test was not wrapped in act(...).

When testing, code that causes React state updates should be wrapped into act(...):

act(() => {
  /* fire events that update state */
});
/* assert on the output */

This ensures that you're testing the behavior the user would see in the browser. Learn more at https://react.dev/link/wrap-tests-with-act
An update to DashboardPage inside a test was not wrapped in act(...).

When testing, code that causes React state updates should be wrapped into act(...):

act(() => {
  /* fire events that update state */
});
/* assert on the output */

This ensures that you're testing the behavior the user would see in the browser. Learn more at https://react.dev/link/wrap-tests-with-act

[90mstderr[2m | src/app/dashboard/page.test.tsx[2m > [22m[2mDashboardPage[2m > [22m[2mUpcoming Events Section[2m > [22m[2mshould display upcoming events after loading
[22m[39mFailed to load profile: AxiosError: Request failed with status code 429
    at settle [90m(file:///C:/Users/tmccabe/OneDrive/Documents/Cub%20Scouts/volunteer-webapp/frontend/[39mnode_modules/[4maxios[24m/lib/core/settle.js:20:7[90m)[39m
    at XMLHttpRequest.onloadend [90m(file:///C:/Users/tmccabe/OneDrive/Documents/Cub%20Scouts/volunteer-webapp/frontend/[39mnode_modules/[4maxios[24m/lib/adapters/xhr.js:62:9[90m)[39m
    at XMLHttpRequest.invokeTheCallbackFunction [90m(C:\Users\tmccabe\OneDrive\Documents\Cub 
Scouts\volunteer-webapp\frontend\[39mnode_modules\[4mjsdom[24m\lib\generated\idl\EventHandlerNonNull.js:14:28[90m)[39m
    at XMLHttpRequest.<anonymous> [90m(C:\Users\tmccabe\OneDrive\Documents\Cub 
Scouts\volunteer-webapp\frontend\[39mnode_modules\[4mjsdom[24m\lib\jsdom\living\helpers\create-event-accessor.js:57:32[90m)[39m
    at innerInvokeEventListeners [90m(C:\Users\tmccabe\OneDrive\Documents\Cub 
Scouts\volunteer-webapp\frontend\[39mnode_modules\[4mjsdom[24m\lib\jsdom\living\events\EventTarget-impl.js:360:16[90m)[39m
    at invokeEventListeners [90m(C:\Users\tmccabe\OneDrive\Documents\Cub Scouts\volunteer-webapp\frontend\[39mnode_modules\[4mjsdom[24m\lib\jsdom\living\events\EventTarget-impl.js:296:3[90m)[39m
    at XMLHttpRequestImpl._dispatch [90m(C:\Users\tmccabe\OneDrive\Documents\Cub 
Scouts\volunteer-webapp\frontend\[39mnode_modules\[4mjsdom[24m\lib\jsdom\living\events\EventTarget-impl.js:243:9[90m)[39m
    at fireAnEvent [90m(C:\Users\tmccabe\OneDrive\Documents\Cub Scouts\volunteer-webapp\frontend\[39mnode_modules\[4mjsdom[24m\lib\jsdom\living\helpers\events.js:18:36[90m)[39m
    at [90mC:\Users\tmccabe\OneDrive\Documents\Cub Scouts\volunteer-webapp\frontend\[39mnode_modules\[4mjsdom[24m\lib\jsdom\living\xhr\XMLHttpRequest-impl.js:860:11
[90m    at processTicksAndRejections (node:internal/process/task_queues:105:5)[39m
    at Axios.request [90m(file:///C:/Users/tmccabe/OneDrive/Documents/Cub%20Scouts/volunteer-webapp/frontend/[39mnode_modules/[4maxios[24m/lib/core/Axios.js:46:41[90m)[39m
[90m    at processTicksAndRejections (node:internal/process/task_queues:105:5)[39m
    at VolunteersApiService.getMyProfile (C:/Users/tmccabe/OneDrive/Documents/Cub Scouts/volunteer-webapp/frontend/src/services/volunteers.service.ts:56:22)
    at loadProfile (C:/Users/tmccabe/OneDrive/Documents/Cub Scouts/volunteer-webapp/frontend/src/app/dashboard/page.tsx:73:20) {
  isAxiosError: [33mtrue[39m,
  code: [32m'ERR_BAD_REQUEST'[39m,
  config: {
    transitional: {
      silentJSONParsing: [33mtrue[39m,
      forcedJSONParsing: [33mtrue[39m,
      clarifyTimeoutError: [33mfalse[39m,
      legacyInterceptorReqResOrdering: [33mtrue[39m
    },
    adapter: [ [32m'xhr'[39m, [32m'http'[39m, [32m'fetch'[39m ],
    transformRequest: [ [36m[Function: transformRequest][39m ],
    transformResponse: [ [36m[Function: transformResponse][39m ],
    timeout: [33m0[39m,
    xsrfCookieName: [32m'XSRF-TOKEN'[39m,
    xsrfHeaderName: [32m'X-XSRF-TOKEN'[39m,
    maxContentLength: [33m-1[39m,
    maxBodyLength: [33m-1[39m,
    env: { FormData: [36m[Function][39m, Blob: [36m[class Blob][39m },
    validateStatus: [36m[Function: validateStatus][39m,
    headers: Object [AxiosHeaders] {
      Accept: [32m'application/json, text/plain, */*'[39m,
      [32m'Content-Type'[39m: [32m'application/json'[39m
    },
    baseURL: [32m'http://localhost:3001/api'[39m,
    withCredentials: [33mtrue[39m,
    method: [32m'get'[39m,
    url: [32m'/volunteers/me/profile'[39m,
    allowAbsoluteUrls: [33mtrue[39m,
    data: [90mundefined[39m
  },
  request: XMLHttpRequest {},
  response: {
    data: [32m'Too many requests from this IP, please try again later'[39m,
    status: [33m429[39m,
    statusText: [32m'Too Many Requests'[39m,
    headers: Object [AxiosHeaders] {
      [32m'content-type'[39m: [32m'text/html; charset=utf-8'[39m,
      [32m'content-length'[39m: [32m'54'[39m
    },
    config: {
      transitional: [36m[Object][39m,
      adapter: [36m[Array][39m,
      transformRequest: [36m[Array][39m,
      transformResponse: [36m[Array][39m,
      timeout: [33m0[39m,
      xsrfCookieName: [32m'XSRF-TOKEN'[39m,
      xsrfHeaderName: [32m'X-XSRF-TOKEN'[39m,
      maxContentLength: [33m-1[39m,
      maxBodyLength: [33m-1[39m,
      env: [36m[Object][39m,
      validateStatus: [36m[Function: validateStatus][39m,
      headers: [36m[Object [AxiosHeaders]][39m,
      baseURL: [32m'http://localhost:3001/api'[39m,
      withCredentials: [33mtrue[39m,
      method: [32m'get'[39m,
      url: [32m'/volunteers/me/profile'[39m,
      allowAbsoluteUrls: [33mtrue[39m,
      data: [90mundefined[39m
    },
    request: XMLHttpRequest {}
  },
  status: [33m429[39m
}

[90mstderr[2m | src/app/dashboard/page.test.tsx[2m > [22m[2mDashboardPage[2m > [22m[2mUpcoming Events Section[2m > [22m[2mshould display upcoming events after loading
[22m[39mFailed to load profile: AxiosError: Request failed with status code 429
    at settle [90m(file:///C:/Users/tmccabe/OneDrive/Documents/Cub%20Scouts/volunteer-webapp/frontend/[39mnode_modules/[4maxios[24m/lib/core/settle.js:20:7[90m)[39m
    at XMLHttpRequest.onloadend [90m(file:///C:/Users/tmccabe/OneDrive/Documents/Cub%20Scouts/volunteer-webapp/frontend/[39mnode_modules/[4maxios[24m/lib/adapters/xhr.js:62:9[90m)[39m
    at XMLHttpRequest.invokeTheCallbackFunction [90m(C:\Users\tmccabe\OneDrive\Documents\Cub 
Scouts\volunteer-webapp\frontend\[39mnode_modules\[4mjsdom[24m\lib\generated\idl\EventHandlerNonNull.js:14:28[90m)[39m
    at XMLHttpRequest.<anonymous> [90m(C:\Users\tmccabe\OneDrive\Documents\Cub 
Scouts\volunteer-webapp\frontend\[39mnode_modules\[4mjsdom[24m\lib\jsdom\living\helpers\create-event-accessor.js:57:32[90m)[39m
    at innerInvokeEventListeners [90m(C:\Users\tmccabe\OneDrive\Documents\Cub 
Scouts\volunteer-webapp\frontend\[39mnode_modules\[4mjsdom[24m\lib\jsdom\living\events\EventTarget-impl.js:360:16[90m)[39m
    at invokeEventListeners [90m(C:\Users\tmccabe\OneDrive\Documents\Cub Scouts\volunteer-webapp\frontend\[39mnode_modules\[4mjsdom[24m\lib\jsdom\living\events\EventTarget-impl.js:296:3[90m)[39m
    at XMLHttpRequestImpl._dispatch [90m(C:\Users\tmccabe\OneDrive\Documents\Cub 
Scouts\volunteer-webapp\frontend\[39mnode_modules\[4mjsdom[24m\lib\jsdom\living\events\EventTarget-impl.js:243:9[90m)[39m
    at fireAnEvent [90m(C:\Users\tmccabe\OneDrive\Documents\Cub Scouts\volunteer-webapp\frontend\[39mnode_modules\[4mjsdom[24m\lib\jsdom\living\helpers\events.js:18:36[90m)[39m
    at [90mC:\Users\tmccabe\OneDrive\Documents\Cub Scouts\volunteer-webapp\frontend\[39mnode_modules\[4mjsdom[24m\lib\jsdom\living\xhr\XMLHttpRequest-impl.js:860:11
[90m    at processTicksAndRejections (node:internal/process/task_queues:105:5)[39m
    at Axios.request [90m(file:///C:/Users/tmccabe/OneDrive/Documents/Cub%20Scouts/volunteer-webapp/frontend/[39mnode_modules/[4maxios[24m/lib/core/Axios.js:46:41[90m)[39m
[90m    at processTicksAndRejections (node:internal/process/task_queues:105:5)[39m
    at VolunteersApiService.getMyProfile (C:/Users/tmccabe/OneDrive/Documents/Cub Scouts/volunteer-webapp/frontend/src/services/volunteers.service.ts:56:22)
    at loadProfile (C:/Users/tmccabe/OneDrive/Documents/Cub Scouts/volunteer-webapp/frontend/src/app/dashboard/page.tsx:73:20) {
  isAxiosError: [33mtrue[39m,
  code: [32m'ERR_BAD_REQUEST'[39m,
  config: {
    transitional: {
      silentJSONParsing: [33mtrue[39m,
      forcedJSONParsing: [33mtrue[39m,
      clarifyTimeoutError: [33mfalse[39m,
      legacyInterceptorReqResOrdering: [33mtrue[39m
    },
    adapter: [ [32m'xhr'[39m, [32m'http'[39m, [32m'fetch'[39m ],
    transformRequest: [ [36m[Function: transformRequest][39m ],
    transformResponse: [ [36m[Function: transformResponse][39m ],
    timeout: [33m0[39m,
    xsrfCookieName: [32m'XSRF-TOKEN'[39m,
    xsrfHeaderName: [32m'X-XSRF-TOKEN'[39m,
    maxContentLength: [33m-1[39m,
    maxBodyLength: [33m-1[39m,
    env: { FormData: [36m[Function][39m, Blob: [36m[class Blob][39m },
    validateStatus: [36m[Function: validateStatus][39m,
    headers: Object [AxiosHeaders] {
      Accept: [32m'application/json, text/plain, */*'[39m,
      [32m'Content-Type'[39m: [32m'application/json'[39m
    },
    baseURL: [32m'http://localhost:3001/api'[39m,
    withCredentials: [33mtrue[39m,
    method: [32m'get'[39m,
    url: [32m'/volunteers/me/profile'[39m,
    allowAbsoluteUrls: [33mtrue[39m,
    data: [90mundefined[39m
  },
  request: XMLHttpRequest {},
  response: {
    data: [32m'Too many requests from this IP, please try again later'[39m,
    status: [33m429[39m,
    statusText: [32m'Too Many Requests'[39m,
    headers: Object [AxiosHeaders] {
      [32m'content-type'[39m: [32m'text/html; charset=utf-8'[39m,
      [32m'content-length'[39m: [32m'54'[39m
    },
    config: {
      transitional: [36m[Object][39m,
      adapter: [36m[Array][39m,
      transformRequest: [36m[Array][39m,
      transformResponse: [36m[Array][39m,
      timeout: [33m0[39m,
      xsrfCookieName: [32m'XSRF-TOKEN'[39m,
      xsrfHeaderName: [32m'X-XSRF-TOKEN'[39m,
      maxContentLength: [33m-1[39m,
      maxBodyLength: [33m-1[39m,
      env: [36m[Object][39m,
      validateStatus: [36m[Function: validateStatus][39m,
      headers: [36m[Object [AxiosHeaders]][39m,
      baseURL: [32m'http://localhost:3001/api'[39m,
      withCredentials: [33mtrue[39m,
      method: [32m'get'[39m,
      url: [32m'/volunteers/me/profile'[39m,
      allowAbsoluteUrls: [33mtrue[39m,
      data: [90mundefined[39m
    },
    request: XMLHttpRequest {}
  },
  status: [33m429[39m
}

[90mstderr[2m | src/app/dashboard/page.test.tsx[2m > [22m[2mDashboardPage[2m > [22m[2mUpcoming Events Section[2m > [22m[2mshould display upcoming events after loading
[22m[39mFailed to load profile: AxiosError: Request failed with status code 429
    at settle [90m(file:///C:/Users/tmccabe/OneDrive/Documents/Cub%20Scouts/volunteer-webapp/frontend/[39mnode_modules/[4maxios[24m/lib/core/settle.js:20:7[90m)[39m
    at XMLHttpRequest.onloadend [90m(file:///C:/Users/tmccabe/OneDrive/Documents/Cub%20Scouts/volunteer-webapp/frontend/[39mnode_modules/[4maxios[24m/lib/adapters/xhr.js:62:9[90m)[39m
    at XMLHttpRequest.invokeTheCallbackFunction [90m(C:\Users\tmccabe\OneDrive\Documents\Cub 
Scouts\volunteer-webapp\frontend\[39mnode_modules\[4mjsdom[24m\lib\generated\idl\EventHandlerNonNull.js:14:28[90m)[39m
    at XMLHttpRequest.<anonymous> [90m(C:\Users\tmccabe\OneDrive\Documents\Cub 
Scouts\volunteer-webapp\frontend\[39mnode_modules\[4mjsdom[24m\lib\jsdom\living\helpers\create-event-accessor.js:57:32[90m)[39m
    at innerInvokeEventListeners [90m(C:\Users\tmccabe\OneDrive\Documents\Cub 
Scouts\volunteer-webapp\frontend\[39mnode_modules\[4mjsdom[24m\lib\jsdom\living\events\EventTarget-impl.js:360:16[90m)[39m
    at invokeEventListeners [90m(C:\Users\tmccabe\OneDrive\Documents\Cub Scouts\volunteer-webapp\frontend\[39mnode_modules\[4mjsdom[24m\lib\jsdom\living\events\EventTarget-impl.js:296:3[90m)[39m
    at XMLHttpRequestImpl._dispatch [90m(C:\Users\tmccabe\OneDrive\Documents\Cub 
Scouts\volunteer-webapp\frontend\[39mnode_modules\[4mjsdom[24m\lib\jsdom\living\events\EventTarget-impl.js:243:9[90m)[39m
    at fireAnEvent [90m(C:\Users\tmccabe\OneDrive\Documents\Cub Scouts\volunteer-webapp\frontend\[39mnode_modules\[4mjsdom[24m\lib\jsdom\living\helpers\events.js:18:36[90m)[39m
    at [90mC:\Users\tmccabe\OneDrive\Documents\Cub Scouts\volunteer-webapp\frontend\[39mnode_modules\[4mjsdom[24m\lib\jsdom\living\xhr\XMLHttpRequest-impl.js:860:11
[90m    at processTicksAndRejections (node:internal/process/task_queues:105:5)[39m
    at Axios.request [90m(file:///C:/Users/tmccabe/OneDrive/Documents/Cub%20Scouts/volunteer-webapp/frontend/[39mnode_modules/[4maxios[24m/lib/core/Axios.js:46:41[90m)[39m
[90m    at processTicksAndRejections (node:internal/process/task_queues:105:5)[39m
    at VolunteersApiService.getMyProfile (C:/Users/tmccabe/OneDrive/Documents/Cub Scouts/volunteer-webapp/frontend/src/services/volunteers.service.ts:56:22)
    at loadProfile (C:/Users/tmccabe/OneDrive/Documents/Cub Scouts/volunteer-webapp/frontend/src/app/dashboard/page.tsx:73:20) {
  isAxiosError: [33mtrue[39m,
  code: [32m'ERR_BAD_REQUEST'[39m,
  config: {
    transitional: {
      silentJSONParsing: [33mtrue[39m,
      forcedJSONParsing: [33mtrue[39m,
      clarifyTimeoutError: [33mfalse[39m,
      legacyInterceptorReqResOrdering: [33mtrue[39m
    },
    adapter: [ [32m'xhr'[39m, [32m'http'[39m, [32m'fetch'[39m ],
    transformRequest: [ [36m[Function: transformRequest][39m ],
    transformResponse: [ [36m[Function: transformResponse][39m ],
    timeout: [33m0[39m,
    xsrfCookieName: [32m'XSRF-TOKEN'[39m,
    xsrfHeaderName: [32m'X-XSRF-TOKEN'[39m,
    maxContentLength: [33m-1[39m,
    maxBodyLength: [33m-1[39m,
    env: { FormData: [36m[Function][39m, Blob: [36m[class Blob][39m },
    validateStatus: [36m[Function: validateStatus][39m,
    headers: Object [AxiosHeaders] {
      Accept: [32m'application/json, text/plain, */*'[39m,
      [32m'Content-Type'[39m: [32m'application/json'[39m
    },
    baseURL: [32m'http://localhost:3001/api'[39m,
    withCredentials: [33mtrue[39m,
    method: [32m'get'[39m,
    url: [32m'/volunteers/me/profile'[39m,
    allowAbsoluteUrls: [33mtrue[39m,
    data: [90mundefined[39m
  },
  request: XMLHttpRequest {},
  response: {
    data: [32m'Too many requests from this IP, please try again later'[39m,
    status: [33m429[39m,
    statusText: [32m'Too Many Requests'[39m,
    headers: Object [AxiosHeaders] {
      [32m'content-type'[39m: [32m'text/html; charset=utf-8'[39m,
      [32m'content-length'[39m: [32m'54'[39m
    },
    config: {
      transitional: [36m[Object][39m,
      adapter: [36m[Array][39m,
      transformRequest: [36m[Array][39m,
      transformResponse: [36m[Array][39m,
      timeout: [33m0[39m,
      xsrfCookieName: [32m'XSRF-TOKEN'[39m,
      xsrfHeaderName: [32m'X-XSRF-TOKEN'[39m,
      maxContentLength: [33m-1[39m,
      maxBodyLength: [33m-1[39m,
      env: [36m[Object][39m,
      validateStatus: [36m[Function: validateStatus][39m,
      headers: [36m[Object [AxiosHeaders]][39m,
      baseURL: [32m'http://localhost:3001/api'[39m,
      withCredentials: [33mtrue[39m,
      method: [32m'get'[39m,
      url: [32m'/volunteers/me/profile'[39m,
      allowAbsoluteUrls: [33mtrue[39m,
      data: [90mundefined[39m
    },
    request: XMLHttpRequest {}
  },
  status: [33m429[39m
}

[90mstderr[2m | src/app/dashboard/page.test.tsx[2m > [22m[2mDashboardPage[2m > [22m[2mUpcoming Events Section[2m > [22m[2mshould display event dates in formatted form
[22m[39mFailed to load profile: AxiosError: Request failed with status code 429
    at settle [90m(file:///C:/Users/tmccabe/OneDrive/Documents/Cub%20Scouts/volunteer-webapp/frontend/[39mnode_modules/[4maxios[24m/lib/core/settle.js:20:7[90m)[39m
    at XMLHttpRequest.onloadend [90m(file:///C:/Users/tmccabe/OneDrive/Documents/Cub%20Scouts/volunteer-webapp/frontend/[39mnode_modules/[4maxios[24m/lib/adapters/xhr.js:62:9[90m)[39m
    at XMLHttpRequest.invokeTheCallbackFunction [90m(C:\Users\tmccabe\OneDrive\Documents\Cub 
Scouts\volunteer-webapp\frontend\[39mnode_modules\[4mjsdom[24m\lib\generated\idl\EventHandlerNonNull.js:14:28[90m)[39m
    at XMLHttpRequest.<anonymous> [90m(C:\Users\tmccabe\OneDrive\Documents\Cub 
Scouts\volunteer-webapp\frontend\[39mnode_modules\[4mjsdom[24m\lib\jsdom\living\helpers\create-event-accessor.js:57:32[90m)[39m
    at innerInvokeEventListeners [90m(C:\Users\tmccabe\OneDrive\Documents\Cub 
Scouts\volunteer-webapp\frontend\[39mnode_modules\[4mjsdom[24m\lib\jsdom\living\events\EventTarget-impl.js:360:16[90m)[39m
    at invokeEventListeners [90m(C:\Users\tmccabe\OneDrive\Documents\Cub Scouts\volunteer-webapp\frontend\[39mnode_modules\[4mjsdom[24m\lib\jsdom\living\events\EventTarget-impl.js:296:3[90m)[39m
    at XMLHttpRequestImpl._dispatch [90m(C:\Users\tmccabe\OneDrive\Documents\Cub 
Scouts\volunteer-webapp\frontend\[39mnode_modules\[4mjsdom[24m\lib\jsdom\living\events\EventTarget-impl.js:243:9[90m)[39m
    at fireAnEvent [90m(C:\Users\tmccabe\OneDrive\Documents\Cub Scouts\volunteer-webapp\frontend\[39mnode_modules\[4mjsdom[24m\lib\jsdom\living\helpers\events.js:18:36[90m)[39m
    at [90mC:\Users\tmccabe\OneDrive\Documents\Cub Scouts\volunteer-webapp\frontend\[39mnode_modules\[4mjsdom[24m\lib\jsdom\living\xhr\XMLHttpRequest-impl.js:860:11
[90m    at processTicksAndRejections (node:internal/process/task_queues:105:5)[39m
    at Axios.request [90m(file:///C:/Users/tmccabe/OneDrive/Documents/Cub%20Scouts/volunteer-webapp/frontend/[39mnode_modules/[4maxios[24m/lib/core/Axios.js:46:41[90m)[39m
[90m    at processTicksAndRejections (node:internal/process/task_queues:105:5)[39m
    at VolunteersApiService.getMyProfile (C:/Users/tmccabe/OneDrive/Documents/Cub Scouts/volunteer-webapp/frontend/src/services/volunteers.service.ts:56:22)
    at loadProfile (C:/Users/tmccabe/OneDrive/Documents/Cub Scouts/volunteer-webapp/frontend/src/app/dashboard/page.tsx:73:20) {
  isAxiosError: [33mtrue[39m,
  code: [32m'ERR_BAD_REQUEST'[39m,
  config: {
    transitional: {
      silentJSONParsing: [33mtrue[39m,
      forcedJSONParsing: [33mtrue[39m,
      clarifyTimeoutError: [33mfalse[39m,
      legacyInterceptorReqResOrdering: [33mtrue[39m
    },
    adapter: [ [32m'xhr'[39m, [32m'http'[39m, [32m'fetch'[39m ],
    transformRequest: [ [36m[Function: transformRequest][39m ],
    transformResponse: [ [36m[Function: transformResponse][39m ],
    timeout: [33m0[39m,
    xsrfCookieName: [32m'XSRF-TOKEN'[39m,
    xsrfHeaderName: [32m'X-XSRF-TOKEN'[39m,
    maxContentLength: [33m-1[39m,
    maxBodyLength: [33m-1[39m,
    env: { FormData: [36m[Function][39m, Blob: [36m[class Blob][39m },
    validateStatus: [36m[Function: validateStatus][39m,
    headers: Object [AxiosHeaders] {
      Accept: [32m'application/json, text/plain, */*'[39m,
      [32m'Content-Type'[39m: [32m'application/json'[39m
    },
    baseURL: [32m'http://localhost:3001/api'[39m,
    withCredentials: [33mtrue[39m,
    method: [32m'get'[39m,
    url: [32m'/volunteers/me/profile'[39m,
    allowAbsoluteUrls: [33mtrue[39m,
    data: [90mundefined[39m
  },
  request: XMLHttpRequest {},
  response: {
    data: [32m'Too many requests from this IP, please try again later'[39m,
    status: [33m429[39m,
    statusText: [32m'Too Many Requests'[39m,
    headers: Object [AxiosHeaders] {
      [32m'content-type'[39m: [32m'text/html; charset=utf-8'[39m,
      [32m'content-length'[39m: [32m'54'[39m
    },
    config: {
      transitional: [36m[Object][39m,
      adapter: [36m[Array][39m,
      transformRequest: [36m[Array][39m,
      transformResponse: [36m[Array][39m,
      timeout: [33m0[39m,
      xsrfCookieName: [32m'XSRF-TOKEN'[39m,
      xsrfHeaderName: [32m'X-XSRF-TOKEN'[39m,
      maxContentLength: [33m-1[39m,
      maxBodyLength: [33m-1[39m,
      env: [36m[Object][39m,
      validateStatus: [36m[Function: validateStatus][39m,
      headers: [36m[Object [AxiosHeaders]][39m,
      baseURL: [32m'http://localhost:3001/api'[39m,
      withCredentials: [33mtrue[39m,
      method: [32m'get'[39m,
      url: [32m'/volunteers/me/profile'[39m,
      allowAbsoluteUrls: [33mtrue[39m,
      data: [90mundefined[39m
    },
    request: XMLHttpRequest {}
  },
  status: [33m429[39m
}

[90mstderr[2m | src/app/dashboard/page.test.tsx[2m > [22m[2mDashboardPage[2m > [22m[2mUpcoming Events Section[2m > [22m[2mshould display event locations when available
[22m[39mFailed to load profile: AxiosError: Request failed with status code 429
    at settle [90m(file:///C:/Users/tmccabe/OneDrive/Documents/Cub%20Scouts/volunteer-webapp/frontend/[39mnode_modules/[4maxios[24m/lib/core/settle.js:20:7[90m)[39m
    at XMLHttpRequest.onloadend [90m(file:///C:/Users/tmccabe/OneDrive/Documents/Cub%20Scouts/volunteer-webapp/frontend/[39mnode_modules/[4maxios[24m/lib/adapters/xhr.js:62:9[90m)[39m
    at XMLHttpRequest.invokeTheCallbackFunction [90m(C:\Users\tmccabe\OneDrive\Documents\Cub 
Scouts\volunteer-webapp\frontend\[39mnode_modules\[4mjsdom[24m\lib\generated\idl\EventHandlerNonNull.js:14:28[90m)[39m
    at XMLHttpRequest.<anonymous> [90m(C:\Users\tmccabe\OneDrive\Documents\Cub 
Scouts\volunteer-webapp\frontend\[39mnode_modules\[4mjsdom[24m\lib\jsdom\living\helpers\create-event-accessor.js:57:32[90m)[39m
    at innerInvokeEventListeners [90m(C:\Users\tmccabe\OneDrive\Documents\Cub 
Scouts\volunteer-webapp\frontend\[39mnode_modules\[4mjsdom[24m\lib\jsdom\living\events\EventTarget-impl.js:360:16[90m)[39m
    at invokeEventListeners [90m(C:\Users\tmccabe\OneDrive\Documents\Cub Scouts\volunteer-webapp\frontend\[39mnode_modules\[4mjsdom[24m\lib\jsdom\living\events\EventTarget-impl.js:296:3[90m)[39m
    at XMLHttpRequestImpl._dispatch [90m(C:\Users\tmccabe\OneDrive\Documents\Cub 
Scouts\volunteer-webapp\frontend\[39mnode_modules\[4mjsdom[24m\lib\jsdom\living\events\EventTarget-impl.js:243:9[90m)[39m
    at fireAnEvent [90m(C:\Users\tmccabe\OneDrive\Documents\Cub Scouts\volunteer-webapp\frontend\[39mnode_modules\[4mjsdom[24m\lib\jsdom\living\helpers\events.js:18:36[90m)[39m
    at [90mC:\Users\tmccabe\OneDrive\Documents\Cub Scouts\volunteer-webapp\frontend\[39mnode_modules\[4mjsdom[24m\lib\jsdom\living\xhr\XMLHttpRequest-impl.js:860:11
[90m    at processTicksAndRejections (node:internal/process/task_queues:105:5)[39m
    at Axios.request [90m(file:///C:/Users/tmccabe/OneDrive/Documents/Cub%20Scouts/volunteer-webapp/frontend/[39mnode_modules/[4maxios[24m/lib/core/Axios.js:46:41[90m)[39m
[90m    at processTicksAndRejections (node:internal/process/task_queues:105:5)[39m
    at VolunteersApiService.getMyProfile (C:/Users/tmccabe/OneDrive/Documents/Cub Scouts/volunteer-webapp/frontend/src/services/volunteers.service.ts:56:22)
    at loadProfile (C:/Users/tmccabe/OneDrive/Documents/Cub Scouts/volunteer-webapp/frontend/src/app/dashboard/page.tsx:73:20) {
  isAxiosError: [33mtrue[39m,
  code: [32m'ERR_BAD_REQUEST'[39m,
  config: {
    transitional: {
      silentJSONParsing: [33mtrue[39m,
      forcedJSONParsing: [33mtrue[39m,
      clarifyTimeoutError: [33mfalse[39m,
      legacyInterceptorReqResOrdering: [33mtrue[39m
    },
    adapter: [ [32m'xhr'[39m, [32m'http'[39m, [32m'fetch'[39m ],
    transformRequest: [ [36m[Function: transformRequest][39m ],
    transformResponse: [ [36m[Function: transformResponse][39m ],
    timeout: [33m0[39m,
    xsrfCookieName: [32m'XSRF-TOKEN'[39m,
    xsrfHeaderName: [32m'X-XSRF-TOKEN'[39m,
    maxContentLength: [33m-1[39m,
    maxBodyLength: [33m-1[39m,
    env: { FormData: [36m[Function][39m, Blob: [36m[class Blob][39m },
    validateStatus: [36m[Function: validateStatus][39m,
    headers: Object [AxiosHeaders] {
      Accept: [32m'application/json, text/plain, */*'[39m,
      [32m'Content-Type'[39m: [32m'application/json'[39m
    },
    baseURL: [32m'http://localhost:3001/api'[39m,
    withCredentials: [33mtrue[39m,
    method: [32m'get'[39m,
    url: [32m'/volunteers/me/profile'[39m,
    allowAbsoluteUrls: [33mtrue[39m,
    data: [90mundefined[39m
  },
  request: XMLHttpRequest {},
  response: {
    data: [32m'Too many requests from this IP, please try again later'[39m,
    status: [33m429[39m,
    statusText: [32m'Too Many Requests'[39m,
    headers: Object [AxiosHeaders] {
      [32m'content-type'[39m: [32m'text/html; charset=utf-8'[39m,
      [32m'content-length'[39m: [32m'54'[39m
    },
    config: {
      transitional: [36m[Object][39m,
      adapter: [36m[Array][39m,
      transformRequest: [36m[Array][39m,
      transformResponse: [36m[Array][39m,
      timeout: [33m0[39m,
      xsrfCookieName: [32m'XSRF-TOKEN'[39m,
      xsrfHeaderName: [32m'X-XSRF-TOKEN'[39m,
      maxContentLength: [33m-1[39m,
      maxBodyLength: [33m-1[39m,
      env: [36m[Object][39m,
      validateStatus: [36m[Function: validateStatus][39m,
      headers: [36m[Object [AxiosHeaders]][39m,
      baseURL: [32m'http://localhost:3001/api'[39m,
      withCredentials: [33mtrue[39m,
      method: [32m'get'[39m,
      url: [32m'/volunteers/me/profile'[39m,
      allowAbsoluteUrls: [33mtrue[39m,
      data: [90mundefined[39m
    },
    request: XMLHttpRequest {}
  },
  status: [33m429[39m
}

[90mstderr[2m | src/app/dashboard/page.test.tsx[2m > [22m[2mDashboardPage[2m > [22m[2mUpcoming Events Section[2m > [22m[2mshould not display location bullet when location is null
[22m[39mFailed to load profile: AxiosError: Request failed with status code 429
    at settle [90m(file:///C:/Users/tmccabe/OneDrive/Documents/Cub%20Scouts/volunteer-webapp/frontend/[39mnode_modules/[4maxios[24m/lib/core/settle.js:20:7[90m)[39m
    at XMLHttpRequest.onloadend [90m(file:///C:/Users/tmccabe/OneDrive/Documents/Cub%20Scouts/volunteer-webapp/frontend/[39mnode_modules/[4maxios[24m/lib/adapters/xhr.js:62:9[90m)[39m
    at XMLHttpRequest.invokeTheCallbackFunction [90m(C:\Users\tmccabe\OneDrive\Documents\Cub 
Scouts\volunteer-webapp\frontend\[39mnode_modules\[4mjsdom[24m\lib\generated\idl\EventHandlerNonNull.js:14:28[90m)[39m
    at XMLHttpRequest.<anonymous> [90m(C:\Users\tmccabe\OneDrive\Documents\Cub 
Scouts\volunteer-webapp\frontend\[39mnode_modules\[4mjsdom[24m\lib\jsdom\living\helpers\create-event-accessor.js:57:32[90m)[39m
    at innerInvokeEventListeners [90m(C:\Users\tmccabe\OneDrive\Documents\Cub 
Scouts\volunteer-webapp\frontend\[39mnode_modules\[4mjsdom[24m\lib\jsdom\living\events\EventTarget-impl.js:360:16[90m)[39m
    at invokeEventListeners [90m(C:\Users\tmccabe\OneDrive\Documents\Cub Scouts\volunteer-webapp\frontend\[39mnode_modules\[4mjsdom[24m\lib\jsdom\living\events\EventTarget-impl.js:296:3[90m)[39m
    at XMLHttpRequestImpl._dispatch [90m(C:\Users\tmccabe\OneDrive\Documents\Cub 
Scouts\volunteer-webapp\frontend\[39mnode_modules\[4mjsdom[24m\lib\jsdom\living\events\EventTarget-impl.js:243:9[90m)[39m
    at fireAnEvent [90m(C:\Users\tmccabe\OneDrive\Documents\Cub Scouts\volunteer-webapp\frontend\[39mnode_modules\[4mjsdom[24m\lib\jsdom\living\helpers\events.js:18:36[90m)[39m
    at [90mC:\Users\tmccabe\OneDrive\Documents\Cub Scouts\volunteer-webapp\frontend\[39mnode_modules\[4mjsdom[24m\lib\jsdom\living\xhr\XMLHttpRequest-impl.js:860:11
[90m    at processTicksAndRejections (node:internal/process/task_queues:105:5)[39m
    at Axios.request [90m(file:///C:/Users/tmccabe/OneDrive/Documents/Cub%20Scouts/volunteer-webapp/frontend/[39mnode_modules/[4maxios[24m/lib/core/Axios.js:46:41[90m)[39m
[90m    at processTicksAndRejections (node:internal/process/task_queues:105:5)[39m
    at VolunteersApiService.getMyProfile (C:/Users/tmccabe/OneDrive/Documents/Cub Scouts/volunteer-webapp/frontend/src/services/volunteers.service.ts:56:22)
    at loadProfile (C:/Users/tmccabe/OneDrive/Documents/Cub Scouts/volunteer-webapp/frontend/src/app/dashboard/page.tsx:73:20) {
  isAxiosError: [33mtrue[39m,
  code: [32m'ERR_BAD_REQUEST'[39m,
  config: {
    transitional: {
      silentJSONParsing: [33mtrue[39m,
      forcedJSONParsing: [33mtrue[39m,
      clarifyTimeoutError: [33mfalse[39m,
      legacyInterceptorReqResOrdering: [33mtrue[39m
    },
    adapter: [ [32m'xhr'[39m, [32m'http'[39m, [32m'fetch'[39m ],
    transformRequest: [ [36m[Function: transformRequest][39m ],
    transformResponse: [ [36m[Function: transformResponse][39m ],
    timeout: [33m0[39m,
    xsrfCookieName: [32m'XSRF-TOKEN'[39m,
    xsrfHeaderName: [32m'X-XSRF-TOKEN'[39m,
    maxContentLength: [33m-1[39m,
    maxBodyLength: [33m-1[39m,
    env: { FormData: [36m[Function][39m, Blob: [36m[class Blob][39m },
    validateStatus: [36m[Function: validateStatus][39m,
    headers: Object [AxiosHeaders] {
      Accept: [32m'application/json, text/plain, */*'[39m,
      [32m'Content-Type'[39m: [32m'application/json'[39m
    },
    baseURL: [32m'http://localhost:3001/api'[39m,
    withCredentials: [33mtrue[39m,
    method: [32m'get'[39m,
    url: [32m'/volunteers/me/profile'[39m,
    allowAbsoluteUrls: [33mtrue[39m,
    data: [90mundefined[39m
  },
  request: XMLHttpRequest {},
  response: {
    data: [32m'Too many requests from this IP, please try again later'[39m,
    status: [33m429[39m,
    statusText: [32m'Too Many Requests'[39m,
    headers: Object [AxiosHeaders] {
      [32m'content-type'[39m: [32m'text/html; charset=utf-8'[39m,
      [32m'content-length'[39m: [32m'54'[39m
    },
    config: {
      transitional: [36m[Object][39m,
      adapter: [36m[Array][39m,
      transformRequest: [36m[Array][39m,
      transformResponse: [36m[Array][39m,
      timeout: [33m0[39m,
      xsrfCookieName: [32m'XSRF-TOKEN'[39m,
      xsrfHeaderName: [32m'X-XSRF-TOKEN'[39m,
      maxContentLength: [33m-1[39m,
      maxBodyLength: [33m-1[39m,
      env: [36m[Object][39m,
      validateStatus: [36m[Function: validateStatus][39m,
      headers: [36m[Object [AxiosHeaders]][39m,
      baseURL: [32m'http://localhost:3001/api'[39m,
      withCredentials: [33mtrue[39m,
      method: [32m'get'[39m,
      url: [32m'/volunteers/me/profile'[39m,
      allowAbsoluteUrls: [33mtrue[39m,
      data: [90mundefined[39m
    },
    request: XMLHttpRequest {}
  },
  status: [33m429[39m
}

[90mstderr[2m | src/app/dashboard/page.test.tsx[2m > [22m[2mDashboardPage[2m > [22m[2mUpcoming Events Section[2m > [22m[2mshould display rank level when available
[22m[39mFailed to load profile: AxiosError: Request failed with status code 429
    at settle [90m(file:///C:/Users/tmccabe/OneDrive/Documents/Cub%20Scouts/volunteer-webapp/frontend/[39mnode_modules/[4maxios[24m/lib/core/settle.js:20:7[90m)[39m
    at XMLHttpRequest.onloadend [90m(file:///C:/Users/tmccabe/OneDrive/Documents/Cub%20Scouts/volunteer-webapp/frontend/[39mnode_modules/[4maxios[24m/lib/adapters/xhr.js:62:9[90m)[39m
    at XMLHttpRequest.invokeTheCallbackFunction [90m(C:\Users\tmccabe\OneDrive\Documents\Cub 
Scouts\volunteer-webapp\frontend\[39mnode_modules\[4mjsdom[24m\lib\generated\idl\EventHandlerNonNull.js:14:28[90m)[39m
    at XMLHttpRequest.<anonymous> [90m(C:\Users\tmccabe\OneDrive\Documents\Cub 
Scouts\volunteer-webapp\frontend\[39mnode_modules\[4mjsdom[24m\lib\jsdom\living\helpers\create-event-accessor.js:57:32[90m)[39m
    at innerInvokeEventListeners [90m(C:\Users\tmccabe\OneDrive\Documents\Cub 
Scouts\volunteer-webapp\frontend\[39mnode_modules\[4mjsdom[24m\lib\jsdom\living\events\EventTarget-impl.js:360:16[90m)[39m
    at invokeEventListeners [90m(C:\Users\tmccabe\OneDrive\Documents\Cub Scouts\volunteer-webapp\frontend\[39mnode_modules\[4mjsdom[24m\lib\jsdom\living\events\EventTarget-impl.js:296:3[90m)[39m
    at XMLHttpRequestImpl._dispatch [90m(C:\Users\tmccabe\OneDrive\Documents\Cub 
Scouts\volunteer-webapp\frontend\[39mnode_modules\[4mjsdom[24m\lib\jsdom\living\events\EventTarget-impl.js:243:9[90m)[39m
    at fireAnEvent [90m(C:\Users\tmccabe\OneDrive\Documents\Cub Scouts\volunteer-webapp\frontend\[39mnode_modules\[4mjsdom[24m\lib\jsdom\living\helpers\events.js:18:36[90m)[39m
    at [90mC:\Users\tmccabe\OneDrive\Documents\Cub Scouts\volunteer-webapp\frontend\[39mnode_modules\[4mjsdom[24m\lib\jsdom\living\xhr\XMLHttpRequest-impl.js:860:11
[90m    at processTicksAndRejections (node:internal/process/task_queues:105:5)[39m
    at Axios.request [90m(file:///C:/Users/tmccabe/OneDrive/Documents/Cub%20Scouts/volunteer-webapp/frontend/[39mnode_modules/[4maxios[24m/lib/core/Axios.js:46:41[90m)[39m
[90m    at processTicksAndRejections (node:internal/process/task_queues:105:5)[39m
    at VolunteersApiService.getMyProfile (C:/Users/tmccabe/OneDrive/Documents/Cub Scouts/volunteer-webapp/frontend/src/services/volunteers.service.ts:56:22)
    at loadProfile (C:/Users/tmccabe/OneDrive/Documents/Cub Scouts/volunteer-webapp/frontend/src/app/dashboard/page.tsx:73:20) {
  isAxiosError: [33mtrue[39m,
  code: [32m'ERR_BAD_REQUEST'[39m,
  config: {
    transitional: {
      silentJSONParsing: [33mtrue[39m,
      forcedJSONParsing: [33mtrue[39m,
      clarifyTimeoutError: [33mfalse[39m,
      legacyInterceptorReqResOrdering: [33mtrue[39m
    },
    adapter: [ [32m'xhr'[39m, [32m'http'[39m, [32m'fetch'[39m ],
    transformRequest: [ [36m[Function: transformRequest][39m ],
    transformResponse: [ [36m[Function: transformResponse][39m ],
    timeout: [33m0[39m,
    xsrfCookieName: [32m'XSRF-TOKEN'[39m,
    xsrfHeaderName: [32m'X-XSRF-TOKEN'[39m,
    maxContentLength: [33m-1[39m,
    maxBodyLength: [33m-1[39m,
    env: { FormData: [36m[Function][39m, Blob: [36m[class Blob][39m },
    validateStatus: [36m[Function: validateStatus][39m,
    headers: Object [AxiosHeaders] {
      Accept: [32m'application/json, text/plain, */*'[39m,
      [32m'Content-Type'[39m: [32m'application/json'[39m
    },
    baseURL: [32m'http://localhost:3001/api'[39m,
    withCredentials: [33mtrue[39m,
    method: [32m'get'[39m,
    url: [32m'/volunteers/me/profile'[39m,
    allowAbsoluteUrls: [33mtrue[39m,
    data: [90mundefined[39m
  },
  request: XMLHttpRequest {},
  response: {
    data: [32m'Too many requests from this IP, please try again later'[39m,
    status: [33m429[39m,
    statusText: [32m'Too Many Requests'[39m,
    headers: Object [AxiosHeaders] {
      [32m'content-type'[39m: [32m'text/html; charset=utf-8'[39m,
      [32m'content-length'[39m: [32m'54'[39m
    },
    config: {
      transitional: [36m[Object][39m,
      adapter: [36m[Array][39m,
      transformRequest: [36m[Array][39m,
      transformResponse: [36m[Array][39m,
      timeout: [33m0[39m,
      xsrfCookieName: [32m'XSRF-TOKEN'[39m,
      xsrfHeaderName: [32m'X-XSRF-TOKEN'[39m,
      maxContentLength: [33m-1[39m,
      maxBodyLength: [33m-1[39m,
      env: [36m[Object][39m,
      validateStatus: [36m[Function: validateStatus][39m,
      headers: [36m[Object [AxiosHeaders]][39m,
      baseURL: [32m'http://localhost:3001/api'[39m,
      withCredentials: [33mtrue[39m,
      method: [32m'get'[39m,
      url: [32m'/volunteers/me/profile'[39m,
      allowAbsoluteUrls: [33mtrue[39m,
      data: [90mundefined[39m
    },
    request: XMLHttpRequest {}
  },
  status: [33m429[39m
}

[90mstderr[2m | src/app/dashboard/page.test.tsx[2m > [22m[2mDashboardPage[2m > [22m[2mUpcoming Events Section[2m > [22m[2mshould display event times when available
[22m[39mFailed to load profile: AxiosError: Request failed with status code 429
    at settle [90m(file:///C:/Users/tmccabe/OneDrive/Documents/Cub%20Scouts/volunteer-webapp/frontend/[39mnode_modules/[4maxios[24m/lib/core/settle.js:20:7[90m)[39m
    at XMLHttpRequest.onloadend [90m(file:///C:/Users/tmccabe/OneDrive/Documents/Cub%20Scouts/volunteer-webapp/frontend/[39mnode_modules/[4maxios[24m/lib/adapters/xhr.js:62:9[90m)[39m
    at XMLHttpRequest.invokeTheCallbackFunction [90m(C:\Users\tmccabe\OneDrive\Documents\Cub 
Scouts\volunteer-webapp\frontend\[39mnode_modules\[4mjsdom[24m\lib\generated\idl\EventHandlerNonNull.js:14:28[90m)[39m
    at XMLHttpRequest.<anonymous> [90m(C:\Users\tmccabe\OneDrive\Documents\Cub 
Scouts\volunteer-webapp\frontend\[39mnode_modules\[4mjsdom[24m\lib\jsdom\living\helpers\create-event-accessor.js:57:32[90m)[39m
    at innerInvokeEventListeners [90m(C:\Users\tmccabe\OneDrive\Documents\Cub 
Scouts\volunteer-webapp\frontend\[39mnode_modules\[4mjsdom[24m\lib\jsdom\living\events\EventTarget-impl.js:360:16[90m)[39m
    at invokeEventListeners [90m(C:\Users\tmccabe\OneDrive\Documents\Cub Scouts\volunteer-webapp\frontend\[39mnode_modules\[4mjsdom[24m\lib\jsdom\living\events\EventTarget-impl.js:296:3[90m)[39m
    at XMLHttpRequestImpl._dispatch [90m(C:\Users\tmccabe\OneDrive\Documents\Cub 
Scouts\volunteer-webapp\frontend\[39mnode_modules\[4mjsdom[24m\lib\jsdom\living\events\EventTarget-impl.js:243:9[90m)[39m
    at fireAnEvent [90m(C:\Users\tmccabe\OneDrive\Documents\Cub Scouts\volunteer-webapp\frontend\[39mnode_modules\[4mjsdom[24m\lib\jsdom\living\helpers\events.js:18:36[90m)[39m
    at [90mC:\Users\tmccabe\OneDrive\Documents\Cub Scouts\volunteer-webapp\frontend\[39mnode_modules\[4mjsdom[24m\lib\jsdom\living\xhr\XMLHttpRequest-impl.js:860:11
[90m    at processTicksAndRejections (node:internal/process/task_queues:105:5)[39m
    at Axios.request [90m(file:///C:/Users/tmccabe/OneDrive/Documents/Cub%20Scouts/volunteer-webapp/frontend/[39mnode_modules/[4maxios[24m/lib/core/Axios.js:46:41[90m)[39m
[90m    at processTicksAndRejections (node:internal/process/task_queues:105:5)[39m
    at VolunteersApiService.getMyProfile (C:/Users/tmccabe/OneDrive/Documents/Cub Scouts/volunteer-webapp/frontend/src/services/volunteers.service.ts:56:22)
    at loadProfile (C:/Users/tmccabe/OneDrive/Documents/Cub Scouts/volunteer-webapp/frontend/src/app/dashboard/page.tsx:73:20) {
  isAxiosError: [33mtrue[39m,
  code: [32m'ERR_BAD_REQUEST'[39m,
  config: {
    transitional: {
      silentJSONParsing: [33mtrue[39m,
      forcedJSONParsing: [33mtrue[39m,
      clarifyTimeoutError: [33mfalse[39m,
      legacyInterceptorReqResOrdering: [33mtrue[39m
    },
    adapter: [ [32m'xhr'[39m, [32m'http'[39m, [32m'fetch'[39m ],
    transformRequest: [ [36m[Function: transformRequest][39m ],
    transformResponse: [ [36m[Function: transformResponse][39m ],
    timeout: [33m0[39m,
    xsrfCookieName: [32m'XSRF-TOKEN'[39m,
    xsrfHeaderName: [32m'X-XSRF-TOKEN'[39m,
    maxContentLength: [33m-1[39m,
    maxBodyLength: [33m-1[39m,
    env: { FormData: [36m[Function][39m, Blob: [36m[class Blob][39m },
    validateStatus: [36m[Function: validateStatus][39m,
    headers: Object [AxiosHeaders] {
      Accept: [32m'application/json, text/plain, */*'[39m,
      [32m'Content-Type'[39m: [32m'application/json'[39m
    },
    baseURL: [32m'http://localhost:3001/api'[39m,
    withCredentials: [33mtrue[39m,
    method: [32m'get'[39m,
    url: [32m'/volunteers/me/profile'[39m,
    allowAbsoluteUrls: [33mtrue[39m,
    data: [90mundefined[39m
  },
  request: XMLHttpRequest {},
  response: {
    data: [32m'Too many requests from this IP, please try again later'[39m,
    status: [33m429[39m,
    statusText: [32m'Too Many Requests'[39m,
    headers: Object [AxiosHeaders] {
      [32m'content-type'[39m: [32m'text/html; charset=utf-8'[39m,
      [32m'content-length'[39m: [32m'54'[39m
    },
    config: {
      transitional: [36m[Object][39m,
      adapter: [36m[Array][39m,
      transformRequest: [36m[Array][39m,
      transformResponse: [36m[Array][39m,
      timeout: [33m0[39m,
      xsrfCookieName: [32m'XSRF-TOKEN'[39m,
      xsrfHeaderName: [32m'X-XSRF-TOKEN'[39m,
      maxContentLength: [33m-1[39m,
      maxBodyLength: [33m-1[39m,
      env: [36m[Object][39m,
      validateStatus: [36m[Function: validateStatus][39m,
      headers: [36m[Object [AxiosHeaders]][39m,
      baseURL: [32m'http://localhost:3001/api'[39m,
      withCredentials: [33mtrue[39m,
      method: [32m'get'[39m,
      url: [32m'/volunteers/me/profile'[39m,
      allowAbsoluteUrls: [33mtrue[39m,
      data: [90mundefined[39m
    },
    request: XMLHttpRequest {}
  },
  status: [33m429[39m
}

[90mstderr[2m | src/app/dashboard/page.test.tsx[2m > [22m[2mDashboardPage[2m > [22m[2mUpcoming Events Section[2m > [22m[2mshould link each event to its detail page
[22m[39mFailed to load profile: AxiosError: Request failed with status code 429
    at settle [90m(file:///C:/Users/tmccabe/OneDrive/Documents/Cub%20Scouts/volunteer-webapp/frontend/[39mnode_modules/[4maxios[24m/lib/core/settle.js:20:7[90m)[39m
    at XMLHttpRequest.onloadend [90m(file:///C:/Users/tmccabe/OneDrive/Documents/Cub%20Scouts/volunteer-webapp/frontend/[39mnode_modules/[4maxios[24m/lib/adapters/xhr.js:62:9[90m)[39m
    at XMLHttpRequest.invokeTheCallbackFunction [90m(C:\Users\tmccabe\OneDrive\Documents\Cub 
Scouts\volunteer-webapp\frontend\[39mnode_modules\[4mjsdom[24m\lib\generated\idl\EventHandlerNonNull.js:14:28[90m)[39m
    at XMLHttpRequest.<anonymous> [90m(C:\Users\tmccabe\OneDrive\Documents\Cub 
Scouts\volunteer-webapp\frontend\[39mnode_modules\[4mjsdom[24m\lib\jsdom\living\helpers\create-event-accessor.js:57:32[90m)[39m
    at innerInvokeEventListeners [90m(C:\Users\tmccabe\OneDrive\Documents\Cub 
Scouts\volunteer-webapp\frontend\[39mnode_modules\[4mjsdom[24m\lib\jsdom\living\events\EventTarget-impl.js:360:16[90m)[39m
    at invokeEventListeners [90m(C:\Users\tmccabe\OneDrive\Documents\Cub Scouts\volunteer-webapp\frontend\[39mnode_modules\[4mjsdom[24m\lib\jsdom\living\events\EventTarget-impl.js:296:3[90m)[39m
    at XMLHttpRequestImpl._dispatch [90m(C:\Users\tmccabe\OneDrive\Documents\Cub 
Scouts\volunteer-webapp\frontend\[39mnode_modules\[4mjsdom[24m\lib\jsdom\living\events\EventTarget-impl.js:243:9[90m)[39m
    at fireAnEvent [90m(C:\Users\tmccabe\OneDrive\Documents\Cub Scouts\volunteer-webapp\frontend\[39mnode_modules\[4mjsdom[24m\lib\jsdom\living\helpers\events.js:18:36[90m)[39m
    at [90mC:\Users\tmccabe\OneDrive\Documents\Cub Scouts\volunteer-webapp\frontend\[39mnode_modules\[4mjsdom[24m\lib\jsdom\living\xhr\XMLHttpRequest-impl.js:860:11
[90m    at processTicksAndRejections (node:internal/process/task_queues:105:5)[39m
    at Axios.request [90m(file:///C:/Users/tmccabe/OneDrive/Documents/Cub%20Scouts/volunteer-webapp/frontend/[39mnode_modules/[4maxios[24m/lib/core/Axios.js:46:41[90m)[39m
[90m    at processTicksAndRejections (node:internal/process/task_queues:105:5)[39m
    at VolunteersApiService.getMyProfile (C:/Users/tmccabe/OneDrive/Documents/Cub Scouts/volunteer-webapp/frontend/src/services/volunteers.service.ts:56:22)
    at loadProfile (C:/Users/tmccabe/OneDrive/Documents/Cub Scouts/volunteer-webapp/frontend/src/app/dashboard/page.tsx:73:20) {
  isAxiosError: [33mtrue[39m,
  code: [32m'ERR_BAD_REQUEST'[39m,
  config: {
    transitional: {
      silentJSONParsing: [33mtrue[39m,
      forcedJSONParsing: [33mtrue[39m,
      clarifyTimeoutError: [33mfalse[39m,
      legacyInterceptorReqResOrdering: [33mtrue[39m
    },
    adapter: [ [32m'xhr'[39m, [32m'http'[39m, [32m'fetch'[39m ],
    transformRequest: [ [36m[Function: transformRequest][39m ],
    transformResponse: [ [36m[Function: transformResponse][39m ],
    timeout: [33m0[39m,
    xsrfCookieName: [32m'XSRF-TOKEN'[39m,
    xsrfHeaderName: [32m'X-XSRF-TOKEN'[39m,
    maxContentLength: [33m-1[39m,
    maxBodyLength: [33m-1[39m,
    env: { FormData: [36m[Function][39m, Blob: [36m[class Blob][39m },
    validateStatus: [36m[Function: validateStatus][39m,
    headers: Object [AxiosHeaders] {
      Accept: [32m'application/json, text/plain, */*'[39m,
      [32m'Content-Type'[39m: [32m'application/json'[39m
    },
    baseURL: [32m'http://localhost:3001/api'[39m,
    withCredentials: [33mtrue[39m,
    method: [32m'get'[39m,
    url: [32m'/volunteers/me/profile'[39m,
    allowAbsoluteUrls: [33mtrue[39m,
    data: [90mundefined[39m
  },
  request: XMLHttpRequest {},
  response: {
    data: [32m'Too many requests from this IP, please try again later'[39m,
    status: [33m429[39m,
    statusText: [32m'Too Many Requests'[39m,
    headers: Object [AxiosHeaders] {
      [32m'content-type'[39m: [32m'text/html; charset=utf-8'[39m,
      [32m'content-length'[39m: [32m'54'[39m
    },
    config: {
      transitional: [36m[Object][39m,
      adapter: [36m[Array][39m,
      transformRequest: [36m[Array][39m,
      transformResponse: [36m[Array][39m,
      timeout: [33m0[39m,
      xsrfCookieName: [32m'XSRF-TOKEN'[39m,
      xsrfHeaderName: [32m'X-XSRF-TOKEN'[39m,
      maxContentLength: [33m-1[39m,
      maxBodyLength: [33m-1[39m,
      env: [36m[Object][39m,
      validateStatus: [36m[Function: validateStatus][39m,
      headers: [36m[Object [AxiosHeaders]][39m,
      baseURL: [32m'http://localhost:3001/api'[39m,
      withCredentials: [33mtrue[39m,
      method: [32m'get'[39m,
      url: [32m'/volunteers/me/profile'[39m,
      allowAbsoluteUrls: [33mtrue[39m,
      data: [90mundefined[39m
    },
    request: XMLHttpRequest {}
  },
  status: [33m429[39m
}

[90mstderr[2m | src/app/dashboard/page.test.tsx[2m > [22m[2mDashboardPage[2m > [22m[2mUpcoming Events Section[2m > [22m[2mshould show empty state when no events
[22m[39mFailed to load profile: AxiosError: Request failed with status code 429
    at settle [90m(file:///C:/Users/tmccabe/OneDrive/Documents/Cub%20Scouts/volunteer-webapp/frontend/[39mnode_modules/[4maxios[24m/lib/core/settle.js:20:7[90m)[39m
    at XMLHttpRequest.onloadend [90m(file:///C:/Users/tmccabe/OneDrive/Documents/Cub%20Scouts/volunteer-webapp/frontend/[39mnode_modules/[4maxios[24m/lib/adapters/xhr.js:62:9[90m)[39m
    at XMLHttpRequest.invokeTheCallbackFunction [90m(C:\Users\tmccabe\OneDrive\Documents\Cub 
Scouts\volunteer-webapp\frontend\[39mnode_modules\[4mjsdom[24m\lib\generated\idl\EventHandlerNonNull.js:14:28[90m)[39m
    at XMLHttpRequest.<anonymous> [90m(C:\Users\tmccabe\OneDrive\Documents\Cub 
Scouts\volunteer-webapp\frontend\[39mnode_modules\[4mjsdom[24m\lib\jsdom\living\helpers\create-event-accessor.js:57:32[90m)[39m
    at innerInvokeEventListeners [90m(C:\Users\tmccabe\OneDrive\Documents\Cub 
Scouts\volunteer-webapp\frontend\[39mnode_modules\[4mjsdom[24m\lib\jsdom\living\events\EventTarget-impl.js:360:16[90m)[39m
    at invokeEventListeners [90m(C:\Users\tmccabe\OneDrive\Documents\Cub Scouts\volunteer-webapp\frontend\[39mnode_modules\[4mjsdom[24m\lib\jsdom\living\events\EventTarget-impl.js:296:3[90m)[39m
    at XMLHttpRequestImpl._dispatch [90m(C:\Users\tmccabe\OneDrive\Documents\Cub 
Scouts\volunteer-webapp\frontend\[39mnode_modules\[4mjsdom[24m\lib\jsdom\living\events\EventTarget-impl.js:243:9[90m)[39m
    at fireAnEvent [90m(C:\Users\tmccabe\OneDrive\Documents\Cub Scouts\volunteer-webapp\frontend\[39mnode_modules\[4mjsdom[24m\lib\jsdom\living\helpers\events.js:18:36[90m)[39m
    at [90mC:\Users\tmccabe\OneDrive\Documents\Cub Scouts\volunteer-webapp\frontend\[39mnode_modules\[4mjsdom[24m\lib\jsdom\living\xhr\XMLHttpRequest-impl.js:860:11
[90m    at processTicksAndRejections (node:internal/process/task_queues:105:5)[39m
    at Axios.request [90m(file:///C:/Users/tmccabe/OneDrive/Documents/Cub%20Scouts/volunteer-webapp/frontend/[39mnode_modules/[4maxios[24m/lib/core/Axios.js:46:41[90m)[39m
[90m    at processTicksAndRejections (node:internal/process/task_queues:105:5)[39m
    at VolunteersApiService.getMyProfile (C:/Users/tmccabe/OneDrive/Documents/Cub Scouts/volunteer-webapp/frontend/src/services/volunteers.service.ts:56:22)
    at loadProfile (C:/Users/tmccabe/OneDrive/Documents/Cub Scouts/volunteer-webapp/frontend/src/app/dashboard/page.tsx:73:20) {
  isAxiosError: [33mtrue[39m,
  code: [32m'ERR_BAD_REQUEST'[39m,
  config: {
    transitional: {
      silentJSONParsing: [33mtrue[39m,
      forcedJSONParsing: [33mtrue[39m,
      clarifyTimeoutError: [33mfalse[39m,
      legacyInterceptorReqResOrdering: [33mtrue[39m
    },
    adapter: [ [32m'xhr'[39m, [32m'http'[39m, [32m'fetch'[39m ],
    transformRequest: [ [36m[Function: transformRequest][39m ],
    transformResponse: [ [36m[Function: transformResponse][39m ],
    timeout: [33m0[39m,
    xsrfCookieName: [32m'XSRF-TOKEN'[39m,
    xsrfHeaderName: [32m'X-XSRF-TOKEN'[39m,
    maxContentLength: [33m-1[39m,
    maxBodyLength: [33m-1[39m,
    env: { FormData: [36m[Function][39m, Blob: [36m[class Blob][39m },
    validateStatus: [36m[Function: validateStatus][39m,
    headers: Object [AxiosHeaders] {
      Accept: [32m'application/json, text/plain, */*'[39m,
      [32m'Content-Type'[39m: [32m'application/json'[39m
    },
    baseURL: [32m'http://localhost:3001/api'[39m,
    withCredentials: [33mtrue[39m,
    method: [32m'get'[39m,
    url: [32m'/volunteers/me/profile'[39m,
    allowAbsoluteUrls: [33mtrue[39m,
    data: [90mundefined[39m
  },
  request: XMLHttpRequest {},
  response: {
    data: [32m'Too many requests from this IP, please try again later'[39m,
    status: [33m429[39m,
    statusText: [32m'Too Many Requests'[39m,
    headers: Object [AxiosHeaders] {
      [32m'content-type'[39m: [32m'text/html; charset=utf-8'[39m,
      [32m'content-length'[39m: [32m'54'[39m
    },
    config: {
      transitional: [36m[Object][39m,
      adapter: [36m[Array][39m,
      transformRequest: [36m[Array][39m,
      transformResponse: [36m[Array][39m,
      timeout: [33m0[39m,
      xsrfCookieName: [32m'XSRF-TOKEN'[39m,
      xsrfHeaderName: [32m'X-XSRF-TOKEN'[39m,
      maxContentLength: [33m-1[39m,
      maxBodyLength: [33m-1[39m,
      env: [36m[Object][39m,
      validateStatus: [36m[Function: validateStatus][39m,
      headers: [36m[Object [AxiosHeaders]][39m,
      baseURL: [32m'http://localhost:3001/api'[39m,
      withCredentials: [33mtrue[39m,
      method: [32m'get'[39m,
      url: [32m'/volunteers/me/profile'[39m,
      allowAbsoluteUrls: [33mtrue[39m,
      data: [90mundefined[39m
    },
    request: XMLHttpRequest {}
  },
  status: [33m429[39m
}

[90mstderr[2m | src/app/dashboard/page.test.tsx[2m > [22m[2mDashboardPage[2m > [22m[2mUpcoming Events Section[2m > [22m[2mshould link to full events page
[22m[39mFailed to load profile: AxiosError: Request failed with status code 429
    at settle [90m(file:///C:/Users/tmccabe/OneDrive/Documents/Cub%20Scouts/volunteer-webapp/frontend/[39mnode_modules/[4maxios[24m/lib/core/settle.js:20:7[90m)[39m
    at XMLHttpRequest.onloadend [90m(file:///C:/Users/tmccabe/OneDrive/Documents/Cub%20Scouts/volunteer-webapp/frontend/[39mnode_modules/[4maxios[24m/lib/adapters/xhr.js:62:9[90m)[39m
    at XMLHttpRequest.invokeTheCallbackFunction [90m(C:\Users\tmccabe\OneDrive\Documents\Cub 
Scouts\volunteer-webapp\frontend\[39mnode_modules\[4mjsdom[24m\lib\generated\idl\EventHandlerNonNull.js:14:28[90m)[39m
    at XMLHttpRequest.<anonymous> [90m(C:\Users\tmccabe\OneDrive\Documents\Cub 
Scouts\volunteer-webapp\frontend\[39mnode_modules\[4mjsdom[24m\lib\jsdom\living\helpers\create-event-accessor.js:57:32[90m)[39m
    at innerInvokeEventListeners [90m(C:\Users\tmccabe\OneDrive\Documents\Cub 
Scouts\volunteer-webapp\frontend\[39mnode_modules\[4mjsdom[24m\lib\jsdom\living\events\EventTarget-impl.js:360:16[90m)[39m
    at invokeEventListeners [90m(C:\Users\tmccabe\OneDrive\Documents\Cub Scouts\volunteer-webapp\frontend\[39mnode_modules\[4mjsdom[24m\lib\jsdom\living\events\EventTarget-impl.js:296:3[90m)[39m
    at XMLHttpRequestImpl._dispatch [90m(C:\Users\tmccabe\OneDrive\Documents\Cub 
Scouts\volunteer-webapp\frontend\[39mnode_modules\[4mjsdom[24m\lib\jsdom\living\events\EventTarget-impl.js:243:9[90m)[39m
    at fireAnEvent [90m(C:\Users\tmccabe\OneDrive\Documents\Cub Scouts\volunteer-webapp\frontend\[39mnode_modules\[4mjsdom[24m\lib\jsdom\living\helpers\events.js:18:36[90m)[39m
    at [90mC:\Users\tmccabe\OneDrive\Documents\Cub Scouts\volunteer-webapp\frontend\[39mnode_modules\[4mjsdom[24m\lib\jsdom\living\xhr\XMLHttpRequest-impl.js:860:11
[90m    at processTicksAndRejections (node:internal/process/task_queues:105:5)[39m
    at Axios.request [90m(file:///C:/Users/tmccabe/OneDrive/Documents/Cub%20Scouts/volunteer-webapp/frontend/[39mnode_modules/[4maxios[24m/lib/core/Axios.js:46:41[90m)[39m
[90m    at processTicksAndRejections (node:internal/process/task_queues:105:5)[39m
    at VolunteersApiService.getMyProfile (C:/Users/tmccabe/OneDrive/Documents/Cub Scouts/volunteer-webapp/frontend/src/services/volunteers.service.ts:56:22)
    at loadProfile (C:/Users/tmccabe/OneDrive/Documents/Cub Scouts/volunteer-webapp/frontend/src/app/dashboard/page.tsx:73:20) {
  isAxiosError: [33mtrue[39m,
  code: [32m'ERR_BAD_REQUEST'[39m,
  config: {
    transitional: {
      silentJSONParsing: [33mtrue[39m,
      forcedJSONParsing: [33mtrue[39m,
      clarifyTimeoutError: [33mfalse[39m,
      legacyInterceptorReqResOrdering: [33mtrue[39m
    },
    adapter: [ [32m'xhr'[39m, [32m'http'[39m, [32m'fetch'[39m ],
    transformRequest: [ [36m[Function: transformRequest][39m ],
    transformResponse: [ [36m[Function: transformResponse][39m ],
    timeout: [33m0[39m,
    xsrfCookieName: [32m'XSRF-TOKEN'[39m,
    xsrfHeaderName: [32m'X-XSRF-TOKEN'[39m,
    maxContentLength: [33m-1[39m,
    maxBodyLength: [33m-1[39m,
    env: { FormData: [36m[Function][39m, Blob: [36m[class Blob][39m },
    validateStatus: [36m[Function: validateStatus][39m,
    headers: Object [AxiosHeaders] {
      Accept: [32m'application/json, text/plain, */*'[39m,
      [32m'Content-Type'[39m: [32m'application/json'[39m
    },
    baseURL: [32m'http://localhost:3001/api'[39m,
    withCredentials: [33mtrue[39m,
    method: [32m'get'[39m,
    url: [32m'/volunteers/me/profile'[39m,
    allowAbsoluteUrls: [33mtrue[39m,
    data: [90mundefined[39m
  },
  request: XMLHttpRequest {},
  response: {
    data: [32m'Too many requests from this IP, please try again later'[39m,
    status: [33m429[39m,
    statusText: [32m'Too Many Requests'[39m,
    headers: Object [AxiosHeaders] {
      [32m'content-type'[39m: [32m'text/html; charset=utf-8'[39m,
      [32m'content-length'[39m: [32m'54'[39m
    },
    config: {
      transitional: [36m[Object][39m,
      adapter: [36m[Array][39m,
      transformRequest: [36m[Array][39m,
      transformResponse: [36m[Array][39m,
      timeout: [33m0[39m,
      xsrfCookieName: [32m'XSRF-TOKEN'[39m,
      xsrfHeaderName: [32m'X-XSRF-TOKEN'[39m,
      maxContentLength: [33m-1[39m,
      maxBodyLength: [33m-1[39m,
      env: [36m[Object][39m,
      validateStatus: [36m[Function: validateStatus][39m,
      headers: [36m[Object [AxiosHeaders]][39m,
      baseURL: [32m'http://localhost:3001/api'[39m,
      withCredentials: [33mtrue[39m,
      method: [32m'get'[39m,
      url: [32m'/volunteers/me/profile'[39m,
      allowAbsoluteUrls: [33mtrue[39m,
      data: [90mundefined[39m
    },
    request: XMLHttpRequest {}
  },
  status: [33m429[39m
}

 [31mΓ¥»[39m src/app/dashboard/page.test.tsx [2m([22m[2m68 tests[22m[2m | [22m[31m59 failed[39m[2m)[22m[33m 55795[2mms[22m[39m
[31m       [31m├ù[31m should show loading spinner when auth is loading[39m[32m 93[2mms[22m[39m
[31m       [31m├ù[31m should show spinner with proper styling[39m[32m 18[2mms[22m[39m
       [32mΓ£ô[39m should not render dashboard content while loading[32m 17[2mms[22m[39m
[31m       [31m├ù[31m should render dashboard heading[39m[33m 1007[2mms[22m[39m
[31m       [31m├ù[31m should display welcome message with user name[39m[33m 1012[2mms[22m[39m
[31m       [31m├ù[31m should render all three main cards[39m[33m 1010[2mms[22m[39m
[31m       [31m├ù[31m should render upcoming events section[39m[33m 1009[2mms[22m[39m
[31m       [31m├ù[31m should render my tasks section[39m[33m 1010[2mms[22m[39m
[31m       [31m├ù[31m should display user name[39m[33m 1012[2mms[22m[39m
[31m       [31m├ù[31m should display user email[39m[33m 1010[2mms[22m[39m
[31m       [31m├ù[31m should display user phone when available[39m[33m 1010[2mms[22m[39m
       [32mΓ£ô[39m should not display phone field when not provided[32m 13[2mms[22m[39m
[31m       [31m├ù[31m should display user auth tier[39m[33m 1017[2mms[22m[39m
[31m       [31m├ù[31m should style auth tier as badge[39m[33m 1013[2mms[22m[39m
[31m       [31m├ù[31m should display an Edit Profile button in the profile card[39m[33m 1006[2mms[22m[39m
[31m       [31m├ù[31m should navigate to profile edit page when Edit Profile button is clicked[39m[33m 1010[2mms[22m[39m
       [32mΓ£ô[39m should not display Edit Profile button when user is not authenticated[32m 2[2mms[22m[39m
[31m       [31m├ù[31m should display current year points[39m[33m 1011[2mms[22m[39m
[31m       [31m├ù[31m should display zero when point balance is missing[39m[33m 1018[2mms[22m[39m
[31m       [31m├ù[31m should display zero for missing currentYearPoints[39m[33m 1008[2mms[22m[39m
[31m       [31m├ù[31m should display current badge tier[39m[33m 1003[2mms[22m[39m
[31m       [31m├ù[31m should display points to next badge tier[39m[33m 1012[2mms[22m[39m
[31m       [31m├ù[31m should display projected points from signups[39m[33m 1016[2mms[22m[39m
[31m       [31m├ù[31m should display total after projected points[39m[33m 1009[2mms[22m[39m
       [32mΓ£ô[39m should not display badge tier when not available[32m 6[2mms[22m[39m
       [32mΓ£ô[39m should not display projected points when zero[32m 8[2mms[22m[39m
[31m       [31m├ù[31m should render all quick action buttons[39m[33m 1011[2mms[22m[39m
[31m       [31m├ù[31m should link to events page[39m[33m 1006[2mms[22m[39m
[31m       [31m├ù[31m should link to tasks page[39m[33m 1012[2mms[22m[39m
[31m       [31m├ù[31m should link to leaderboard page[39m[33m 1016[2mms[22m[39m
       [32mΓ£ô[39m should load upcoming events on mount[32m 5[2mms[22m[39m
[31m       [31m├ù[31m should show loading state while events load[39m[32m 3[2mms[22m[39m
[31m       [31m├ù[31m should display upcoming events after loading[39m[33m 1015[2mms[22m[39m
[31m       [31m├ù[31m should display event dates in formatted form[39m[33m 1014[2mms[22m[39m
[31m       [31m├ù[31m should display event locations when available[39m[33m 1005[2mms[22m[39m
[31m       [31m├ù[31m should not display location bullet when location is null[39m[33m 1014[2mms[22m[39m
[31m       [31m├ù[31m should display rank level when available[39m[33m 1003[2mms[22m[39m
[31m       [31m├ù[31m should display event times when available[39m[33m 1012[2mms[22m[39m
[31m       [31m├ù[31m should link each event to its detail page[39m[33m 1009[2mms[22m[39m
[31m       [31m├ù[31m should show empty state when no events[39m[33m 1017[2mms[22m[39m
[31m       [31m├ù[31m should link to full events page[39m[33m 1017[2mms[22m[39m
[31m       [31m├ù[31m should handle events loading error gracefully[39m[33m 1018[2mms[22m[39m
       [32mΓ£ô[39m should load assigned tasks on mount[32m 4[2mms[22m[39m
[31m       [31m├ù[31m should show loading state while tasks load[39m[32m 4[2mms[22m[39m
[31m       [31m├ù[31m should display assigned tasks for authenticated user[39m[33m 1006[2mms[22m[39m
[31m       [31m├ù[31m should show empty state when no assigned tasks[39m[33m 1009[2mms[22m[39m
[31m       [31m├ù[31m should include overdue tasks in display[39m[33m 1003[2mms[22m[39m
[31m       [31m├ù[31m should show completion toggle for overdue tasks[39m[33m 1006[2mms[22m[39m
[31m       [31m├ù[31m should limit display to 5 tasks[39m[33m 1004[2mms[22m[39m
[31m       [31m├ù[31m should sort tasks by due date ascending[39m[33m 1016[2mms[22m[39m
[31m       [31m├ù[31m should link to full tasks page with View All button[39m[33m 1015[2mms[22m[39m
[31m       [31m├ù[31m should handle tasks loading error gracefully[39m[33m 1023[2mms[22m[39m
[31m       [31m├ù[31m should mark task complete with optimistic update[39m[33m 1018[2mms[22m[39m
[31m       [31m├ù[31m should mark task incomplete when toggled[39m[33m 1005[2mms[22m[39m
[31m       [31m├ù[31m should revert state on completion error[39m[33m 1010[2mms[22m[39m
[31m       [31m├ù[31m should show error message when completion fails[39m[33m 1019[2mms[22m[39m
[31m       [31m├ù[31m should persist completion status after page refresh[39m[33m 1004[2mms[22m[39m
[31m       [31m├ù[31m should navigate to task detail page when task card clicked[39m[33m 1010[2mms[22m[39m
[31m       [31m├ù[31m should not navigate when clicking completion toggle[39m[33m 1019[2mms[22m[39m
[31m       [31m├ù[31m should display View All button in My Tasks pane header[39m[33m 1006[2mms[22m[39m
[31m       [31m├ù[31m should link View All to tasks page with correct filters[39m[33m 1015[2mms[22m[39m
       [32mΓ£ô[39m should not render content when user is null after loading[32m 1[2mms[22m[39m
       [32mΓ£ô[39m should load events only when user is authenticated[32m 1[2mms[22m[39m
[31m       [31m├ù[31m should format dates consistently[39m[33m 1005[2mms[22m[39m
[31m       [31m├ù[31m should have proper heading hierarchy[39m[33m 1014[2mms[22m[39m
[31m       [31m├ù[31m should have accessible links[39m[33m 1015[2mms[22m[39m
[31m       [31m├ù[31m should have accessible buttons[39m[33m 1008[2mms[22m[39m
[31m       [31m├ù[31m should render grid layout classes[39m[33m 1009[2mms[22m[39m

[31mΓÄ»ΓÄ»ΓÄ»ΓÄ»ΓÄ»ΓÄ»[39m[1m[41m Failed Tests 59 [49m[22m[31mΓÄ»ΓÄ»ΓÄ»ΓÄ»ΓÄ»ΓÄ»ΓÄ»[39m

[41m[1m FAIL [22m[49m src/app/dashboard/page.test.tsx[2m > [22mDashboardPage[2m > [22mLoading State[2m > [22mshould show loading spinner when auth is loading
[31m[1mTestingLibraryElementError[22m[39m: Unable to find an element with the text: /loading.../i. This could be because the text is broken up by multiple elements. In this case, you can provide 
a function for your text matcher to make your matcher more flexible.

Ignored nodes: comments, script, style
[36m<body>[39m
  [36m<div>[39m
    [36m<div[39m
      [33mclass[39m=[32m"bg-gray-50 min-h-screen"[39m
    [36m>[39m
      [36m<div[39m
        [33mclass[39m=[32m"container mx-auto px-4 py-8"[39m
      [36m>[39m
        [36m<div[39m
          [33mclass[39m=[32m"mb-8"[39m
        [36m>[39m
          [36m<div[39m
            [33mclass[39m=[32m"animate-pulse rounded-md bg-muted h-10 w-64 mb-2"[39m
          [36m/>[39m
          [36m<div[39m
            [33mclass[39m=[32m"animate-pulse rounded-md bg-muted h-6 w-48"[39m
          [36m/>[39m
        [36m</div>[39m
        [36m<div[39m
          [33mclass[39m=[32m"grid md:grid-cols-2 lg:grid-cols-3 gap-6"[39m
        [36m>[39m
          [36m<div[39m
            [33mclass[39m=[32m"p-6"[39m
          [36m>[39m
            [36m<div[39m
              [33mclass[39m=[32m"animate-pulse rounded-md bg-muted h-8 w-32 mb-4"[39m
            [36m/>[39m
            [36m<div[39m
              [33mclass[39m=[32m"space-y-3"[39m
            [36m>[39m
              [36m<div[39m
                [33mclass[39m=[32m"animate-pulse rounded-md bg-muted h-4 w-full"[39m
              [36m/>[39m
              [36m<div[39m
                [33mclass[39m=[32m"animate-pulse rounded-md bg-muted h-4 w-5/6"[39m
              [36m/>[39m
              [36m<div[39m
                [33mclass[39m=[32m"animate-pulse rounded-md bg-muted h-4 w-4/6"[39m
              [36m/>[39m
              [36m<div[39m
                [33mclass[39m=[32m"animate-pulse rounded-md bg-muted h-4 w-3/6"[39m
              [36m/>[39m
            [36m</div>[39m
            [36m<div[39m
              [33mclass[39m=[32m"animate-pulse rounded-md bg-muted h-10 w-full mt-4"[39m
            [36m/>[39m
          [36m</div>[39m
          [36m<div[39m
            [33mclass[39m=[32m"p-6"[39m
          [36m>[39m
            [36m<div[39m
              [33mclass[39m=[32m"animate-pulse rounded-md bg-muted h-8 w-32 mb-4"[39m
            [36m/>[39m
            [36m<div[39m
              [33mclass[39m=[32m"text-center space-y-4"[39m
            [36m>[39m
              [36m<div[39m
                [33mclass[39m=[32m"animate-pulse rounded-md bg-muted h-16 w-32 mx-auto"[39m
              [36m/>[39m
              [36m<div[39m
                [33mclass[39m=[32m"animate-pulse rounded-md bg-muted h-4 w-40 mx-auto"[39m
              [36m/>[39m
              [36m<div[39m
                [33mclass[39m=[32m"animate-pulse rounded-md bg-muted h-12 w-24 mx-auto"[39m
              [36m/>[39m
              [36m<div[39m
                [33mclass[39m=[32m"animate-pulse rounded-md bg-muted h-4 w-32 mx-auto"[39m
              [36m/>[39m
            [36m</div>[39m
          [36m</div>[39m
          [36m<div[39m
            [33mclass[39m=[32m"p-6"[39m
          [36m>[39m
            [36m<div[39m
              [33mclass[39m=[32m"animate-pulse rounded-md bg-muted h-8 w-32 mb-4"[39m
            [36m/>[39m
            [36m<div[39m
              [33mclass[39m=[32m"space-y-2"[39m
            [36m>[39m
              [36m<div[39m
                [33mclass[39m=[32m"animate-pulse rounded-md bg-muted h-10 w-full"[39m
              [36m/>[39m
              [36m<div[39m
                [33mclass[39m=[32m"animate-pulse rounded-md bg-muted h-10 w-full"[39m
              [36m/>[39m
              [36m<div[39m
                [33mclass[39m=[32m"animate-pulse rounded-md bg-muted h-10 w-full"[39m
              [36m/>[39m
            [36m</div>[39m
          [36m</div>[39m
        [36m</div>[39m
        [36m<div[39m
          [33mclass[39m=[32m"mt-8"[39m
        [36m>[39m
          [36m<div[39m
            [33mclass[39m=[32m"animate-pulse rounded-md bg-muted h-8 w-48 mb-4"[39m
          [36m/>[39m
          [36m<div[39m
            [33mclass[39m=[32m"grid md:grid-cols-2 lg:grid-cols-3 gap-6"[39m
          [36m>[39m
            [36m<div[39m
              [33mclass[39m=[32m"p-6"[39m
            [36m>[39m
              [36m<div[39m
                [33mclass[39m=[32m"animate-pulse rounded-md bg-muted h-6 w-3/4 mb-3"[39m
              [36m/>[39m
              [36m<div[39m
                [33mclass[39m=[32m"animate-pulse rounded-md bg-muted h-4 w-1/2 mb-2"[39m
              [36m/>[39m
              [36m<div[39m
                [33mclass[39m=[32m"animate-pulse rounded-md bg-muted h-4 w-2/3"[39m
              [36m/>[39m
            [36m</div>[39m
            [36m<div[39m
              [33mclass[39m=[32m"p-6"[39m
            [36m>[39m
              [36m<div[39m
                [33mclass[39m=[32m"animate-pulse rounded-md bg-muted h-6 w-3/4 mb-3"[39m
              [36m/>[39m
              [36m<div[39m
                [33mclass[39m=[32m"animate-pulse rounded-md bg-muted h-4 w-1/2 mb-2"[39m
              [36m/>[39m
              [36m<div[39m
                [33mclass[39m=[32m"animate-pulse rounded-md bg-muted h-4 w-2/3"[39m
              [36m/>[39m
            [36m</div>[39m
            [36m<div[39m
              [33mclass[39m=[32m"p-6"[39m
            [36m>[39m
              [36m<div[39m
                [33mclass[39m=[32m"animate-pulse rounded-md bg-muted h-6 w-3/4 mb-3"[39m
              [36m/>[39m
              [36m<div[39m
                [33mclass[39m=[32m"animate-pulse rounded-md bg-muted h-4 w-1/2 mb-2"[39m
              [36m/>[39m
              [36m<div[39m
                [33mclass[39m=[32m"animate-pulse rounded-md bg-muted h-4 w-2/3"[39m
              [36m/>[39m
            [36m</div>[39m
          [36m</div>[39m
        [36m</div>[39m
        [36m<div[39m
          [33mclass[39m=[32m"mt-8"[39m
        [36m>[39m
          [36m<div[39m
            [33mclass[39m=[32m"animate-pulse rounded-md bg-muted h-8 w-48 mb-4"[39m
          [36m/>[39m
          [36m<div[39m
            [33mclass[39m=[32m"space-y-3"[39m
          [36m>[39m
            [36m<div[39m
              [33mclass[39m=[32m"p-4"[39m
            [36m>[39m
              [36m<div[39m
                [33mclass[39m=[32m"flex justify-between"[39m
              [36m>[39m
                [36m<div[39m
                  [33mclass[39m=[32m"flex-1"[39m
                [36m>[39m
                  [36m<div[39m
                    [33mclass[39m=[32m"animate-pulse rounded-md bg-muted h-5 w-3/4 mb-2"[39m
                  [36m/>[39m
                  [36m<div[39m
                    [33mclass[39m=[32m"animate-pulse rounded-md bg-muted h-4 w-1/2"[39m
                  [36m/>[39m
                [36m</div>[39m
                [36m<div[39m
                  [33mclass[39m=[32m"animate-pulse rounded-md bg-muted h-8 w-24"[39m
                [36m/>[39m
              [36m</div>[39m
            [36m</div>[39m
            [36m<div[39m
              [33mclass[39m=[32m"p-4"[39m
            [36m>[39m
              [36m<div[39m
                [33mclass[39m=[32m"flex justify-between"[39m
              [36m>[39m
                [36m<div[39m
                  [33mclass[39m=[32m"flex-1"[39m
                [36m>[39m
                  [36m<div[39m
                    [33mclass[39m=[32m"animate-pulse rounded-md bg-muted h-5 w-3/4 mb-2"[39m
                  [36m/>[39m
                  [36m<div[39m
                    [33mclass[39m=[32m"animate-pulse rounded-md bg-muted h-4 w-1/2"[39m
                  [36m/>[39m
                [36m</div>[39m
                [36m<div[39m
                  [33mclass[39m=[32m"animate-pulse rounded-md bg-muted h-8 w-24"[39m
                [36m/>[39m
              [36m</div>[39m
            [36m</div>[39m
            [36m<div[39m
              [33mclass[39m=[32m"p-4"[39m
            [36m>[39m
              [36m<div[39m
                [33mclass[39m=[32m"flex justify-between"[39m
              [36m>[39m
                [36m<div[39m
                  [33mclass[39m=[32m"flex-1"[39m
                [36m>[39m
                  [36m<div[39m
                    [33mclass[39m=[32m"animate-pulse rounded-md bg-muted h-5 w-3/4 mb-2"[39m
                  [36m/>[39m
                  [36m<div[39m
                    [33mclass[39m=[32m"animate-pulse rounded-md bg-muted h-4 w-1/2"[39m
                  [36m/>[39m
                [36m</div>[39m
                [36m<div[39m
                  [33mclass[39m=[32m"animate-pulse rounded-md bg-muted h-8 w-24"[39m
                [36m/>[39m
              [36m</div>[39m
            [36m</div>[39m
          [36m</div>[39m
        [36m</div>[39m
      [36m</div>[39m
    [36m</div>[39m
  [36m</div>[39m
[36m</body>[39m
[90m [2mΓ¥»[22m Object.getElementError node_modules/@testing-library/dom/dist/config.js:[2m37:19[22m[39m
[90m [2mΓ¥»[22m node_modules/@testing-library/dom/dist/query-helpers.js:[2m76:38[22m[39m
[90m [2mΓ¥»[22m node_modules/@testing-library/dom/dist/query-helpers.js:[2m52:17[22m[39m
[90m [2mΓ¥»[22m node_modules/@testing-library/dom/dist/query-helpers.js:[2m95:19[22m[39m
[36m [2mΓ¥»[22m src/app/dashboard/page.test.tsx:[2m195:21[22m[39m
    [90m193|[39m       [34mrender[39m([33m<[39m[33mDashboardPage[39m [33m/[39m[33m>[39m)[33m;[39m
    [90m194|[39m
    [90m195|[39m       [34mexpect[39m(screen[33m.[39m[34mgetByText[39m([36m/loading.../i[39m))[33m.[39m[34mtoBeInTheDocument[39m()[33m;[39m
    [90m   |[39m                     [31m^[39m
    [90m196|[39m     })[33m;[39m
    [90m197|[39m

[31m[2mΓÄ»ΓÄ»ΓÄ»ΓÄ»ΓÄ»ΓÄ»ΓÄ»ΓÄ»ΓÄ»ΓÄ»ΓÄ»ΓÄ»ΓÄ»ΓÄ»ΓÄ»ΓÄ»ΓÄ»ΓÄ»ΓÄ»ΓÄ»ΓÄ»ΓÄ»ΓÄ»[1/59]ΓÄ»[22m[39m

[41m[1m FAIL [22m[49m src/app/dashboard/page.test.tsx[2m > [22mDashboardPage[2m > [22mLoading State[2m > [22mshould show spinner with proper styling
[31m[1mError[22m: [2mexpect([22m[31mreceived[31m[2m).toBeInTheDocument()[22m

[31mreceived[31m value must be an HTMLElement or an SVGElement.
Received has type:  Null
Received has value: [31mnull[31m[39m
[36m [2mΓ¥»[22m src/app/dashboard/page.test.tsx:[2m207:23[22m[39m
    [90m205|[39m
    [90m206|[39m       [35mconst[39m spinner [33m=[39m container[33m.[39m[34mquerySelector[39m([32m'.animate-spin'[39m)[33m;[39m
    [90m207|[39m       [34mexpect[39m(spinner)[33m.[39m[34mtoBeInTheDocument[39m()[33m;[39m
    [90m   |[39m                       [31m^[39m
    [90m208|[39m     })[33m;[39m
    [90m209|[39m

[31m[2mΓÄ»ΓÄ»ΓÄ»ΓÄ»ΓÄ»ΓÄ»ΓÄ»ΓÄ»ΓÄ»ΓÄ»ΓÄ»ΓÄ»ΓÄ»ΓÄ»ΓÄ»ΓÄ»ΓÄ»ΓÄ»ΓÄ»ΓÄ»ΓÄ»ΓÄ»ΓÄ»[2/59]ΓÄ»[22m[39m

[41m[1m FAIL [22m[49m src/app/dashboard/page.test.tsx[2m > [22mDashboardPage[2m > [22mInitial Rendering[2m > [22mshould render dashboard heading
[31m[1mTestingLibraryElementError[22m: Unable to find role="heading" and name `/dashboard/i`

Ignored nodes: comments, script, style
[36m<body>[31m
  [36m<div />[31m
[36m</body>[31m

Ignored nodes: comments, script, style
[36m<html>[31m
  [36m<head />[31m
  [36m<body>[31m
    [36m<div />[31m
  [36m</body>[31m
[36m</html>[31m[39m
[90m [2mΓ¥»[22m Proxy.waitForWrapper node_modules/@testing-library/dom/dist/wait-for.js:[2m163:27[22m[39m
[36m [2mΓ¥»[22m src/app/dashboard/page.test.tsx:[2m226:13[22m[39m
    [90m224|[39m       [34mrender[39m([33m<[39m[33mDashboardPage[39m [33m/[39m[33m>[39m)[33m;[39m
    [90m225|[39m
    [90m226|[39m       [35mawait[39m [34mwaitFor[39m(() [33m=>[39m {
    [90m   |[39m             [31m^[39m
    [90m227|[39m         expect(screen.getByRole('heading', { name: /dashboard/i })).toΓÇª
    [90m228|[39m       })[33m;[39m

[31m[2mΓÄ»ΓÄ»ΓÄ»ΓÄ»ΓÄ»ΓÄ»ΓÄ»ΓÄ»ΓÄ»ΓÄ»ΓÄ»ΓÄ»ΓÄ»ΓÄ»ΓÄ»ΓÄ»ΓÄ»ΓÄ»ΓÄ»ΓÄ»ΓÄ»ΓÄ»ΓÄ»[3/59]ΓÄ»[22m[39m

[41m[1m FAIL [22m[49m src/app/dashboard/page.test.tsx[2m > [22mDashboardPage[2m > [22mInitial Rendering[2m > [22mshould display welcome message with user name
[31m[1mTestingLibraryElementError[22m: Unable to find an element with the text: /welcome back, john doe!/i. This could be because the text is broken up by multiple elements. In this case, you can 
provide a function for your text matcher to make your matcher more flexible.

Ignored nodes: comments, script, style
[36m<body>[31m
  [36m<div />[31m
[36m</body>[31m

Ignored nodes: comments, script, style
[36m<html>[31m
  [36m<head />[31m
  [36m<body>[31m
    [36m<div />[31m
  [36m</body>[31m
[36m</html>[31m[39m
[90m [2mΓ¥»[22m Proxy.waitForWrapper node_modules/@testing-library/dom/dist/wait-for.js:[2m163:27[22m[39m
[36m [2mΓ¥»[22m src/app/dashboard/page.test.tsx:[2m234:13[22m[39m
    [90m232|[39m       [34mrender[39m([33m<[39m[33mDashboardPage[39m [33m/[39m[33m>[39m)[33m;[39m
    [90m233|[39m
    [90m234|[39m       [35mawait[39m [34mwaitFor[39m(() [33m=>[39m {
    [90m   |[39m             [31m^[39m
    [90m235|[39m         expect(screen.getByText(/welcome back, john doe!/i)).toBeInTheΓÇª
    [90m236|[39m       })[33m;[39m

[31m[2mΓÄ»ΓÄ»ΓÄ»ΓÄ»ΓÄ»ΓÄ»ΓÄ»ΓÄ»ΓÄ»ΓÄ»ΓÄ»ΓÄ»ΓÄ»ΓÄ»ΓÄ»ΓÄ»ΓÄ»ΓÄ»ΓÄ»ΓÄ»ΓÄ»ΓÄ»ΓÄ»[4/59]ΓÄ»[22m[39m

[41m[1m FAIL [22m[49m src/app/dashboard/page.test.tsx[2m > [22mDashboardPage[2m > [22mInitial Rendering[2m > [22mshould render all three main cards
[31m[1mTestingLibraryElementError[22m: Unable to find role="heading" and name `/your profile/i`

Ignored nodes: comments, script, style
[36m<body>[31m
  [36m<div />[31m
[36m</body>[31m

Ignored nodes: comments, script, style
[36m<html>[31m
  [36m<head />[31m
  [36m<body>[31m
    [36m<div />[31m
  [36m</body>[31m
[36m</html>[31m[39m
[90m [2mΓ¥»[22m Proxy.waitForWrapper node_modules/@testing-library/dom/dist/wait-for.js:[2m163:27[22m[39m
[36m [2mΓ¥»[22m src/app/dashboard/page.test.tsx:[2m242:13[22m[39m
    [90m240|[39m       [34mrender[39m([33m<[39m[33mDashboardPage[39m [33m/[39m[33m>[39m)[33m;[39m
    [90m241|[39m
    [90m242|[39m       [35mawait[39m [34mwaitFor[39m(() [33m=>[39m {
    [90m   |[39m             [31m^[39m
    [90m243|[39m         expect(screen.getByRole('heading', { name: /your profile/i }))ΓÇª
    [90m244|[39m         expect(screen.getByRole('heading', { name: /your points/i })).ΓÇª

[31m[2mΓÄ»ΓÄ»ΓÄ»ΓÄ»ΓÄ»ΓÄ»ΓÄ»ΓÄ»ΓÄ»ΓÄ»ΓÄ»ΓÄ»ΓÄ»ΓÄ»ΓÄ»ΓÄ»ΓÄ»ΓÄ»ΓÄ»ΓÄ»ΓÄ»ΓÄ»ΓÄ»[5/59]ΓÄ»[22m[39m

[41m[1m FAIL [22m[49m src/app/dashboard/page.test.tsx[2m > [22mDashboardPage[2m > [22mInitial Rendering[2m > [22mshould render upcoming events section
[31m[1mTestingLibraryElementError[22m: Unable to find role="heading" and name `/upcoming events/i`

Ignored nodes: comments, script, style
[36m<body>[31m
  [36m<div />[31m
[36m</body>[31m

Ignored nodes: comments, script, style
[36m<html>[31m
  [36m<head />[31m
  [36m<body>[31m
    [36m<div />[31m
  [36m</body>[31m
[36m</html>[31m[39m
[90m [2mΓ¥»[22m Proxy.waitForWrapper node_modules/@testing-library/dom/dist/wait-for.js:[2m163:27[22m[39m
[36m [2mΓ¥»[22m src/app/dashboard/page.test.tsx:[2m252:13[22m[39m
    [90m250|[39m       [34mrender[39m([33m<[39m[33mDashboardPage[39m [33m/[39m[33m>[39m)[33m;[39m
    [90m251|[39m
    [90m252|[39m       [35mawait[39m [34mwaitFor[39m(() [33m=>[39m {
    [90m   |[39m             [31m^[39m
    [90m253|[39m         expect(screen.getByRole('heading', { name: /upcoming events/i ΓÇª
    [90m254|[39m       })[33m;[39m

[31m[2mΓÄ»ΓÄ»ΓÄ»ΓÄ»ΓÄ»ΓÄ»ΓÄ»ΓÄ»ΓÄ»ΓÄ»ΓÄ»ΓÄ»ΓÄ»ΓÄ»ΓÄ»ΓÄ»ΓÄ»ΓÄ»ΓÄ»ΓÄ»ΓÄ»ΓÄ»ΓÄ»[6/59]ΓÄ»[22m[39m

[41m[1m FAIL [22m[49m src/app/dashboard/page.test.tsx[2m > [22mDashboardPage[2m > [22mInitial Rendering[2m > [22mshould render my tasks section
[31m[1mTestingLibraryElementError[22m: Unable to find role="heading" and name `/my tasks/i`

Ignored nodes: comments, script, style
[36m<body>[31m
  [36m<div />[31m
[36m</body>[31m

Ignored nodes: comments, script, style
[36m<html>[31m
  [36m<head />[31m
  [36m<body>[31m
    [36m<div />[31m
  [36m</body>[31m
[36m</html>[31m[39m
[90m [2mΓ¥»[22m Proxy.waitForWrapper node_modules/@testing-library/dom/dist/wait-for.js:[2m163:27[22m[39m
[36m [2mΓ¥»[22m src/app/dashboard/page.test.tsx:[2m260:13[22m[39m
    [90m258|[39m       [34mrender[39m([33m<[39m[33mDashboardPage[39m [33m/[39m[33m>[39m)[33m;[39m
    [90m259|[39m
    [90m260|[39m       [35mawait[39m [34mwaitFor[39m(() [33m=>[39m {
    [90m   |[39m             [31m^[39m
    [90m261|[39m         expect(screen.getByRole('heading', { name: /my tasks/i })).toBΓÇª
    [90m262|[39m       })[33m;[39m

[31m[2mΓÄ»ΓÄ»ΓÄ»ΓÄ»ΓÄ»ΓÄ»ΓÄ»ΓÄ»ΓÄ»ΓÄ»ΓÄ»ΓÄ»ΓÄ»ΓÄ»ΓÄ»ΓÄ»ΓÄ»ΓÄ»ΓÄ»ΓÄ»ΓÄ»ΓÄ»ΓÄ»[7/59]ΓÄ»[22m[39m

[41m[1m FAIL [22m[49m src/app/dashboard/page.test.tsx[2m > [22mDashboardPage[2m > [22mUser Profile Card[2m > [22mshould display user name
[31m[1mTestingLibraryElementError[22m: Unable to find an element with the text: /name:/i. This could be because the text is broken up by multiple elements. In this case, you can provide a function 
for your text matcher to make your matcher more flexible.

Ignored nodes: comments, script, style
[36m<body>[31m
  [36m<div />[31m
[36m</body>[31m

Ignored nodes: comments, script, style
[36m<html>[31m
  [36m<head />[31m
  [36m<body>[31m
    [36m<div />[31m
  [36m</body>[31m
[36m</html>[31m[39m
[90m [2mΓ¥»[22m Proxy.waitForWrapper node_modules/@testing-library/dom/dist/wait-for.js:[2m163:27[22m[39m
[36m [2mΓ¥»[22m src/app/dashboard/page.test.tsx:[2m270:13[22m[39m
    [90m268|[39m       [34mrender[39m([33m<[39m[33mDashboardPage[39m [33m/[39m[33m>[39m)[33m;[39m
    [90m269|[39m
    [90m270|[39m       [35mawait[39m [34mwaitFor[39m(() [33m=>[39m {
    [90m   |[39m             [31m^[39m
    [90m271|[39m         [34mexpect[39m(screen[33m.[39m[34mgetByText[39m([36m/name:/i[39m))[33m.[39m[34mtoBeInTheDocument[39m()[33m;[39m
    [90m272|[39m         [34mexpect[39m(screen[33m.[39m[34mgetByText[39m([32m'John Doe'[39m))[33m.[39m[34mtoBeInTheDocument[39m()[33m;[39m

[31m[2mΓÄ»ΓÄ»ΓÄ»ΓÄ»ΓÄ»ΓÄ»ΓÄ»ΓÄ»ΓÄ»ΓÄ»ΓÄ»ΓÄ»ΓÄ»ΓÄ»ΓÄ»ΓÄ»ΓÄ»ΓÄ»ΓÄ»ΓÄ»ΓÄ»ΓÄ»ΓÄ»[8/59]ΓÄ»[22m[39m

[41m[1m FAIL [22m[49m src/app/dashboard/page.test.tsx[2m > [22mDashboardPage[2m > [22mUser Profile Card[2m > [22mshould display user email
[31m[1mTestingLibraryElementError[22m: Unable to find an element with the text: /email:/i. This could be because the text is broken up by multiple elements. In this case, you can provide a 
function for your text matcher to make your matcher more flexible.

Ignored nodes: comments, script, style
[36m<body>[31m
  [36m<div />[31m
[36m</body>[31m

Ignored nodes: comments, script, style
[36m<html>[31m
  [36m<head />[31m
  [36m<body>[31m
    [36m<div />[31m
  [36m</body>[31m
[36m</html>[31m[39m
[90m [2mΓ¥»[22m Proxy.waitForWrapper node_modules/@testing-library/dom/dist/wait-for.js:[2m163:27[22m[39m
[36m [2mΓ¥»[22m src/app/dashboard/page.test.tsx:[2m279:13[22m[39m
    [90m277|[39m       [34mrender[39m([33m<[39m[33mDashboardPage[39m [33m/[39m[33m>[39m)[33m;[39m
    [90m278|[39m
    [90m279|[39m       [35mawait[39m [34mwaitFor[39m(() [33m=>[39m {
    [90m   |[39m             [31m^[39m
    [90m280|[39m         [34mexpect[39m(screen[33m.[39m[34mgetByText[39m([36m/email:/i[39m))[33m.[39m[34mtoBeInTheDocument[39m()[33m;[39m
    [90m281|[39m         expect(screen.getByText('john@example.com')).toBeInTheDocumentΓÇª

[31m[2mΓÄ»ΓÄ»ΓÄ»ΓÄ»ΓÄ»ΓÄ»ΓÄ»ΓÄ»ΓÄ»ΓÄ»ΓÄ»ΓÄ»ΓÄ»ΓÄ»ΓÄ»ΓÄ»ΓÄ»ΓÄ»ΓÄ»ΓÄ»ΓÄ»ΓÄ»ΓÄ»[9/59]ΓÄ»[22m[39m

[41m[1m FAIL [22m[49m src/app/dashboard/page.test.tsx[2m > [22mDashboardPage[2m > [22mUser Profile Card[2m > [22mshould display user phone when available
[31m[1mTestingLibraryElementError[22m: Unable to find an element with the text: /phone:/i. This could be because the text is broken up by multiple elements. In this case, you can provide a 
function for your text matcher to make your matcher more flexible.

Ignored nodes: comments, script, style
[36m<body>[31m
  [36m<div />[31m
[36m</body>[31m

Ignored nodes: comments, script, style
[36m<html>[31m
  [36m<head />[31m
  [36m<body>[31m
    [36m<div />[31m
  [36m</body>[31m
[36m</html>[31m[39m
[90m [2mΓ¥»[22m Proxy.waitForWrapper node_modules/@testing-library/dom/dist/wait-for.js:[2m163:27[22m[39m
[36m [2mΓ¥»[22m src/app/dashboard/page.test.tsx:[2m288:13[22m[39m
    [90m286|[39m       [34mrender[39m([33m<[39m[33mDashboardPage[39m [33m/[39m[33m>[39m)[33m;[39m
    [90m287|[39m
    [90m288|[39m       [35mawait[39m [34mwaitFor[39m(() [33m=>[39m {
    [90m   |[39m             [31m^[39m
    [90m289|[39m         [34mexpect[39m(screen[33m.[39m[34mgetByText[39m([36m/phone:/i[39m))[33m.[39m[34mtoBeInTheDocument[39m()[33m;[39m
    [90m290|[39m         [34mexpect[39m(screen[33m.[39m[34mgetByText[39m([32m'555-1234'[39m))[33m.[39m[34mtoBeInTheDocument[39m()[33m;[39m

[31m[2mΓÄ»ΓÄ»ΓÄ»ΓÄ»ΓÄ»ΓÄ»ΓÄ»ΓÄ»ΓÄ»ΓÄ»ΓÄ»ΓÄ»ΓÄ»ΓÄ»ΓÄ»ΓÄ»ΓÄ»ΓÄ»ΓÄ»ΓÄ»ΓÄ»ΓÄ»[10/59]ΓÄ»[22m[39m

[41m[1m FAIL [22m[49m src/app/dashboard/page.test.tsx[2m > [22mDashboardPage[2m > [22mUser Profile Card[2m > [22mshould display user auth tier
[31m[1mTestingLibraryElementError[22m: Unable to find an element with the text: /role:/i. This could be because the text is broken up by multiple elements. In this case, you can provide a function 
for your text matcher to make your matcher more flexible.

Ignored nodes: comments, script, style
[36m<body>[31m
  [36m<div />[31m
[36m</body>[31m

Ignored nodes: comments, script, style
[36m<html>[31m
  [36m<head />[31m
  [36m<body>[31m
    [36m<div />[31m
  [36m</body>[31m
[36m</html>[31m[39m
[90m [2mΓ¥»[22m Proxy.waitForWrapper node_modules/@testing-library/dom/dist/wait-for.js:[2m163:27[22m[39m
[36m [2mΓ¥»[22m src/app/dashboard/page.test.tsx:[2m311:13[22m[39m
    [90m309|[39m       [34mrender[39m([33m<[39m[33mDashboardPage[39m [33m/[39m[33m>[39m)[33m;[39m
    [90m310|[39m
    [90m311|[39m       [35mawait[39m [34mwaitFor[39m(() [33m=>[39m {
    [90m   |[39m             [31m^[39m
    [90m312|[39m         [34mexpect[39m(screen[33m.[39m[34mgetByText[39m([36m/role:/i[39m))[33m.[39m[34mtoBeInTheDocument[39m()[33m;[39m
    [90m313|[39m         [34mexpect[39m(screen[33m.[39m[34mgetByText[39m([32m'VOLUNTEER'[39m))[33m.[39m[34mtoBeInTheDocument[39m()[33m;[39m

[31m[2mΓÄ»ΓÄ»ΓÄ»ΓÄ»ΓÄ»ΓÄ»ΓÄ»ΓÄ»ΓÄ»ΓÄ»ΓÄ»ΓÄ»ΓÄ»ΓÄ»ΓÄ»ΓÄ»ΓÄ»ΓÄ»ΓÄ»ΓÄ»ΓÄ»ΓÄ»[11/59]ΓÄ»[22m[39m

[41m[1m FAIL [22m[49m src/app/dashboard/page.test.tsx[2m > [22mDashboardPage[2m > [22mUser Profile Card[2m > [22mshould style auth tier as badge
[31m[1mError[22m: [2mexpect([22m[31mreceived[31m[2m).toBeInTheDocument()[22m

[31mreceived[31m value must be an HTMLElement or an SVGElement.
Received has type:  Null
Received has value: [31mnull[31m

Ignored nodes: comments, script, style
[36m<html>[31m
  [36m<head />[31m
  [36m<body>[31m
    [36m<div />[31m
  [36m</body>[31m
[36m</html>[31m[39m
[36m [2mΓ¥»[22m src/app/dashboard/page.test.tsx:[2m322:23[22m[39m
    [90m320|[39m       [35mawait[39m [34mwaitFor[39m(() [33m=>[39m {
    [90m321|[39m         [35mconst[39m badge [33m=[39m container[33m.[39m[34mquerySelector[39m([32m'.bg-blue-100'[39m)[33m;[39m
    [90m322|[39m         [34mexpect[39m(badge)[33m.[39m[34mtoBeInTheDocument[39m()[33m;[39m
    [90m   |[39m                       [31m^[39m
    [90m323|[39m         [34mexpect[39m(badge)[33m.[39m[34mtoHaveTextContent[39m([32m'VOLUNTEER'[39m)[33m;[39m
    [90m324|[39m       })[33m;[39m
[90m [2mΓ¥»[22m runWithExpensiveErrorDiagnosticsDisabled node_modules/@testing-library/dom/dist/config.js:[2m47:12[22m[39m
[90m [2mΓ¥»[22m checkCallback node_modules/@testing-library/dom/dist/wait-for.js:[2m124:77[22m[39m
[90m [2mΓ¥»[22m Timeout.checkRealTimersCallback node_modules/@testing-library/dom/dist/wait-for.js:[2m118:16[22m[39m

[31m[2mΓÄ»ΓÄ»ΓÄ»ΓÄ»ΓÄ»ΓÄ»ΓÄ»ΓÄ»ΓÄ»ΓÄ»ΓÄ»ΓÄ»ΓÄ»ΓÄ»ΓÄ»ΓÄ»ΓÄ»ΓÄ»ΓÄ»ΓÄ»ΓÄ»ΓÄ»[12/59]ΓÄ»[22m[39m

[41m[1m FAIL [22m[49m src/app/dashboard/page.test.tsx[2m > [22mDashboardPage[2m > [22mProfile Edit Navigation[2m > [22mshould display an Edit Profile button in the profile card
[31m[1mTestingLibraryElementError[22m: Unable to find role="button" and name `/edit profile/i`

Ignored nodes: comments, script, style
[36m<body>[31m
  [36m<div />[31m
[36m</body>[31m

Ignored nodes: comments, script, style
[36m<html>[31m
  [36m<head />[31m
  [36m<body>[31m
    [36m<div />[31m
  [36m</body>[31m
[36m</html>[31m[39m
[90m [2mΓ¥»[22m Proxy.waitForWrapper node_modules/@testing-library/dom/dist/wait-for.js:[2m163:27[22m[39m
[36m [2mΓ¥»[22m src/app/dashboard/page.test.tsx:[2m332:13[22m[39m
    [90m330|[39m       [34mrender[39m([33m<[39m[33mDashboardPage[39m [33m/[39m[33m>[39m)[33m;[39m
    [90m331|[39m
    [90m332|[39m       [35mawait[39m [34mwaitFor[39m(() [33m=>[39m {
    [90m   |[39m             [31m^[39m
    [90m333|[39m         const editButton = screen.getByRole('button', { name: /edit prΓÇª
    [90m334|[39m         [34mexpect[39m(editButton)[33m.[39m[34mtoBeInTheDocument[39m()[33m;[39m

[31m[2mΓÄ»ΓÄ»ΓÄ»ΓÄ»ΓÄ»ΓÄ»ΓÄ»ΓÄ»ΓÄ»ΓÄ»ΓÄ»ΓÄ»ΓÄ»ΓÄ»ΓÄ»ΓÄ»ΓÄ»ΓÄ»ΓÄ»ΓÄ»ΓÄ»ΓÄ»[13/59]ΓÄ»[22m[39m

[41m[1m FAIL [22m[49m src/app/dashboard/page.test.tsx[2m > [22mDashboardPage[2m > [22mProfile Edit Navigation[2m > [22mshould navigate to profile edit page when Edit Profile button is 
clicked
[31m[1mTestingLibraryElementError[22m: Unable to find role="button" and name `/edit profile/i`

Ignored nodes: comments, script, style
[36m<body>[31m
  [36m<div />[31m
[36m</body>[31m

Ignored nodes: comments, script, style
[36m<html>[31m
  [36m<head />[31m
  [36m<body>[31m
    [36m<div />[31m
  [36m</body>[31m
[36m</html>[31m[39m
[90m [2mΓ¥»[22m Proxy.waitForWrapper node_modules/@testing-library/dom/dist/wait-for.js:[2m163:27[22m[39m
[36m [2mΓ¥»[22m src/app/dashboard/page.test.tsx:[2m342:13[22m[39m
    [90m340|[39m       [34mrender[39m([33m<[39m[33mDashboardPage[39m [33m/[39m[33m>[39m)[33m;[39m
    [90m341|[39m
    [90m342|[39m       [35mawait[39m [34mwaitFor[39m(() [33m=>[39m {
    [90m   |[39m             [31m^[39m
    [90m343|[39m         expect(screen.getByRole('button', { name: /edit profile/i })).ΓÇª
    [90m344|[39m       })[33m;[39m

[31m[2mΓÄ»ΓÄ»ΓÄ»ΓÄ»ΓÄ»ΓÄ»ΓÄ»ΓÄ»ΓÄ»ΓÄ»ΓÄ»ΓÄ»ΓÄ»ΓÄ»ΓÄ»ΓÄ»ΓÄ»ΓÄ»ΓÄ»ΓÄ»ΓÄ»ΓÄ»[14/59]ΓÄ»[22m[39m

[41m[1m FAIL [22m[49m src/app/dashboard/page.test.tsx[2m > [22mDashboardPage[2m > [22mPoints Card[2m > [22mshould display current year points
[31m[1mTestingLibraryElementError[22m: Unable to find an element with the text: 150. This could be because the text is broken up by multiple elements. In this case, you can provide a function for 
your text matcher to make your matcher more flexible.

Ignored nodes: comments, script, style
[36m<body>[31m
  [36m<div />[31m
[36m</body>[31m

Ignored nodes: comments, script, style
[36m<html>[31m
  [36m<head />[31m
  [36m<body>[31m
    [36m<div />[31m
  [36m</body>[31m
[36m</html>[31m[39m
[90m [2mΓ¥»[22m Proxy.waitForWrapper node_modules/@testing-library/dom/dist/wait-for.js:[2m163:27[22m[39m
[36m [2mΓ¥»[22m src/app/dashboard/page.test.tsx:[2m369:13[22m[39m
    [90m367|[39m       [34mrender[39m([33m<[39m[33mDashboardPage[39m [33m/[39m[33m>[39m)[33m;[39m
    [90m368|[39m
    [90m369|[39m       [35mawait[39m [34mwaitFor[39m(() [33m=>[39m {
    [90m   |[39m             [31m^[39m
    [90m370|[39m         [34mexpect[39m(screen[33m.[39m[34mgetByText[39m([32m'150'[39m))[33m.[39m[34mtoBeInTheDocument[39m()[33m;[39m
    [90m371|[39m         expect(screen.getByText(/points this year/i)).toBeInTheDocumenΓÇª

[31m[2mΓÄ»ΓÄ»ΓÄ»ΓÄ»ΓÄ»ΓÄ»ΓÄ»ΓÄ»ΓÄ»ΓÄ»ΓÄ»ΓÄ»ΓÄ»ΓÄ»ΓÄ»ΓÄ»ΓÄ»ΓÄ»ΓÄ»ΓÄ»ΓÄ»ΓÄ»[15/59]ΓÄ»[22m[39m

[41m[1m FAIL [22m[49m src/app/dashboard/page.test.tsx[2m > [22mDashboardPage[2m > [22mPoints Card[2m > [22mshould display zero when point balance is missing
[31m[1mTestingLibraryElementError[22m: Unable to find an element with the text: 0. This could be because the text is broken up by multiple elements. In this case, you can provide a function for 
your text matcher to make your matcher more flexible.

Ignored nodes: comments, script, style
[36m<body>[31m
  [36m<div />[31m
[36m</body>[31m

Ignored nodes: comments, script, style
[36m<html>[31m
  [36m<head />[31m
  [36m<body>[31m
    [36m<div />[31m
  [36m</body>[31m
[36m</html>[31m[39m
[90m [2mΓ¥»[22m Proxy.waitForWrapper node_modules/@testing-library/dom/dist/wait-for.js:[2m163:27[22m[39m
[36m [2mΓ¥»[22m src/app/dashboard/page.test.tsx:[2m386:13[22m[39m
    [90m384|[39m       [34mrender[39m([33m<[39m[33mDashboardPage[39m [33m/[39m[33m>[39m)[33m;[39m
    [90m385|[39m
    [90m386|[39m       [35mawait[39m [34mwaitFor[39m(() [33m=>[39m {
    [90m   |[39m             [31m^[39m
    [90m387|[39m         [35mconst[39m zeros [33m=[39m screen[33m.[39m[34mgetAllByText[39m([32m'0'[39m)[33m;[39m
    [90m388|[39m         [34mexpect[39m(zeros[33m.[39mlength)[33m.[39m[34mtoBeGreaterThanOrEqual[39m([34m2[39m)[33m;[39m

[31m[2mΓÄ»ΓÄ»ΓÄ»ΓÄ»ΓÄ»ΓÄ»ΓÄ»ΓÄ»ΓÄ»ΓÄ»ΓÄ»ΓÄ»ΓÄ»ΓÄ»ΓÄ»ΓÄ»ΓÄ»ΓÄ»ΓÄ»ΓÄ»ΓÄ»ΓÄ»[16/59]ΓÄ»[22m[39m

[41m[1m FAIL [22m[49m src/app/dashboard/page.test.tsx[2m > [22mDashboardPage[2m > [22mPoints Card[2m > [22mshould display zero for missing currentYearPoints
[31m[1mTestingLibraryElementError[22m: Unable to find an element with the text: 0. This could be because the text is broken up by multiple elements. In this case, you can provide a function for 
your text matcher to make your matcher more flexible.

Ignored nodes: comments, script, style
[36m<body>[31m
  [36m<div />[31m
[36m</body>[31m

Ignored nodes: comments, script, style
[36m<html>[31m
  [36m<head />[31m
  [36m<body>[31m
    [36m<div />[31m
  [36m</body>[31m
[36m</html>[31m[39m
[90m [2mΓ¥»[22m Proxy.waitForWrapper node_modules/@testing-library/dom/dist/wait-for.js:[2m163:27[22m[39m
[36m [2mΓ¥»[22m src/app/dashboard/page.test.tsx:[2m404:13[22m[39m
    [90m402|[39m       [34mrender[39m([33m<[39m[33mDashboardPage[39m [33m/[39m[33m>[39m)[33m;[39m
    [90m403|[39m
    [90m404|[39m       [35mawait[39m [34mwaitFor[39m(() [33m=>[39m {
    [90m   |[39m             [31m^[39m
    [90m405|[39m         [34mexpect[39m(screen[33m.[39m[34mgetByText[39m([32m'0'[39m))[33m.[39m[34mtoBeInTheDocument[39m()[33m;[39m
    [90m406|[39m         [34mexpect[39m(screen[33m.[39m[34mgetByText[39m([32m'100'[39m))[33m.[39m[34mtoBeInTheDocument[39m()[33m;[39m

[31m[2mΓÄ»ΓÄ»ΓÄ»ΓÄ»ΓÄ»ΓÄ»ΓÄ»ΓÄ»ΓÄ»ΓÄ»ΓÄ»ΓÄ»ΓÄ»ΓÄ»ΓÄ»ΓÄ»ΓÄ»ΓÄ»ΓÄ»ΓÄ»ΓÄ»ΓÄ»[17/59]ΓÄ»[22m[39m

[41m[1m FAIL [22m[49m src/app/dashboard/page.test.tsx[2m > [22mDashboardPage[2m > [22mPoints Card[2m > [22mshould display current badge tier
[31m[1mTestingLibraryElementError[22m: Unable to find an element with the text: /Platinum Tier/i. This could be because the text is broken up by multiple elements. In this case, you can provide a 
function for your text matcher to make your matcher more flexible.

Ignored nodes: comments, script, style
[36m<body>[31m
  [36m<div />[31m
[36m</body>[31m

Ignored nodes: comments, script, style
[36m<html>[31m
  [36m<head />[31m
  [36m<body>[31m
    [36m<div />[31m
  [36m</body>[31m
[36m</html>[31m[39m
[90m [2mΓ¥»[22m Proxy.waitForWrapper node_modules/@testing-library/dom/dist/wait-for.js:[2m163:27[22m[39m
[36m [2mΓ¥»[22m src/app/dashboard/page.test.tsx:[2m413:13[22m[39m
    [90m411|[39m       [34mrender[39m([33m<[39m[33mDashboardPage[39m [33m/[39m[33m>[39m)[33m;[39m
    [90m412|[39m
    [90m413|[39m       [35mawait[39m [34mwaitFor[39m(() [33m=>[39m {
    [90m   |[39m             [31m^[39m
    [90m414|[39m         [34mexpect[39m(screen[33m.[39m[34mgetByText[39m([36m/Platinum Tier/i[39m))[33m.[39m[34mtoBeInTheDocument[39m()[33m;[39m
    [90m415|[39m       })[33m;[39m

[31m[2mΓÄ»ΓÄ»ΓÄ»ΓÄ»ΓÄ»ΓÄ»ΓÄ»ΓÄ»ΓÄ»ΓÄ»ΓÄ»ΓÄ»ΓÄ»ΓÄ»ΓÄ»ΓÄ»ΓÄ»ΓÄ»ΓÄ»ΓÄ»ΓÄ»ΓÄ»[18/59]ΓÄ»[22m[39m

[41m[1m FAIL [22m[49m src/app/dashboard/page.test.tsx[2m > [22mDashboardPage[2m > [22mPoints Card[2m > [22mshould display points to next badge tier
[31m[1mTestingLibraryElementError[22m: Unable to find an element with the text: /5.*points to.*Diamond/i. This could be because the text is broken up by multiple elements. In this case, you can 
provide a function for your text matcher to make your matcher more flexible.

Ignored nodes: comments, script, style
[36m<body>[31m
  [36m<div />[31m
[36m</body>[31m

Ignored nodes: comments, script, style
[36m<html>[31m
  [36m<head />[31m
  [36m<body>[31m
    [36m<div />[31m
  [36m</body>[31m
[36m</html>[31m[39m
[90m [2mΓ¥»[22m Proxy.waitForWrapper node_modules/@testing-library/dom/dist/wait-for.js:[2m163:27[22m[39m
[36m [2mΓ¥»[22m src/app/dashboard/page.test.tsx:[2m421:13[22m[39m
    [90m419|[39m       [34mrender[39m([33m<[39m[33mDashboardPage[39m [33m/[39m[33m>[39m)[33m;[39m
    [90m420|[39m
    [90m421|[39m       [35mawait[39m [34mwaitFor[39m(() [33m=>[39m {
    [90m   |[39m             [31m^[39m
    [90m422|[39m         expect(screen.getByText(/5.*points to.*Diamond/i)).toBeInTheDoΓÇª
    [90m423|[39m       })[33m;[39m

[31m[2mΓÄ»ΓÄ»ΓÄ»ΓÄ»ΓÄ»ΓÄ»ΓÄ»ΓÄ»ΓÄ»ΓÄ»ΓÄ»ΓÄ»ΓÄ»ΓÄ»ΓÄ»ΓÄ»ΓÄ»ΓÄ»ΓÄ»ΓÄ»ΓÄ»ΓÄ»[19/59]ΓÄ»[22m[39m

[41m[1m FAIL [22m[49m src/app/dashboard/page.test.tsx[2m > [22mDashboardPage[2m > [22mPoints Card[2m > [22mshould display projected points from signups
[31m[1mTestingLibraryElementError[22m: Unable to find an element with the text: +15. This could be because the text is broken up by multiple elements. In this case, you can provide a function for 
your text matcher to make your matcher more flexible.

Ignored nodes: comments, script, style
[36m<body>[31m
  [36m<div />[31m
[36m</body>[31m

Ignored nodes: comments, script, style
[36m<html>[31m
  [36m<head />[31m
  [36m<body>[31m
    [36m<div />[31m
  [36m</body>[31m
[36m</html>[31m[39m
[90m [2mΓ¥»[22m Proxy.waitForWrapper node_modules/@testing-library/dom/dist/wait-for.js:[2m163:27[22m[39m
[36m [2mΓ¥»[22m src/app/dashboard/page.test.tsx:[2m429:13[22m[39m
    [90m427|[39m       [34mrender[39m([33m<[39m[33mDashboardPage[39m [33m/[39m[33m>[39m)[33m;[39m
    [90m428|[39m
    [90m429|[39m       [35mawait[39m [34mwaitFor[39m(() [33m=>[39m {
    [90m   |[39m             [31m^[39m
    [90m430|[39m         [34mexpect[39m(screen[33m.[39m[34mgetByText[39m([32m'+15'[39m))[33m.[39m[34mtoBeInTheDocument[39m()[33m;[39m
    [90m431|[39m         expect(screen.getByText(/Projected from Signups/i)).toBeInTheDΓÇª

[31m[2mΓÄ»ΓÄ»ΓÄ»ΓÄ»ΓÄ»ΓÄ»ΓÄ»ΓÄ»ΓÄ»ΓÄ»ΓÄ»ΓÄ»ΓÄ»ΓÄ»ΓÄ»ΓÄ»ΓÄ»ΓÄ»ΓÄ»ΓÄ»ΓÄ»ΓÄ»[20/59]ΓÄ»[22m[39m

[41m[1m FAIL [22m[49m src/app/dashboard/page.test.tsx[2m > [22mDashboardPage[2m > [22mPoints Card[2m > [22mshould display total after projected points
[31m[1mTestingLibraryElementError[22m: Unable to find an element with the text: /Total after events: 440/i. This could be because the text is broken up by multiple elements. In this case, you can 
provide a function for your text matcher to make your matcher more flexible.

Ignored nodes: comments, script, style
[36m<body>[31m
  [36m<div />[31m
[36m</body>[31m

Ignored nodes: comments, script, style
[36m<html>[31m
  [36m<head />[31m
  [36m<body>[31m
    [36m<div />[31m
  [36m</body>[31m
[36m</html>[31m[39m
[90m [2mΓ¥»[22m Proxy.waitForWrapper node_modules/@testing-library/dom/dist/wait-for.js:[2m163:27[22m[39m
[36m [2mΓ¥»[22m src/app/dashboard/page.test.tsx:[2m438:13[22m[39m
    [90m436|[39m       [34mrender[39m([33m<[39m[33mDashboardPage[39m [33m/[39m[33m>[39m)[33m;[39m
    [90m437|[39m
    [90m438|[39m       [35mawait[39m [34mwaitFor[39m(() [33m=>[39m {
    [90m   |[39m             [31m^[39m
    [90m439|[39m         expect(screen.getByText(/Total after events: 440/i)).toBeInTheΓÇª
    [90m440|[39m       })[33m;[39m

[31m[2mΓÄ»ΓÄ»ΓÄ»ΓÄ»ΓÄ»ΓÄ»ΓÄ»ΓÄ»ΓÄ»ΓÄ»ΓÄ»ΓÄ»ΓÄ»ΓÄ»ΓÄ»ΓÄ»ΓÄ»ΓÄ»ΓÄ»ΓÄ»ΓÄ»ΓÄ»[21/59]ΓÄ»[22m[39m

[41m[1m FAIL [22m[49m src/app/dashboard/page.test.tsx[2m > [22mDashboardPage[2m > [22mQuick Actions Card[2m > [22mshould render all quick action buttons
[31m[1mTestingLibraryElementError[22m: Unable to find role="button" and name `/view events/i`

Ignored nodes: comments, script, style
[36m<body>[31m
  [36m<div />[31m
[36m</body>[31m

Ignored nodes: comments, script, style
[36m<html>[31m
  [36m<head />[31m
  [36m<body>[31m
    [36m<div />[31m
  [36m</body>[31m
[36m</html>[31m[39m
[90m [2mΓ¥»[22m Proxy.waitForWrapper node_modules/@testing-library/dom/dist/wait-for.js:[2m163:27[22m[39m
[36m [2mΓ¥»[22m src/app/dashboard/page.test.tsx:[2m491:13[22m[39m
    [90m489|[39m       [34mrender[39m([33m<[39m[33mDashboardPage[39m [33m/[39m[33m>[39m)[33m;[39m
    [90m490|[39m
    [90m491|[39m       [35mawait[39m [34mwaitFor[39m(() [33m=>[39m {
    [90m   |[39m             [31m^[39m
    [90m492|[39m         expect(screen.getByRole('button', { name: /view events/i })).tΓÇª
    [90m493|[39m         expect(screen.getByRole('button', { name: /my tasks/i })).toBeΓÇª

[31m[2mΓÄ»ΓÄ»ΓÄ»ΓÄ»ΓÄ»ΓÄ»ΓÄ»ΓÄ»ΓÄ»ΓÄ»ΓÄ»ΓÄ»ΓÄ»ΓÄ»ΓÄ»ΓÄ»ΓÄ»ΓÄ»ΓÄ»ΓÄ»ΓÄ»ΓÄ»[22/59]ΓÄ»[22m[39m

[41m[1m FAIL [22m[49m src/app/dashboard/page.test.tsx[2m > [22mDashboardPage[2m > [22mQuick Actions Card[2m > [22mshould link to events page
[31m[1mTestingLibraryElementError[22m: Unable to find role="button" and name `/view events/i`

Ignored nodes: comments, script, style
[36m<body>[31m
  [36m<div />[31m
[36m</body>[31m

Ignored nodes: comments, script, style
[36m<html>[31m
  [36m<head />[31m
  [36m<body>[31m
    [36m<div />[31m
  [36m</body>[31m
[36m</html>[31m[39m
[90m [2mΓ¥»[22m Proxy.waitForWrapper node_modules/@testing-library/dom/dist/wait-for.js:[2m163:27[22m[39m
[36m [2mΓ¥»[22m src/app/dashboard/page.test.tsx:[2m501:13[22m[39m
    [90m499|[39m       [34mrender[39m([33m<[39m[33mDashboardPage[39m [33m/[39m[33m>[39m)[33m;[39m
    [90m500|[39m
    [90m501|[39m       [35mawait[39m [34mwaitFor[39m(() [33m=>[39m {
    [90m   |[39m             [31m^[39m
    [90m502|[39m         const link = screen.getByRole('button', { name: /view events/iΓÇª
    [90m503|[39m         [34mexpect[39m(link)[33m.[39m[34mtoHaveAttribute[39m([32m'href'[39m[33m,[39m [32m'/events'[39m)[33m;[39m

[31m[2mΓÄ»ΓÄ»ΓÄ»ΓÄ»ΓÄ»ΓÄ»ΓÄ»ΓÄ»ΓÄ»ΓÄ»ΓÄ»ΓÄ»ΓÄ»ΓÄ»ΓÄ»ΓÄ»ΓÄ»ΓÄ»ΓÄ»ΓÄ»ΓÄ»ΓÄ»[23/59]ΓÄ»[22m[39m

[41m[1m FAIL [22m[49m src/app/dashboard/page.test.tsx[2m > [22mDashboardPage[2m > [22mQuick Actions Card[2m > [22mshould link to tasks page
[31m[1mTestingLibraryElementError[22m: Unable to find role="button" and name `/my tasks/i`

Ignored nodes: comments, script, style
[36m<body>[31m
  [36m<div />[31m
[36m</body>[31m

Ignored nodes: comments, script, style
[36m<html>[31m
  [36m<head />[31m
  [36m<body>[31m
    [36m<div />[31m
  [36m</body>[31m
[36m</html>[31m[39m
[90m [2mΓ¥»[22m Proxy.waitForWrapper node_modules/@testing-library/dom/dist/wait-for.js:[2m163:27[22m[39m
[36m [2mΓ¥»[22m src/app/dashboard/page.test.tsx:[2m510:13[22m[39m
    [90m508|[39m       [34mrender[39m([33m<[39m[33mDashboardPage[39m [33m/[39m[33m>[39m)[33m;[39m
    [90m509|[39m
    [90m510|[39m       [35mawait[39m [34mwaitFor[39m(() [33m=>[39m {
    [90m   |[39m             [31m^[39m
    [90m511|[39m         const link = screen.getByRole('button', { name: /my tasks/i })ΓÇª
    [90m512|[39m         [34mexpect[39m(link)[33m.[39m[34mtoHaveAttribute[39m([32m'href'[39m[33m,[39m [32m'/tasks'[39m)[33m;[39m

[31m[2mΓÄ»ΓÄ»ΓÄ»ΓÄ»ΓÄ»ΓÄ»ΓÄ»ΓÄ»ΓÄ»ΓÄ»ΓÄ»ΓÄ»ΓÄ»ΓÄ»ΓÄ»ΓÄ»ΓÄ»ΓÄ»ΓÄ»ΓÄ»ΓÄ»ΓÄ»[24/59]ΓÄ»[22m[39m

[41m[1m FAIL [22m[49m src/app/dashboard/page.test.tsx[2m > [22mDashboardPage[2m > [22mQuick Actions Card[2m > [22mshould link to leaderboard page
[31m[1mTestingLibraryElementError[22m: Unable to find role="button" and name `/leaderboard/i`

Ignored nodes: comments, script, style
[36m<body>[31m
  [36m<div />[31m
[36m</body>[31m

Ignored nodes: comments, script, style
[36m<html>[31m
  [36m<head />[31m
  [36m<body>[31m
    [36m<div />[31m
  [36m</body>[31m
[36m</html>[31m[39m
[90m [2mΓ¥»[22m Proxy.waitForWrapper node_modules/@testing-library/dom/dist/wait-for.js:[2m163:27[22m[39m
[36m [2mΓ¥»[22m src/app/dashboard/page.test.tsx:[2m519:13[22m[39m
    [90m517|[39m       [34mrender[39m([33m<[39m[33mDashboardPage[39m [33m/[39m[33m>[39m)[33m;[39m
    [90m518|[39m
    [90m519|[39m       [35mawait[39m [34mwaitFor[39m(() [33m=>[39m {
    [90m   |[39m             [31m^[39m
    [90m520|[39m         const link = screen.getByRole('button', { name: /leaderboard/iΓÇª
    [90m521|[39m         [34mexpect[39m(link)[33m.[39m[34mtoHaveAttribute[39m([32m'href'[39m[33m,[39m [32m'/leaderboard'[39m)[33m;[39m

[31m[2mΓÄ»ΓÄ»ΓÄ»ΓÄ»ΓÄ»ΓÄ»ΓÄ»ΓÄ»ΓÄ»ΓÄ»ΓÄ»ΓÄ»ΓÄ»ΓÄ»ΓÄ»ΓÄ»ΓÄ»ΓÄ»ΓÄ»ΓÄ»ΓÄ»ΓÄ»[25/59]ΓÄ»[22m[39m

[41m[1m FAIL [22m[49m src/app/dashboard/page.test.tsx[2m > [22mDashboardPage[2m > [22mUpcoming Events Section[2m > [22mshould show loading state while events load
[31m[1mTestingLibraryElementError[22m: Unable to find an element with the text: /loading events.../i. This could be because the text is broken up by multiple elements. In this case, you can 
provide a function for your text matcher to make your matcher more flexible.

Ignored nodes: comments, script, style
[36m<body>[31m
  [36m<div />[31m
[36m</body>[31m[39m
[90m [2mΓ¥»[22m Object.getElementError node_modules/@testing-library/dom/dist/config.js:[2m37:19[22m[39m
[90m [2mΓ¥»[22m node_modules/@testing-library/dom/dist/query-helpers.js:[2m76:38[22m[39m
[90m [2mΓ¥»[22m node_modules/@testing-library/dom/dist/query-helpers.js:[2m52:17[22m[39m
[90m [2mΓ¥»[22m node_modules/@testing-library/dom/dist/query-helpers.js:[2m95:19[22m[39m
[36m [2mΓ¥»[22m src/app/dashboard/page.test.tsx:[2m543:21[22m[39m
    [90m541|[39m       [34mrender[39m([33m<[39m[33mDashboardPage[39m [33m/[39m[33m>[39m)[33m;[39m
    [90m542|[39m
    [90m543|[39m       expect(screen.getByText(/loading events.../i)).toBeInTheDocumentΓÇª
    [90m   |[39m                     [31m^[39m
    [90m544|[39m     })[33m;[39m
    [90m545|[39m

[31m[2mΓÄ»ΓÄ»ΓÄ»ΓÄ»ΓÄ»ΓÄ»ΓÄ»ΓÄ»ΓÄ»ΓÄ»ΓÄ»ΓÄ»ΓÄ»ΓÄ»ΓÄ»ΓÄ»ΓÄ»ΓÄ»ΓÄ»ΓÄ»ΓÄ»ΓÄ»[26/59]ΓÄ»[22m[39m

[41m[1m FAIL [22m[49m src/app/dashboard/page.test.tsx[2m > [22mDashboardPage[2m > [22mUpcoming Events Section[2m > [22mshould display upcoming events after loading
[31m[1mTestingLibraryElementError[22m: Unable to find an element with the text: /pack meeting cleanup/i. This could be because the text is broken up by multiple elements. In this case, you can 
provide a function for your text matcher to make your matcher more flexible.

Ignored nodes: comments, script, style
[36m<body>[31m
  [36m<div />[31m
[36m</body>[31m

Ignored nodes: comments, script, style
[36m<html>[31m
  [36m<head />[31m
  [36m<body>[31m
    [36m<div />[31m
  [36m</body>[31m
[36m</html>[31m[39m
[90m [2mΓ¥»[22m Proxy.waitForWrapper node_modules/@testing-library/dom/dist/wait-for.js:[2m163:27[22m[39m
[36m [2mΓ¥»[22m src/app/dashboard/page.test.tsx:[2m549:13[22m[39m
    [90m547|[39m       [34mrender[39m([33m<[39m[33mDashboardPage[39m [33m/[39m[33m>[39m)[33m;[39m
    [90m548|[39m
    [90m549|[39m       [35mawait[39m [34mwaitFor[39m(() [33m=>[39m {
    [90m   |[39m             [31m^[39m
    [90m550|[39m         expect(screen.getByText(/pack meeting cleanup/i)).toBeInTheDocΓÇª
    [90m551|[39m         expect(screen.getByText(/den meeting setup/i)).toBeInTheDocumeΓÇª

[31m[2mΓÄ»ΓÄ»ΓÄ»ΓÄ»ΓÄ»ΓÄ»ΓÄ»ΓÄ»ΓÄ»ΓÄ»ΓÄ»ΓÄ»ΓÄ»ΓÄ»ΓÄ»ΓÄ»ΓÄ»ΓÄ»ΓÄ»ΓÄ»ΓÄ»ΓÄ»[27/59]ΓÄ»[22m[39m

[41m[1m FAIL [22m[49m src/app/dashboard/page.test.tsx[2m > [22mDashboardPage[2m > [22mUpcoming Events Section[2m > [22mshould display event dates in formatted form
[31m[1mTestingLibraryElementError[22m: Unable to find an element with the text: /may 15/i. This could be because the text is broken up by multiple elements. In this case, you can provide a 
function for your text matcher to make your matcher more flexible.

Ignored nodes: comments, script, style
[36m<body>[31m
  [36m<div />[31m
[36m</body>[31m

Ignored nodes: comments, script, style
[36m<html>[31m
  [36m<head />[31m
  [36m<body>[31m
    [36m<div />[31m
  [36m</body>[31m
[36m</html>[31m[39m
[90m [2mΓ¥»[22m Proxy.waitForWrapper node_modules/@testing-library/dom/dist/wait-for.js:[2m163:27[22m[39m
[36m [2mΓ¥»[22m src/app/dashboard/page.test.tsx:[2m559:13[22m[39m
    [90m557|[39m       [34mrender[39m([33m<[39m[33mDashboardPage[39m [33m/[39m[33m>[39m)[33m;[39m
    [90m558|[39m
    [90m559|[39m       [35mawait[39m [34mwaitFor[39m(() [33m=>[39m {
    [90m   |[39m             [31m^[39m
    [90m560|[39m         [90m// Check for formatted date strings (e.g., "Wed, May 15, 2026")[39m
    [90m561|[39m         [34mexpect[39m(screen[33m.[39m[34mgetByText[39m([36m/may 15/i[39m))[33m.[39m[34mtoBeInTheDocument[39m()[33m;[39m

[31m[2mΓÄ»ΓÄ»ΓÄ»ΓÄ»ΓÄ»ΓÄ»ΓÄ»ΓÄ»ΓÄ»ΓÄ»ΓÄ»ΓÄ»ΓÄ»ΓÄ»ΓÄ»ΓÄ»ΓÄ»ΓÄ»ΓÄ»ΓÄ»ΓÄ»ΓÄ»[28/59]ΓÄ»[22m[39m

[41m[1m FAIL [22m[49m src/app/dashboard/page.test.tsx[2m > [22mDashboardPage[2m > [22mUpcoming Events Section[2m > [22mshould display event locations when available
[31m[1mTestingLibraryElementError[22m: Unable to find an element with the text: /church hall/i. This could be because the text is broken up by multiple elements. In this case, you can provide a 
function for your text matcher to make your matcher more flexible.

Ignored nodes: comments, script, style
[36m<body>[31m
  [36m<div />[31m
[36m</body>[31m

Ignored nodes: comments, script, style
[36m<html>[31m
  [36m<head />[31m
  [36m<body>[31m
    [36m<div />[31m
  [36m</body>[31m
[36m</html>[31m[39m
[90m [2mΓ¥»[22m Proxy.waitForWrapper node_modules/@testing-library/dom/dist/wait-for.js:[2m163:27[22m[39m
[36m [2mΓ¥»[22m src/app/dashboard/page.test.tsx:[2m569:13[22m[39m
    [90m567|[39m       [34mrender[39m([33m<[39m[33mDashboardPage[39m [33m/[39m[33m>[39m)[33m;[39m
    [90m568|[39m
    [90m569|[39m       [35mawait[39m [34mwaitFor[39m(() [33m=>[39m {
    [90m   |[39m             [31m^[39m
    [90m570|[39m         [34mexpect[39m(screen[33m.[39m[34mgetByText[39m([36m/church hall/i[39m))[33m.[39m[34mtoBeInTheDocument[39m()[33m;[39m
    [90m571|[39m         expect(screen.getByText(/community center/i)).toBeInTheDocumenΓÇª

[31m[2mΓÄ»ΓÄ»ΓÄ»ΓÄ»ΓÄ»ΓÄ»ΓÄ»ΓÄ»ΓÄ»ΓÄ»ΓÄ»ΓÄ»ΓÄ»ΓÄ»ΓÄ»ΓÄ»ΓÄ»ΓÄ»ΓÄ»ΓÄ»ΓÄ»ΓÄ»[29/59]ΓÄ»[22m[39m

[41m[1m FAIL [22m[49m src/app/dashboard/page.test.tsx[2m > [22mDashboardPage[2m > [22mUpcoming Events Section[2m > [22mshould not display location bullet when location is null
[31m[1mTestingLibraryElementError[22m: Unable to find an element with the text: /camping preparation/i. This could be because the text is broken up by multiple elements. In this case, you can 
provide a function for your text matcher to make your matcher more flexible.

Ignored nodes: comments, script, style
[36m<body>[31m
  [36m<div />[31m
[36m</body>[31m

Ignored nodes: comments, script, style
[36m<html>[31m
  [36m<head />[31m
  [36m<body>[31m
    [36m<div />[31m
  [36m</body>[31m
[36m</html>[31m[39m
[90m [2mΓ¥»[22m Proxy.waitForWrapper node_modules/@testing-library/dom/dist/wait-for.js:[2m163:27[22m[39m
[36m [2mΓ¥»[22m src/app/dashboard/page.test.tsx:[2m578:13[22m[39m
    [90m576|[39m       [34mrender[39m([33m<[39m[33mDashboardPage[39m [33m/[39m[33m>[39m)[33m;[39m
    [90m577|[39m
    [90m578|[39m       [35mawait[39m [34mwaitFor[39m(() [33m=>[39m {
    [90m   |[39m             [31m^[39m
    [90m579|[39m         const campingEvent = screen.getByText(/camping preparation/i).ΓÇª
    [90m580|[39m         [34mexpect[39m(campingEvent[33m?.[39mtextContent)[33m.[39mnot[33m.[39m[34mtoContain[39m([32m'ΓÇó'[39m)[33m;[39m

[31m[2mΓÄ»ΓÄ»ΓÄ»ΓÄ»ΓÄ»ΓÄ»ΓÄ»ΓÄ»ΓÄ»ΓÄ»ΓÄ»ΓÄ»ΓÄ»ΓÄ»ΓÄ»ΓÄ»ΓÄ»ΓÄ»ΓÄ»ΓÄ»ΓÄ»ΓÄ»[30/59]ΓÄ»[22m[39m

[41m[1m FAIL [22m[49m src/app/dashboard/page.test.tsx[2m > [22mDashboardPage[2m > [22mUpcoming Events Section[2m > [22mshould display rank level when available
[31m[1mTestingLibraryElementError[22m: Unable to find an element with the text: PACK_WIDE. This could be because the text is broken up by multiple elements. In this case, you can provide a 
function for your text matcher to make your matcher more flexible.

Ignored nodes: comments, script, style
[36m<body>[31m
  [36m<div />[31m
[36m</body>[31m

Ignored nodes: comments, script, style
[36m<html>[31m
  [36m<head />[31m
  [36m<body>[31m
    [36m<div />[31m
  [36m</body>[31m
[36m</html>[31m[39m
[90m [2mΓ¥»[22m Proxy.waitForWrapper node_modules/@testing-library/dom/dist/wait-for.js:[2m163:27[22m[39m
[36m [2mΓ¥»[22m src/app/dashboard/page.test.tsx:[2m587:13[22m[39m
    [90m585|[39m       [34mrender[39m([33m<[39m[33mDashboardPage[39m [33m/[39m[33m>[39m)[33m;[39m
    [90m586|[39m
    [90m587|[39m       [35mawait[39m [34mwaitFor[39m(() [33m=>[39m {
    [90m   |[39m             [31m^[39m
    [90m588|[39m         [34mexpect[39m(screen[33m.[39m[34mgetByText[39m([32m'PACK_WIDE'[39m))[33m.[39m[34mtoBeInTheDocument[39m()[33m;[39m
    [90m589|[39m         [34mexpect[39m(screen[33m.[39m[34mgetByText[39m([32m'WOLF'[39m))[33m.[39m[34mtoBeInTheDocument[39m()[33m;[39m

[31m[2mΓÄ»ΓÄ»ΓÄ»ΓÄ»ΓÄ»ΓÄ»ΓÄ»ΓÄ»ΓÄ»ΓÄ»ΓÄ»ΓÄ»ΓÄ»ΓÄ»ΓÄ»ΓÄ»ΓÄ»ΓÄ»ΓÄ»ΓÄ»ΓÄ»ΓÄ»[31/59]ΓÄ»[22m[39m

[41m[1m FAIL [22m[49m src/app/dashboard/page.test.tsx[2m > [22mDashboardPage[2m > [22mUpcoming Events Section[2m > [22mshould display event times when available
[31m[1mTestingLibraryElementError[22m: Unable to find an element with the text: /6:00 PM - 8:00 PM/i. This could be because the text is broken up by multiple elements. In this case, you can 
provide a function for your text matcher to make your matcher more flexible.

Ignored nodes: comments, script, style
[36m<body>[31m
  [36m<div />[31m
[36m</body>[31m

Ignored nodes: comments, script, style
[36m<html>[31m
  [36m<head />[31m
  [36m<body>[31m
    [36m<div />[31m
  [36m</body>[31m
[36m</html>[31m[39m
[90m [2mΓ¥»[22m Proxy.waitForWrapper node_modules/@testing-library/dom/dist/wait-for.js:[2m163:27[22m[39m
[36m [2mΓ¥»[22m src/app/dashboard/page.test.tsx:[2m596:13[22m[39m
    [90m594|[39m       [34mrender[39m([33m<[39m[33mDashboardPage[39m [33m/[39m[33m>[39m)[33m;[39m
    [90m595|[39m
    [90m596|[39m       [35mawait[39m [34mwaitFor[39m(() [33m=>[39m {
    [90m   |[39m             [31m^[39m
    [90m597|[39m         [90m// Event with start and end time should show time range[39m
    [90m598|[39m         expect(screen.getByText(/6:00 PM - 8:00 PM/i)).toBeInTheDocumeΓÇª

[31m[2mΓÄ»ΓÄ»ΓÄ»ΓÄ»ΓÄ»ΓÄ»ΓÄ»ΓÄ»ΓÄ»ΓÄ»ΓÄ»ΓÄ»ΓÄ»ΓÄ»ΓÄ»ΓÄ»ΓÄ»ΓÄ»ΓÄ»ΓÄ»ΓÄ»ΓÄ»[32/59]ΓÄ»[22m[39m

[41m[1m FAIL [22m[49m src/app/dashboard/page.test.tsx[2m > [22mDashboardPage[2m > [22mUpcoming Events Section[2m > [22mshould link each event to its detail page
[31m[1mTestingLibraryElementError[22m: Unable to find role="link"

Ignored nodes: comments, script, style
[36m<body>[31m
  [36m<div />[31m
[36m</body>[31m

Ignored nodes: comments, script, style
[36m<html>[31m
  [36m<head />[31m
  [36m<body>[31m
    [36m<div />[31m
  [36m</body>[31m
[36m</html>[31m[39m
[90m [2mΓ¥»[22m Proxy.waitForWrapper node_modules/@testing-library/dom/dist/wait-for.js:[2m163:27[22m[39m
[36m [2mΓ¥»[22m src/app/dashboard/page.test.tsx:[2m609:13[22m[39m
    [90m607|[39m       [34mrender[39m([33m<[39m[33mDashboardPage[39m [33m/[39m[33m>[39m)[33m;[39m
    [90m608|[39m
    [90m609|[39m       [35mawait[39m [34mwaitFor[39m(() [33m=>[39m {
    [90m   |[39m             [31m^[39m
    [90m610|[39m         [35mconst[39m eventLinks [33m=[39m screen[33m.[39m[34mgetAllByRole[39m([32m'link'[39m)[33m;[39m
    [90m611|[39m         [35mconst[39m eventDetailLinks [33m=[39m eventLinks[33m.[39m[34mfilter[39m(link [33m=>[39m

[31m[2mΓÄ»ΓÄ»ΓÄ»ΓÄ»ΓÄ»ΓÄ»ΓÄ»ΓÄ»ΓÄ»ΓÄ»ΓÄ»ΓÄ»ΓÄ»ΓÄ»ΓÄ»ΓÄ»ΓÄ»ΓÄ»ΓÄ»ΓÄ»ΓÄ»ΓÄ»[33/59]ΓÄ»[22m[39m

[41m[1m FAIL [22m[49m src/app/dashboard/page.test.tsx[2m > [22mDashboardPage[2m > [22mUpcoming Events Section[2m > [22mshould show empty state when no events
[31m[1mTestingLibraryElementError[22m: Unable to find an element with the text: /no upcoming events scheduled/i. This could be because the text is broken up by multiple elements. In this case, you 
can provide a function for your text matcher to make your matcher more flexible.

Ignored nodes: comments, script, style
[36m<body>[31m
  [36m<div />[31m
[36m</body>[31m

Ignored nodes: comments, script, style
[36m<html>[31m
  [36m<head />[31m
  [36m<body>[31m
    [36m<div />[31m
  [36m</body>[31m
[36m</html>[31m[39m
[90m [2mΓ¥»[22m Proxy.waitForWrapper node_modules/@testing-library/dom/dist/wait-for.js:[2m163:27[22m[39m
[36m [2mΓ¥»[22m src/app/dashboard/page.test.tsx:[2m626:13[22m[39m
    [90m624|[39m       [34mrender[39m([33m<[39m[33mDashboardPage[39m [33m/[39m[33m>[39m)[33m;[39m
    [90m625|[39m
    [90m626|[39m       [35mawait[39m [34mwaitFor[39m(() [33m=>[39m {
    [90m   |[39m             [31m^[39m
    [90m627|[39m         expect(screen.getByText(/no upcoming events scheduled/i)).toBeΓÇª
    [90m628|[39m       })[33m;[39m

[31m[2mΓÄ»ΓÄ»ΓÄ»ΓÄ»ΓÄ»ΓÄ»ΓÄ»ΓÄ»ΓÄ»ΓÄ»ΓÄ»ΓÄ»ΓÄ»ΓÄ»ΓÄ»ΓÄ»ΓÄ»ΓÄ»ΓÄ»ΓÄ»ΓÄ»ΓÄ»[34/59]ΓÄ»[22m[39m

[41m[1m FAIL [22m[49m src/app/dashboard/page.test.tsx[2m > [22mDashboardPage[2m > [22mUpcoming Events Section[2m > [22mshould link to full events page
[31m[1mTestingLibraryElementError[22m: Unable to find role="button" and name `/view all/i`

Ignored nodes: comments, script, style
[36m<body>[31m
  [36m<div />[31m
[36m</body>[31m

Ignored nodes: comments, script, style
[36m<html>[31m
  [36m<head />[31m
  [36m<body>[31m
    [36m<div />[31m
  [36m</body>[31m
[36m</html>[31m[39m
[90m [2mΓ¥»[22m Proxy.waitForWrapper node_modules/@testing-library/dom/dist/wait-for.js:[2m163:27[22m[39m
[36m [2mΓ¥»[22m src/app/dashboard/page.test.tsx:[2m634:13[22m[39m
    [90m632|[39m       [34mrender[39m([33m<[39m[33mDashboardPage[39m [33m/[39m[33m>[39m)[33m;[39m
    [90m633|[39m
    [90m634|[39m       [35mawait[39m [34mwaitFor[39m(() [33m=>[39m {
    [90m   |[39m             [31m^[39m
    [90m635|[39m         const viewAllButton = screen.getByRole('button', { name: /viewΓÇª
    [90m636|[39m         [35mconst[39m link [33m=[39m viewAllButton[33m.[39m[34mclosest[39m([32m'a'[39m)[33m;[39m

[31m[2mΓÄ»ΓÄ»ΓÄ»ΓÄ»ΓÄ»ΓÄ»ΓÄ»ΓÄ»ΓÄ»ΓÄ»ΓÄ»ΓÄ»ΓÄ»ΓÄ»ΓÄ»ΓÄ»ΓÄ»ΓÄ»ΓÄ»ΓÄ»ΓÄ»ΓÄ»[35/59]ΓÄ»[22m[39m

[41m[1m FAIL [22m[49m src/app/dashboard/page.test.tsx[2m > [22mDashboardPage[2m > [22mUpcoming Events Section[2m > [22mshould handle events loading error gracefully
[31m[1mTestingLibraryElementError[22m: Unable to find an element with the text: /no upcoming events scheduled/i. This could be because the text is broken up by multiple elements. In this case, you 
can provide a function for your text matcher to make your matcher more flexible.

Ignored nodes: comments, script, style
[36m<body>[31m
  [36m<div />[31m
[36m</body>[31m

Ignored nodes: comments, script, style
[36m<html>[31m
  [36m<head />[31m
  [36m<body>[31m
    [36m<div />[31m
  [36m</body>[31m
[36m</html>[31m[39m
[90m [2mΓ¥»[22m Proxy.waitForWrapper node_modules/@testing-library/dom/dist/wait-for.js:[2m163:27[22m[39m
[36m [2mΓ¥»[22m src/app/dashboard/page.test.tsx:[2m647:13[22m[39m
    [90m645|[39m       [34mrender[39m([33m<[39m[33mDashboardPage[39m [33m/[39m[33m>[39m)[33m;[39m
    [90m646|[39m
    [90m647|[39m       [35mawait[39m [34mwaitFor[39m(() [33m=>[39m {
    [90m   |[39m             [31m^[39m
    [90m648|[39m         [90m// Should show empty state, not crash[39m
    [90m649|[39m         expect(screen.getByText(/no upcoming events scheduled/i)).toBeΓÇª

[31m[2mΓÄ»ΓÄ»ΓÄ»ΓÄ»ΓÄ»ΓÄ»ΓÄ»ΓÄ»ΓÄ»ΓÄ»ΓÄ»ΓÄ»ΓÄ»ΓÄ»ΓÄ»ΓÄ»ΓÄ»ΓÄ»ΓÄ»ΓÄ»ΓÄ»ΓÄ»[36/59]ΓÄ»[22m[39m

[41m[1m FAIL [22m[49m src/app/dashboard/page.test.tsx[2m > [22mDashboardPage[2m > [22mMy Tasks Section[2m > [22mshould show loading state while tasks load
[31m[1mTestingLibraryElementError[22m: Unable to find an element with the text: /loading tasks.../i. This could be because the text is broken up by multiple elements. In this case, you can provide 
a function for your text matcher to make your matcher more flexible.

Ignored nodes: comments, script, style
[36m<body>[31m
  [36m<div />[31m
[36m</body>[31m[39m
[90m [2mΓ¥»[22m Object.getElementError node_modules/@testing-library/dom/dist/config.js:[2m37:19[22m[39m
[90m [2mΓ¥»[22m node_modules/@testing-library/dom/dist/query-helpers.js:[2m76:38[22m[39m
[90m [2mΓ¥»[22m node_modules/@testing-library/dom/dist/query-helpers.js:[2m52:17[22m[39m
[90m [2mΓ¥»[22m node_modules/@testing-library/dom/dist/query-helpers.js:[2m95:19[22m[39m
[36m [2mΓ¥»[22m src/app/dashboard/page.test.tsx:[2m674:21[22m[39m
    [90m672|[39m       [34mrender[39m([33m<[39m[33mDashboardPage[39m [33m/[39m[33m>[39m)[33m;[39m
    [90m673|[39m
    [90m674|[39m       expect(screen.getByText(/loading tasks.../i)).toBeInTheDocument(ΓÇª
    [90m   |[39m                     [31m^[39m
    [90m675|[39m     })[33m;[39m
    [90m676|[39m

[31m[2mΓÄ»ΓÄ»ΓÄ»ΓÄ»ΓÄ»ΓÄ»ΓÄ»ΓÄ»ΓÄ»ΓÄ»ΓÄ»ΓÄ»ΓÄ»ΓÄ»ΓÄ»ΓÄ»ΓÄ»ΓÄ»ΓÄ»ΓÄ»ΓÄ»ΓÄ»[37/59]ΓÄ»[22m[39m

[41m[1m FAIL [22m[49m src/app/dashboard/page.test.tsx[2m > [22mDashboardPage[2m > [22mMy Tasks Section[2m > [22mshould display assigned tasks for authenticated user
[31m[1mTestingLibraryElementError[22m: Unable to find an element with the text: /submit attendance report/i. This could be because the text is broken up by multiple elements. In this case, you can 
provide a function for your text matcher to make your matcher more flexible.

Ignored nodes: comments, script, style
[36m<body>[31m
  [36m<div />[31m
[36m</body>[31m

Ignored nodes: comments, script, style
[36m<html>[31m
  [36m<head />[31m
  [36m<body>[31m
    [36m<div />[31m
  [36m</body>[31m
[36m</html>[31m[39m
[90m [2mΓ¥»[22m Proxy.waitForWrapper node_modules/@testing-library/dom/dist/wait-for.js:[2m163:27[22m[39m
[36m [2mΓ¥»[22m src/app/dashboard/page.test.tsx:[2m680:13[22m[39m
    [90m678|[39m       [34mrender[39m([33m<[39m[33mDashboardPage[39m [33m/[39m[33m>[39m)[33m;[39m
    [90m679|[39m
    [90m680|[39m       [35mawait[39m [34mwaitFor[39m(() [33m=>[39m {
    [90m   |[39m             [31m^[39m
    [90m681|[39m         expect(screen.getByText(/submit attendance report/i)).toBeInThΓÇª
    [90m682|[39m         [34mexpect[39m(screen[33m.[39m[34mgetByText[39m([36m/update roster/i[39m))[33m.[39m[34mtoBeInTheDocument[39m()[33m;[39m

[31m[2mΓÄ»ΓÄ»ΓÄ»ΓÄ»ΓÄ»ΓÄ»ΓÄ»ΓÄ»ΓÄ»ΓÄ»ΓÄ»ΓÄ»ΓÄ»ΓÄ»ΓÄ»ΓÄ»ΓÄ»ΓÄ»ΓÄ»ΓÄ»ΓÄ»ΓÄ»[38/59]ΓÄ»[22m[39m

[41m[1m FAIL [22m[49m src/app/dashboard/page.test.tsx[2m > [22mDashboardPage[2m > [22mMy Tasks Section[2m > [22mshould show empty state when no assigned tasks
[31m[1mTestingLibraryElementError[22m: Unable to find an element with the text: /no tasks assigned to you/i. This could be because the text is broken up by multiple elements. In this case, you can 
provide a function for your text matcher to make your matcher more flexible.

Ignored nodes: comments, script, style
[36m<body>[31m
  [36m<div />[31m
[36m</body>[31m

Ignored nodes: comments, script, style
[36m<html>[31m
  [36m<head />[31m
  [36m<body>[31m
    [36m<div />[31m
  [36m</body>[31m
[36m</html>[31m[39m
[90m [2mΓ¥»[22m Proxy.waitForWrapper node_modules/@testing-library/dom/dist/wait-for.js:[2m163:27[22m[39m
[36m [2mΓ¥»[22m src/app/dashboard/page.test.tsx:[2m695:13[22m[39m
    [90m693|[39m       [34mrender[39m([33m<[39m[33mDashboardPage[39m [33m/[39m[33m>[39m)[33m;[39m
    [90m694|[39m
    [90m695|[39m       [35mawait[39m [34mwaitFor[39m(() [33m=>[39m {
    [90m   |[39m             [31m^[39m
    [90m696|[39m         expect(screen.getByText(/no tasks assigned to you/i)).toBeInThΓÇª
    [90m697|[39m       })[33m;[39m

[31m[2mΓÄ»ΓÄ»ΓÄ»ΓÄ»ΓÄ»ΓÄ»ΓÄ»ΓÄ»ΓÄ»ΓÄ»ΓÄ»ΓÄ»ΓÄ»ΓÄ»ΓÄ»ΓÄ»ΓÄ»ΓÄ»ΓÄ»ΓÄ»ΓÄ»ΓÄ»[39/59]ΓÄ»[22m[39m

[41m[1m FAIL [22m[49m src/app/dashboard/page.test.tsx[2m > [22mDashboardPage[2m > [22mMy Tasks Section[2m > [22mshould include overdue tasks in display
[31m[1mTestingLibraryElementError[22m: Unable to find an element with the text: /submit attendance report/i. This could be because the text is broken up by multiple elements. In this case, you can 
provide a function for your text matcher to make your matcher more flexible.

Ignored nodes: comments, script, style
[36m<body>[31m
  [36m<div />[31m
[36m</body>[31m

Ignored nodes: comments, script, style
[36m<html>[31m
  [36m<head />[31m
  [36m<body>[31m
    [36m<div />[31m
  [36m</body>[31m
[36m</html>[31m[39m
[90m [2mΓ¥»[22m Proxy.waitForWrapper node_modules/@testing-library/dom/dist/wait-for.js:[2m163:27[22m[39m
[36m [2mΓ¥»[22m src/app/dashboard/page.test.tsx:[2m724:13[22m[39m
    [90m722|[39m       [34mrender[39m([33m<[39m[33mDashboardPage[39m [33m/[39m[33m>[39m)[33m;[39m
    [90m723|[39m
    [90m724|[39m       [35mawait[39m [34mwaitFor[39m(() [33m=>[39m {
    [90m   |[39m             [31m^[39m
    [90m725|[39m         expect(screen.getByText(/submit attendance report/i)).toBeInThΓÇª
    [90m726|[39m         [34mexpect[39m(screen[33m.[39m[34mgetByText[39m([36m/overdue task/i[39m))[33m.[39m[34mtoBeInTheDocument[39m()[33m;[39m

[31m[2mΓÄ»ΓÄ»ΓÄ»ΓÄ»ΓÄ»ΓÄ»ΓÄ»ΓÄ»ΓÄ»ΓÄ»ΓÄ»ΓÄ»ΓÄ»ΓÄ»ΓÄ»ΓÄ»ΓÄ»ΓÄ»ΓÄ»ΓÄ»ΓÄ»ΓÄ»[40/59]ΓÄ»[22m[39m

[41m[1m FAIL [22m[49m src/app/dashboard/page.test.tsx[2m > [22mDashboardPage[2m > [22mMy Tasks Section[2m > [22mshould show completion toggle for overdue tasks
[31m[1mTestingLibraryElementError[22m: Unable to find an element with the text: /overdue task/i. This could be because the text is broken up by multiple elements. In this case, you can provide a 
function for your text matcher to make your matcher more flexible.

Ignored nodes: comments, script, style
[36m<body>[31m
  [36m<div />[31m
[36m</body>[31m

Ignored nodes: comments, script, style
[36m<html>[31m
  [36m<head />[31m
  [36m<body>[31m
    [36m<div />[31m
  [36m</body>[31m
[36m</html>[31m[39m
[90m [2mΓ¥»[22m Proxy.waitForWrapper node_modules/@testing-library/dom/dist/wait-for.js:[2m163:27[22m[39m
[36m [2mΓ¥»[22m src/app/dashboard/page.test.tsx:[2m756:13[22m[39m
    [90m754|[39m       [34mrender[39m([33m<[39m[33mDashboardPage[39m [33m/[39m[33m>[39m)[33m;[39m
    [90m755|[39m
    [90m756|[39m       [35mawait[39m [34mwaitFor[39m(() [33m=>[39m {
    [90m   |[39m             [31m^[39m
    [90m757|[39m         [34mexpect[39m(screen[33m.[39m[34mgetByText[39m([36m/overdue task/i[39m))[33m.[39m[34mtoBeInTheDocument[39m()[33m;[39m
    [90m758|[39m       })[33m;[39m

[31m[2mΓÄ»ΓÄ»ΓÄ»ΓÄ»ΓÄ»ΓÄ»ΓÄ»ΓÄ»ΓÄ»ΓÄ»ΓÄ»ΓÄ»ΓÄ»ΓÄ»ΓÄ»ΓÄ»ΓÄ»ΓÄ»ΓÄ»ΓÄ»ΓÄ»ΓÄ»[41/59]ΓÄ»[22m[39m

[41m[1m FAIL [22m[49m src/app/dashboard/page.test.tsx[2m > [22mDashboardPage[2m > [22mMy Tasks Section[2m > [22mshould limit display to 5 tasks
[31m[1mTestingLibraryElementError[22m: Unable to find an element with the text: Task 1. This could be because the text is broken up by multiple elements. In this case, you can provide a function 
for your text matcher to make your matcher more flexible.

Ignored nodes: comments, script, style
[36m<body>[31m
  [36m<div />[31m
[36m</body>[31m

Ignored nodes: comments, script, style
[36m<html>[31m
  [36m<head />[31m
  [36m<body>[31m
    [36m<div />[31m
  [36m</body>[31m
[36m</html>[31m[39m
[90m [2mΓ¥»[22m Proxy.waitForWrapper node_modules/@testing-library/dom/dist/wait-for.js:[2m163:27[22m[39m
[36m [2mΓ¥»[22m src/app/dashboard/page.test.tsx:[2m793:13[22m[39m
    [90m791|[39m       [34mrender[39m([33m<[39m[33mDashboardPage[39m [33m/[39m[33m>[39m)[33m;[39m
    [90m792|[39m
    [90m793|[39m       [35mawait[39m [34mwaitFor[39m(() [33m=>[39m {
    [90m   |[39m             [31m^[39m
    [90m794|[39m         [90m// First 5 should be visible[39m
    [90m795|[39m         [34mexpect[39m(screen[33m.[39m[34mgetByText[39m([32m'Task 1'[39m))[33m.[39m[34mtoBeInTheDocument[39m()[33m;[39m

[31m[2mΓÄ»ΓÄ»ΓÄ»ΓÄ»ΓÄ»ΓÄ»ΓÄ»ΓÄ»ΓÄ»ΓÄ»ΓÄ»ΓÄ»ΓÄ»ΓÄ»ΓÄ»ΓÄ»ΓÄ»ΓÄ»ΓÄ»ΓÄ»ΓÄ»ΓÄ»[42/59]ΓÄ»[22m[39m

[41m[1m FAIL [22m[49m src/app/dashboard/page.test.tsx[2m > [22mDashboardPage[2m > [22mMy Tasks Section[2m > [22mshould sort tasks by due date ascending
[31m[1mTestingLibraryElementError[22m: Unable to find an element with the text: Soon task. This could be because the text is broken up by multiple elements. In this case, you can provide a 
function for your text matcher to make your matcher more flexible.

Ignored nodes: comments, script, style
[36m<body>[31m
  [36m<div />[31m
[36m</body>[31m

Ignored nodes: comments, script, style
[36m<html>[31m
  [36m<head />[31m
  [36m<body>[31m
    [36m<div />[31m
  [36m</body>[31m
[36m</html>[31m[39m
[90m [2mΓ¥»[22m Proxy.waitForWrapper node_modules/@testing-library/dom/dist/wait-for.js:[2m163:27[22m[39m
[36m [2mΓ¥»[22m src/app/dashboard/page.test.tsx:[2m853:13[22m[39m
    [90m851|[39m       [35mconst[39m { container } [33m=[39m [34mrender[39m([33m<[39m[33mDashboardPage[39m [33m/[39m[33m>[39m)[33m;[39m
    [90m852|[39m
    [90m853|[39m       [35mawait[39m [34mwaitFor[39m(() [33m=>[39m {
    [90m   |[39m             [31m^[39m
    [90m854|[39m         [34mexpect[39m(screen[33m.[39m[34mgetByText[39m([32m'Soon task'[39m))[33m.[39m[34mtoBeInTheDocument[39m()[33m;[39m
    [90m855|[39m       })[33m;[39m

[31m[2mΓÄ»ΓÄ»ΓÄ»ΓÄ»ΓÄ»ΓÄ»ΓÄ»ΓÄ»ΓÄ»ΓÄ»ΓÄ»ΓÄ»ΓÄ»ΓÄ»ΓÄ»ΓÄ»ΓÄ»ΓÄ»ΓÄ»ΓÄ»ΓÄ»ΓÄ»[43/59]ΓÄ»[22m[39m

[41m[1m FAIL [22m[49m src/app/dashboard/page.test.tsx[2m > [22mDashboardPage[2m > [22mMy Tasks Section[2m > [22mshould link to full tasks page with View All button
[31m[1mTestingLibraryElementError[22m: Unable to find role="heading" and name `/my tasks/i`

Ignored nodes: comments, script, style
[36m<body>[31m
  [36m<div />[31m
[36m</body>[31m

Ignored nodes: comments, script, style
[36m<html>[31m
  [36m<head />[31m
  [36m<body>[31m
    [36m<div />[31m
  [36m</body>[31m
[36m</html>[31m[39m
[90m [2mΓ¥»[22m Proxy.waitForWrapper node_modules/@testing-library/dom/dist/wait-for.js:[2m163:27[22m[39m
[36m [2mΓ¥»[22m src/app/dashboard/page.test.tsx:[2m875:13[22m[39m
    [90m873|[39m       [34mrender[39m([33m<[39m[33mDashboardPage[39m [33m/[39m[33m>[39m)[33m;[39m
    [90m874|[39m
    [90m875|[39m       [35mawait[39m [34mwaitFor[39m(() [33m=>[39m {
    [90m   |[39m             [31m^[39m
    [90m876|[39m         const heading = screen.getByRole('heading', { name: /my tasks/ΓÇª
    [90m877|[39m         [34mexpect[39m(heading)[33m.[39m[34mtoBeInTheDocument[39m()[33m;[39m

[31m[2mΓÄ»ΓÄ»ΓÄ»ΓÄ»ΓÄ»ΓÄ»ΓÄ»ΓÄ»ΓÄ»ΓÄ»ΓÄ»ΓÄ»ΓÄ»ΓÄ»ΓÄ»ΓÄ»ΓÄ»ΓÄ»ΓÄ»ΓÄ»ΓÄ»ΓÄ»[44/59]ΓÄ»[22m[39m

[41m[1m FAIL [22m[49m src/app/dashboard/page.test.tsx[2m > [22mDashboardPage[2m > [22mMy Tasks Section[2m > [22mshould handle tasks loading error gracefully
[31m[1mTestingLibraryElementError[22m: Unable to find an element with the text: /no tasks assigned to you/i. This could be because the text is broken up by multiple elements. In this case, you can 
provide a function for your text matcher to make your matcher more flexible.

Ignored nodes: comments, script, style
[36m<body>[31m
  [36m<div />[31m
[36m</body>[31m

Ignored nodes: comments, script, style
[36m<html>[31m
  [36m<head />[31m
  [36m<body>[31m
    [36m<div />[31m
  [36m</body>[31m
[36m</html>[31m[39m
[90m [2mΓ¥»[22m Proxy.waitForWrapper node_modules/@testing-library/dom/dist/wait-for.js:[2m163:27[22m[39m
[36m [2mΓ¥»[22m src/app/dashboard/page.test.tsx:[2m891:13[22m[39m
    [90m889|[39m       [34mrender[39m([33m<[39m[33mDashboardPage[39m [33m/[39m[33m>[39m)[33m;[39m
    [90m890|[39m
    [90m891|[39m       [35mawait[39m [34mwaitFor[39m(() [33m=>[39m {
    [90m   |[39m             [31m^[39m
    [90m892|[39m         [90m// Should show empty state, not crash[39m
    [90m893|[39m         expect(screen.getByText(/no tasks assigned to you/i)).toBeInThΓÇª

[31m[2mΓÄ»ΓÄ»ΓÄ»ΓÄ»ΓÄ»ΓÄ»ΓÄ»ΓÄ»ΓÄ»ΓÄ»ΓÄ»ΓÄ»ΓÄ»ΓÄ»ΓÄ»ΓÄ»ΓÄ»ΓÄ»ΓÄ»ΓÄ»ΓÄ»ΓÄ»[45/59]ΓÄ»[22m[39m

[41m[1m FAIL [22m[49m src/app/dashboard/page.test.tsx[2m > [22mDashboardPage[2m > [22mTask Completion Toggle[2m > [22mshould mark task complete with optimistic update
[31m[1mTestingLibraryElementError[22m: Unable to find an element with the text: /submit attendance report/i. This could be because the text is broken up by multiple elements. In this case, you can 
provide a function for your text matcher to make your matcher more flexible.

Ignored nodes: comments, script, style
[36m<body>[31m
  [36m<div />[31m
[36m</body>[31m

Ignored nodes: comments, script, style
[36m<html>[31m
  [36m<head />[31m
  [36m<body>[31m
    [36m<div />[31m
  [36m</body>[31m
[36m</html>[31m[39m
[90m [2mΓ¥»[22m Proxy.waitForWrapper node_modules/@testing-library/dom/dist/wait-for.js:[2m163:27[22m[39m
[36m [2mΓ¥»[22m src/app/dashboard/page.test.tsx:[2m907:13[22m[39m
    [90m905|[39m       [34mrender[39m([33m<[39m[33mDashboardPage[39m [33m/[39m[33m>[39m)[33m;[39m
    [90m906|[39m
    [90m907|[39m       [35mawait[39m [34mwaitFor[39m(() [33m=>[39m {
    [90m   |[39m             [31m^[39m
    [90m908|[39m         expect(screen.getByText(/submit attendance report/i)).toBeInThΓÇª
    [90m909|[39m       })[33m;[39m

[31m[2mΓÄ»ΓÄ»ΓÄ»ΓÄ»ΓÄ»ΓÄ»ΓÄ»ΓÄ»ΓÄ»ΓÄ»ΓÄ»ΓÄ»ΓÄ»ΓÄ»ΓÄ»ΓÄ»ΓÄ»ΓÄ»ΓÄ»ΓÄ»ΓÄ»ΓÄ»[46/59]ΓÄ»[22m[39m

[41m[1m FAIL [22m[49m src/app/dashboard/page.test.tsx[2m > [22mDashboardPage[2m > [22mTask Completion Toggle[2m > [22mshould mark task incomplete when toggled
[31m[1mTestingLibraryElementError[22m: Unable to find an element with the text: /submit attendance report/i. This could be because the text is broken up by multiple elements. In this case, you can 
provide a function for your text matcher to make your matcher more flexible.

Ignored nodes: comments, script, style
[36m<body>[31m
  [36m<div />[31m
[36m</body>[31m

Ignored nodes: comments, script, style
[36m<html>[31m
  [36m<head />[31m
  [36m<body>[31m
    [36m<div />[31m
  [36m</body>[31m
[36m</html>[31m[39m
[90m [2mΓ¥»[22m Proxy.waitForWrapper node_modules/@testing-library/dom/dist/wait-for.js:[2m163:27[22m[39m
[36m [2mΓ¥»[22m src/app/dashboard/page.test.tsx:[2m941:13[22m[39m
    [90m939|[39m       [34mrender[39m([33m<[39m[33mDashboardPage[39m [33m/[39m[33m>[39m)[33m;[39m
    [90m940|[39m
    [90m941|[39m       [35mawait[39m [34mwaitFor[39m(() [33m=>[39m {
    [90m   |[39m             [31m^[39m
    [90m942|[39m         expect(screen.getByText(/submit attendance report/i)).toBeInThΓÇª
    [90m943|[39m       })[33m;[39m

[31m[2mΓÄ»ΓÄ»ΓÄ»ΓÄ»ΓÄ»ΓÄ»ΓÄ»ΓÄ»ΓÄ»ΓÄ»ΓÄ»ΓÄ»ΓÄ»ΓÄ»ΓÄ»ΓÄ»ΓÄ»ΓÄ»ΓÄ»ΓÄ»ΓÄ»ΓÄ»[47/59]ΓÄ»[22m[39m

[41m[1m FAIL [22m[49m src/app/dashboard/page.test.tsx[2m > [22mDashboardPage[2m > [22mTask Completion Toggle[2m > [22mshould revert state on completion error
[31m[1mTestingLibraryElementError[22m: Unable to find an element with the text: /submit attendance report/i. This could be because the text is broken up by multiple elements. In this case, you can 
provide a function for your text matcher to make your matcher more flexible.

Ignored nodes: comments, script, style
[36m<body>[31m
  [36m<div />[31m
[36m</body>[31m

Ignored nodes: comments, script, style
[36m<html>[31m
  [36m<head />[31m
  [36m<body>[31m
    [36m<div />[31m
  [36m</body>[31m
[36m</html>[31m[39m
[90m [2mΓ¥»[22m Proxy.waitForWrapper node_modules/@testing-library/dom/dist/wait-for.js:[2m163:27[22m[39m
[36m [2mΓ¥»[22m src/app/dashboard/page.test.tsx:[2m961:13[22m[39m
    [90m959|[39m       [34mrender[39m([33m<[39m[33mDashboardPage[39m [33m/[39m[33m>[39m)[33m;[39m
    [90m960|[39m
    [90m961|[39m       [35mawait[39m [34mwaitFor[39m(() [33m=>[39m {
    [90m   |[39m             [31m^[39m
    [90m962|[39m         expect(screen.getByText(/submit attendance report/i)).toBeInThΓÇª
    [90m963|[39m       })[33m;[39m

[31m[2mΓÄ»ΓÄ»ΓÄ»ΓÄ»ΓÄ»ΓÄ»ΓÄ»ΓÄ»ΓÄ»ΓÄ»ΓÄ»ΓÄ»ΓÄ»ΓÄ»ΓÄ»ΓÄ»ΓÄ»ΓÄ»ΓÄ»ΓÄ»ΓÄ»ΓÄ»[48/59]ΓÄ»[22m[39m

[41m[1m FAIL [22m[49m src/app/dashboard/page.test.tsx[2m > [22mDashboardPage[2m > [22mTask Completion Toggle[2m > [22mshould show error message when completion fails
[31m[1mTestingLibraryElementError[22m: Unable to find an element with the text: /submit attendance report/i. This could be because the text is broken up by multiple elements. In this case, you can 
provide a function for your text matcher to make your matcher more flexible.

Ignored nodes: comments, script, style
[36m<body>[31m
  [36m<div />[31m
[36m</body>[31m

Ignored nodes: comments, script, style
[36m<html>[31m
  [36m<head />[31m
  [36m<body>[31m
    [36m<div />[31m
  [36m</body>[31m
[36m</html>[31m[39m
[90m [2mΓ¥»[22m Proxy.waitForWrapper node_modules/@testing-library/dom/dist/wait-for.js:[2m163:27[22m[39m
[36m [2mΓ¥»[22m src/app/dashboard/page.test.tsx:[2m986:13[22m[39m
    [90m984|[39m       [34mrender[39m([33m<[39m[33mDashboardPage[39m [33m/[39m[33m>[39m)[33m;[39m
    [90m985|[39m
    [90m986|[39m       [35mawait[39m [34mwaitFor[39m(() [33m=>[39m {
    [90m   |[39m             [31m^[39m
    [90m987|[39m         expect(screen.getByText(/submit attendance report/i)).toBeInThΓÇª
    [90m988|[39m       })[33m;[39m

[31m[2mΓÄ»ΓÄ»ΓÄ»ΓÄ»ΓÄ»ΓÄ»ΓÄ»ΓÄ»ΓÄ»ΓÄ»ΓÄ»ΓÄ»ΓÄ»ΓÄ»ΓÄ»ΓÄ»ΓÄ»ΓÄ»ΓÄ»ΓÄ»ΓÄ»ΓÄ»[49/59]ΓÄ»[22m[39m

[41m[1m FAIL [22m[49m src/app/dashboard/page.test.tsx[2m > [22mDashboardPage[2m > [22mTask Completion Toggle[2m > [22mshould persist completion status after page refresh
[31m[1mTestingLibraryElementError[22m: Unable to find an element with the text: /submit attendance report/i. This could be because the text is broken up by multiple elements. In this case, you can 
provide a function for your text matcher to make your matcher more flexible.

Ignored nodes: comments, script, style
[36m<body>[31m
  [36m<div />[31m
[36m</body>[31m

Ignored nodes: comments, script, style
[36m<html>[31m
  [36m<head />[31m
  [36m<body>[31m
    [36m<div />[31m
  [36m</body>[31m
[36m</html>[31m[39m
[90m [2mΓ¥»[22m Proxy.waitForWrapper node_modules/@testing-library/dom/dist/wait-for.js:[2m163:27[22m[39m
[36m [2mΓ¥»[22m src/app/dashboard/page.test.tsx:[2m1007:13[22m[39m
    [90m1005|[39m       [34mrender[39m([33m<[39m[33mDashboardPage[39m [33m/[39m[33m>[39m)[33m;[39m
    [90m1006|[39m
    [90m1007|[39m       [35mawait[39m [34mwaitFor[39m(() [33m=>[39m {
    [90m   |[39m             [31m^[39m
    [90m1008|[39m         expect(screen.getByText(/submit attendance report/i)).toBeInThΓÇª
    [90m1009|[39m       })[33m;[39m

[31m[2mΓÄ»ΓÄ»ΓÄ»ΓÄ»ΓÄ»ΓÄ»ΓÄ»ΓÄ»ΓÄ»ΓÄ»ΓÄ»ΓÄ»ΓÄ»ΓÄ»ΓÄ»ΓÄ»ΓÄ»ΓÄ»ΓÄ»ΓÄ»ΓÄ»ΓÄ»[50/59]ΓÄ»[22m[39m

[41m[1m FAIL [22m[49m src/app/dashboard/page.test.tsx[2m > [22mDashboardPage[2m > [22mTask Navigation[2m > [22mshould navigate to task detail page when task card clicked
[31m[1mTestingLibraryElementError[22m: Unable to find an element with the text: /submit attendance report/i. This could be because the text is broken up by multiple elements. In this case, you can 
provide a function for your text matcher to make your matcher more flexible.

Ignored nodes: comments, script, style
[36m<body>[31m
  [36m<div />[31m
[36m</body>[31m

Ignored nodes: comments, script, style
[36m<html>[31m
  [36m<head />[31m
  [36m<body>[31m
    [36m<div />[31m
  [36m</body>[31m
[36m</html>[31m[39m
[90m [2mΓ¥»[22m Proxy.waitForWrapper node_modules/@testing-library/dom/dist/wait-for.js:[2m163:27[22m[39m
[36m [2mΓ¥»[22m src/app/dashboard/page.test.tsx:[2m1027:13[22m[39m
    [90m1025|[39m       [34mrender[39m([33m<[39m[33mDashboardPage[39m [33m/[39m[33m>[39m)[33m;[39m
    [90m1026|[39m
    [90m1027|[39m       [35mawait[39m [34mwaitFor[39m(() [33m=>[39m {
    [90m   |[39m             [31m^[39m
    [90m1028|[39m         expect(screen.getByText(/submit attendance report/i)).toBeInThΓÇª
    [90m1029|[39m       })[33m;[39m

[31m[2mΓÄ»ΓÄ»ΓÄ»ΓÄ»ΓÄ»ΓÄ»ΓÄ»ΓÄ»ΓÄ»ΓÄ»ΓÄ»ΓÄ»ΓÄ»ΓÄ»ΓÄ»ΓÄ»ΓÄ»ΓÄ»ΓÄ»ΓÄ»ΓÄ»ΓÄ»[51/59]ΓÄ»[22m[39m

[41m[1m FAIL [22m[49m src/app/dashboard/page.test.tsx[2m > [22mDashboardPage[2m > [22mTask Navigation[2m > [22mshould not navigate when clicking completion toggle
[31m[1mTestingLibraryElementError[22m: Unable to find an element with the text: /submit attendance report/i. This could be because the text is broken up by multiple elements. In this case, you can 
provide a function for your text matcher to make your matcher more flexible.

Ignored nodes: comments, script, style
[36m<body>[31m
  [36m<div />[31m
[36m</body>[31m

Ignored nodes: comments, script, style
[36m<html>[31m
  [36m<head />[31m
  [36m<body>[31m
    [36m<div />[31m
  [36m</body>[31m
[36m</html>[31m[39m
[90m [2mΓ¥»[22m Proxy.waitForWrapper node_modules/@testing-library/dom/dist/wait-for.js:[2m163:27[22m[39m
[36m [2mΓ¥»[22m src/app/dashboard/page.test.tsx:[2m1042:13[22m[39m
    [90m1040|[39m       [34mrender[39m([33m<[39m[33mDashboardPage[39m [33m/[39m[33m>[39m)[33m;[39m
    [90m1041|[39m
    [90m1042|[39m       [35mawait[39m [34mwaitFor[39m(() [33m=>[39m {
    [90m   |[39m             [31m^[39m
    [90m1043|[39m         expect(screen.getByText(/submit attendance report/i)).toBeInThΓÇª
    [90m1044|[39m       })[33m;[39m

[31m[2mΓÄ»ΓÄ»ΓÄ»ΓÄ»ΓÄ»ΓÄ»ΓÄ»ΓÄ»ΓÄ»ΓÄ»ΓÄ»ΓÄ»ΓÄ»ΓÄ»ΓÄ»ΓÄ»ΓÄ»ΓÄ»ΓÄ»ΓÄ»ΓÄ»ΓÄ»[52/59]ΓÄ»[22m[39m

[41m[1m FAIL [22m[49m src/app/dashboard/page.test.tsx[2m > [22mDashboardPage[2m > [22mView All Tasks Link[2m > [22mshould display View All button in My Tasks pane header
[31m[1mTestingLibraryElementError[22m: Unable to find role="heading" and name `/my tasks/i`

Ignored nodes: comments, script, style
[36m<body>[31m
  [36m<div />[31m
[36m</body>[31m

Ignored nodes: comments, script, style
[36m<html>[31m
  [36m<head />[31m
  [36m<body>[31m
    [36m<div />[31m
  [36m</body>[31m
[36m</html>[31m[39m
[90m [2mΓ¥»[22m Proxy.waitForWrapper node_modules/@testing-library/dom/dist/wait-for.js:[2m163:27[22m[39m
[36m [2mΓ¥»[22m src/app/dashboard/page.test.tsx:[2m1064:13[22m[39m
    [90m1062|[39m       [34mrender[39m([33m<[39m[33mDashboardPage[39m [33m/[39m[33m>[39m)[33m;[39m
    [90m1063|[39m
    [90m1064|[39m       [35mawait[39m [34mwaitFor[39m(() [33m=>[39m {
    [90m   |[39m             [31m^[39m
    [90m1065|[39m         expect(screen.getByRole('heading', { name: /my tasks/i })).toBΓÇª
    [90m1066|[39m       })[33m;[39m

[31m[2mΓÄ»ΓÄ»ΓÄ»ΓÄ»ΓÄ»ΓÄ»ΓÄ»ΓÄ»ΓÄ»ΓÄ»ΓÄ»ΓÄ»ΓÄ»ΓÄ»ΓÄ»ΓÄ»ΓÄ»ΓÄ»ΓÄ»ΓÄ»ΓÄ»ΓÄ»[53/59]ΓÄ»[22m[39m

[41m[1m FAIL [22m[49m src/app/dashboard/page.test.tsx[2m > [22mDashboardPage[2m > [22mView All Tasks Link[2m > [22mshould link View All to tasks page with correct filters
[31m[1mTestingLibraryElementError[22m: Unable to find role="heading" and name `/my tasks/i`

Ignored nodes: comments, script, style
[36m<body>[31m
  [36m<div />[31m
[36m</body>[31m

Ignored nodes: comments, script, style
[36m<html>[31m
  [36m<head />[31m
  [36m<body>[31m
    [36m<div />[31m
  [36m</body>[31m
[36m</html>[31m[39m
[90m [2mΓ¥»[22m Proxy.waitForWrapper node_modules/@testing-library/dom/dist/wait-for.js:[2m163:27[22m[39m
[36m [2mΓ¥»[22m src/app/dashboard/page.test.tsx:[2m1076:13[22m[39m
    [90m1074|[39m       [34mrender[39m([33m<[39m[33mDashboardPage[39m [33m/[39m[33m>[39m)[33m;[39m
    [90m1075|[39m
    [90m1076|[39m       [35mawait[39m [34mwaitFor[39m(() [33m=>[39m {
    [90m   |[39m             [31m^[39m
    [90m1077|[39m         expect(screen.getByRole('heading', { name: /my tasks/i })).toBΓÇª
    [90m1078|[39m       })[33m;[39m

[31m[2mΓÄ»ΓÄ»ΓÄ»ΓÄ»ΓÄ»ΓÄ»ΓÄ»ΓÄ»ΓÄ»ΓÄ»ΓÄ»ΓÄ»ΓÄ»ΓÄ»ΓÄ»ΓÄ»ΓÄ»ΓÄ»ΓÄ»ΓÄ»ΓÄ»ΓÄ»[54/59]ΓÄ»[22m[39m

[41m[1m FAIL [22m[49m src/app/dashboard/page.test.tsx[2m > [22mDashboardPage[2m > [22mDate Formatting[2m > [22mshould format dates consistently
[31m[1mTestingLibraryElementError[22m: Unable to find an element with the text: /2026/i. This could be because the text is broken up by multiple elements. In this case, you can provide a function 
for your text matcher to make your matcher more flexible.

Ignored nodes: comments, script, style
[36m<body>[31m
  [36m<div />[31m
[36m</body>[31m

Ignored nodes: comments, script, style
[36m<html>[31m
  [36m<head />[31m
  [36m<body>[31m
    [36m<div />[31m
  [36m</body>[31m
[36m</html>[31m[39m
[90m [2mΓ¥»[22m Proxy.waitForWrapper node_modules/@testing-library/dom/dist/wait-for.js:[2m163:27[22m[39m
[36m [2mΓ¥»[22m src/app/dashboard/page.test.tsx:[2m1121:13[22m[39m
    [90m1119|[39m       [34mrender[39m([33m<[39m[33mDashboardPage[39m [33m/[39m[33m>[39m)[33m;[39m
    [90m1120|[39m
    [90m1121|[39m       [35mawait[39m [34mwaitFor[39m(() [33m=>[39m {
    [90m   |[39m             [31m^[39m

[2m Test Files [22m [1m[31m1 failed[39m[22m[90m (1)[39m
[2m      Tests [22m [1m[31m59 failed[39m[22m[2m | [22m[1m[32m9 passed[39m[22m[90m (68)[39m
[2m   Start at [22m 08:14:17
[2m   Duration [22m 62.41s[2m (transform 456ms, setup 940ms, import 1.34s, tests 55.80s, environment 3.74s)[22m
    [90m1122|[39m         [90m// Should include weekday, month, day, and year[39m
    [90m1123|[39m         [35mconst[39m dateElements [33m=[39m screen[33m.[39m[34mgetAllByText[39m([36m/2026/i[39m)[33m;[39m

[31m[2mΓÄ»ΓÄ»ΓÄ»ΓÄ»ΓÄ»ΓÄ»ΓÄ»ΓÄ»ΓÄ»ΓÄ»ΓÄ»ΓÄ»ΓÄ»ΓÄ»ΓÄ»ΓÄ»ΓÄ»ΓÄ»ΓÄ»ΓÄ»ΓÄ»ΓÄ»[55/59]ΓÄ»[22m[39m

[41m[1m FAIL [22m[49m src/app/dashboard/page.test.tsx[2m > [22mDashboardPage[2m > [22mAccessibility[2m > [22mshould have proper heading hierarchy
[31m[1mTestingLibraryElementError[22m: Unable to find role="heading" and name `/dashboard/i`

Ignored nodes: comments, script, style
[36m<body>[31m
  [36m<div />[31m
[36m</body>[31m

Ignored nodes: comments, script, style
[36m<html>[31m
  [36m<head />[31m
  [36m<body>[31m
    [36m<div />[31m
  [36m</body>[31m
[36m</html>[31m[39m
[90m [2mΓ¥»[22m Proxy.waitForWrapper node_modules/@testing-library/dom/dist/wait-for.js:[2m163:27[22m[39m
[36m [2mΓ¥»[22m src/app/dashboard/page.test.tsx:[2m1133:13[22m[39m
    [90m1131|[39m       [34mrender[39m([33m<[39m[33mDashboardPage[39m [33m/[39m[33m>[39m)[33m;[39m
    [90m1132|[39m
    [90m1133|[39m       [35mawait[39m [34mwaitFor[39m(() [33m=>[39m {
    [90m   |[39m             [31m^[39m
    [90m1134|[39m         const h1 = screen.getByRole('heading', { name: /dashboard/i, lΓÇª
    [90m1135|[39m         [34mexpect[39m(h1)[33m.[39m[34mtoBeInTheDocument[39m()[33m;[39m

[31m[2mΓÄ»ΓÄ»ΓÄ»ΓÄ»ΓÄ»ΓÄ»ΓÄ»ΓÄ»ΓÄ»ΓÄ»ΓÄ»ΓÄ»ΓÄ»ΓÄ»ΓÄ»ΓÄ»ΓÄ»ΓÄ»ΓÄ»ΓÄ»ΓÄ»ΓÄ»[56/59]ΓÄ»[22m[39m

[41m[1m FAIL [22m[49m src/app/dashboard/page.test.tsx[2m > [22mDashboardPage[2m > [22mAccessibility[2m > [22mshould have accessible links
[31m[1mTestingLibraryElementError[22m: Unable to find role="link"

Ignored nodes: comments, script, style
[36m<body>[31m
  [36m<div />[31m
[36m</body>[31m

Ignored nodes: comments, script, style
[36m<html>[31m
  [36m<head />[31m
  [36m<body>[31m
    [36m<div />[31m
  [36m</body>[31m
[36m</html>[31m[39m
[90m [2mΓ¥»[22m Proxy.waitForWrapper node_modules/@testing-library/dom/dist/wait-for.js:[2m163:27[22m[39m
[36m [2mΓ¥»[22m src/app/dashboard/page.test.tsx:[2m1145:13[22m[39m
    [90m1143|[39m       [34mrender[39m([33m<[39m[33mDashboardPage[39m [33m/[39m[33m>[39m)[33m;[39m
    [90m1144|[39m
    [90m1145|[39m       [35mawait[39m [34mwaitFor[39m(() [33m=>[39m {
    [90m   |[39m             [31m^[39m
    [90m1146|[39m         [35mconst[39m links [33m=[39m screen[33m.[39m[34mgetAllByRole[39m([32m'link'[39m)[33m;[39m
    [90m1147|[39m         links[33m.[39m[34mforEach[39m(link [33m=>[39m {

[31m[2mΓÄ»ΓÄ»ΓÄ»ΓÄ»ΓÄ»ΓÄ»ΓÄ»ΓÄ»ΓÄ»ΓÄ»ΓÄ»ΓÄ»ΓÄ»ΓÄ»ΓÄ»ΓÄ»ΓÄ»ΓÄ»ΓÄ»ΓÄ»ΓÄ»ΓÄ»[57/59]ΓÄ»[22m[39m

[41m[1m FAIL [22m[49m src/app/dashboard/page.test.tsx[2m > [22mDashboardPage[2m > [22mAccessibility[2m > [22mshould have accessible buttons
[31m[1mTestingLibraryElementError[22m: Unable to find role="button"

Ignored nodes: comments, script, style
[36m<body>[31m
  [36m<div />[31m
[36m</body>[31m

Ignored nodes: comments, script, style
[36m<html>[31m
  [36m<head />[31m
  [36m<body>[31m
    [36m<div />[31m
  [36m</body>[31m
[36m</html>[31m[39m
[90m [2mΓ¥»[22m Proxy.waitForWrapper node_modules/@testing-library/dom/dist/wait-for.js:[2m163:27[22m[39m
[36m [2mΓ¥»[22m src/app/dashboard/page.test.tsx:[2m1156:13[22m[39m
    [90m1154|[39m       [34mrender[39m([33m<[39m[33mDashboardPage[39m [33m/[39m[33m>[39m)[33m;[39m
    [90m1155|[39m
    [90m1156|[39m       [35mawait[39m [34mwaitFor[39m(() [33m=>[39m {
    [90m   |[39m             [31m^[39m
    [90m1157|[39m         [35mconst[39m buttons [33m=[39m screen[33m.[39m[34mgetAllByRole[39m([32m'button'[39m)[33m;[39m
    [90m1158|[39m         buttons[33m.[39m[34mforEach[39m(button [33m=>[39m {

[31m[2mΓÄ»ΓÄ»ΓÄ»ΓÄ»ΓÄ»ΓÄ»ΓÄ»ΓÄ»ΓÄ»ΓÄ»ΓÄ»ΓÄ»ΓÄ»ΓÄ»ΓÄ»ΓÄ»ΓÄ»ΓÄ»ΓÄ»ΓÄ»ΓÄ»ΓÄ»[58/59]ΓÄ»[22m[39m

[41m[1m FAIL [22m[49m src/app/dashboard/page.test.tsx[2m > [22mDashboardPage[2m > [22mResponsive Behavior[2m > [22mshould render grid layout classes
[31m[1mAssertionError[22m: expected 0 to be greater than 0

Ignored nodes: comments, script, style
[36m<html>[31m
  [36m<head />[31m
  [36m<body>[31m
    [36m<div />[31m
  [36m</body>[31m
[36m</html>[31m[39m
[36m [2mΓ¥»[22m src/app/dashboard/page.test.tsx:[2m1171:30[22m[39m
    [90m1169|[39m       [35mawait[39m [34mwaitFor[39m(() [33m=>[39m {
    [90m1170|[39m         [35mconst[39m grids [33m=[39m container[33m.[39m[34mquerySelectorAll[39m([32m'[class*="grid"]'[39m)[33m;[39m
    [90m1171|[39m         [34mexpect[39m(grids[33m.[39mlength)[33m.[39m[34mtoBeGreaterThan[39m([34m0[39m)[33m;[39m
    [90m   |[39m                              [31m^[39m

    [90m1172|[39m       })[33m;[39m
    [90m1173|[39m     })[33m;[39m
[90m [2mΓ¥»[22m runWithExpensiveErrorDiagnosticsDisabled node_modules/@testing-library/dom/dist/config.js:[2m47:12[22m[39m
[90m [2mΓ¥»[22m checkCallback node_modules/@testing-library/dom/dist/wait-for.js:[2m124:77[22m[39m
[90m [2mΓ¥»[22m Timeout.checkRealTimersCallback node_modules/@testing-library/dom/dist/wait-for.js:[2m118:16[22m[39m

[31m[2mΓÄ»ΓÄ»ΓÄ»ΓÄ»ΓÄ»ΓÄ»ΓÄ»ΓÄ»ΓÄ»ΓÄ»ΓÄ»ΓÄ»ΓÄ»ΓÄ»ΓÄ»ΓÄ»ΓÄ»ΓÄ»ΓÄ»ΓÄ»ΓÄ»ΓÄ»[59/59]ΓÄ»[22m[39m


