
> backend@0.0.1 test
> jest activity-slot-step.service.spec.ts

  console.log
    prisma:error 
    Invalid `prisma.activitySlotStep.update()` invocation in
    C:\Users\tmccabe\OneDrive\Documents\Cub Scouts\volunteer-webapp\backend\src\services\activity-slot-step.service.ts:156:33
    
      153 // Update orderIndex for all steps in a transaction
      154 await prisma.$transaction(
      155   stepIds.map((stepId, index) =>
    ΓåÆ 156     prisma.activitySlotStep.update(
    Unique constraint failed on the fields: (`activitySlotId`, `orderIndex`)

      at Object.Ou (../node_modules/@prisma/internals/src/logger.ts:13:11)

node.exe : FAIL src/services/activity-slot-step.service.spec.ts (11.799 s)
At line:1 char:1
+ & "C:\Program Files\nodejs/node.exe" "C:\Users\tmccabe\AppData\Roamin ...
+ ~~~~~~~~~~~~~~~~~~~~~~~~~~~~~~~~~~~~~~~~~~~~~~~~~~~~~~~~~~~~~~~~~~~~~
    + CategoryInfo          : NotSpecified: (FAIL src/servic...c.ts (11.799 s) 
   :String) [], RemoteException
    + FullyQualifiedErrorId : NativeCommandError
 
  ActivitySlotStepService
    addStep
      ΓêÜ should add a step with orderIndex 0 to empty activity slot (505 ms)
      ΓêÜ should add subsequent steps with incremented orderIndex (475 ms)
      ΓêÜ should throw NotFoundException for non-existent activity slot (432 
ms)
      ΓêÜ should enforce max 20 steps per activity slot (662 ms)
      ΓêÜ should handle step text with leading/trailing spaces (440 ms)
    removeStep
      ΓêÜ should remove a step successfully (447 ms)
      ΓêÜ should renumber remaining steps after removal (451 ms)
      ΓêÜ should throw NotFoundException for non-existent step (443 ms)
      ΓêÜ should handle removing first step (540 ms)
      ΓêÜ should handle removing last step (no renumbering needed) (497 ms)
    reorderSteps
      ├ù should reorder steps correctly (733 ms)
      ΓêÜ should throw NotFoundException for non-existent activity slot (418 
ms)
      ΓêÜ should throw BadRequestException if step IDs do not belong to 
activity slot (433 ms)
      ΓêÜ should throw BadRequestException if step count does not match (451 
ms)
      ΓêÜ should handle single step reordering (no-op) (431 ms)
    getStepsBySlot
      ΓêÜ should return empty array for activity slot with no steps (390 ms)
      ΓêÜ should return steps in order by orderIndex (464 ms)
      ΓêÜ should not return steps from other activity slots (468 ms)
    updateStep
      ΓêÜ should update step text successfully (430 ms)
      ΓêÜ should throw NotFoundException for non-existent step (389 ms)
      ΓêÜ should not change orderIndex when updating step text (478 ms)

  ΓùÅ ActivitySlotStepService ΓÇ║ reorderSteps ΓÇ║ should reorder steps 
correctly

    PrismaClientKnownRequestError: 
    Invalid `prisma.activitySlotStep.update()` invocation in
    C:\Users\tmccabe\OneDrive\Documents\Cub Scouts\volunteer-webapp\backend\src
\services\activity-slot-step.service.ts:156:33

      153 // Update orderIndex for all steps in a transaction
      154 await prisma.$transaction(
      155   stepIds.map((stepId, index) =>
    ΓåÆ 156     prisma.activitySlotStep.update(
    Unique constraint failed on the fields: (`activitySlotId`, `orderIndex`)

      at Gr.handleRequestError 
(../node_modules/@prisma/client/src/runtime/RequestHandler.ts:237:13)
      at Gr.handleAndLogRequestError 
(../node_modules/@prisma/client/src/runtime/RequestHandler.ts:183:12)
      at Gr.request 
(../node_modules/@prisma/client/src/runtime/RequestHandler.ts:152:12)
      at a 
(../node_modules/@prisma/client/src/runtime/getPrismaClient.ts:938:24)

Test Suites: 1 failed, 1 total
Tests:       1 failed, 20 passed, 21 total
Snapshots:   0 total
Time:        12.311 s, estimated 15 s
Ran all test suites matching activity-slot-step.service.spec.ts.
